Archive member included to satisfy reference by file (symbol)

C:/ST/STM32CubeIDE_1.13.1/STM32CubeIDE/plugins/com.st.stm32cube.ide.mcu.externaltools.gnu-tools-for-stm32.12.3.rel1.win32_1.0.100.202403111256/tools/bin/../lib/gcc/arm-none-eabi/12.3.1/../../../../arm-none-eabi/lib/thumb/v7e-m+fp/hard\libc_nano.a(libc_a-assert.o)
                              ./Core/Src/cayenne_lpp.o (__assert_func)
C:/ST/STM32CubeIDE_1.13.1/STM32CubeIDE/plugins/com.st.stm32cube.ide.mcu.externaltools.gnu-tools-for-stm32.12.3.rel1.win32_1.0.100.202403111256/tools/bin/../lib/gcc/arm-none-eabi/12.3.1/../../../../arm-none-eabi/lib/thumb/v7e-m+fp/hard\libc_nano.a(libc_a-exit.o)
                              C:/ST/STM32CubeIDE_1.13.1/STM32CubeIDE/plugins/com.st.stm32cube.ide.mcu.externaltools.gnu-tools-for-stm32.12.3.rel1.win32_1.0.100.202403111256/tools/bin/../lib/gcc/arm-none-eabi/12.3.1/../../../../arm-none-eabi/lib/thumb/v7e-m+fp/hard/crt0.o (exit)
C:/ST/STM32CubeIDE_1.13.1/STM32CubeIDE/plugins/com.st.stm32cube.ide.mcu.externaltools.gnu-tools-for-stm32.12.3.rel1.win32_1.0.100.202403111256/tools/bin/../lib/gcc/arm-none-eabi/12.3.1/../../../../arm-none-eabi/lib/thumb/v7e-m+fp/hard\libc_nano.a(libc_a-efgcvt.o)
                              ./Core/Src/debug.o (gcvt)
C:/ST/STM32CubeIDE_1.13.1/STM32CubeIDE/plugins/com.st.stm32cube.ide.mcu.externaltools.gnu-tools-for-stm32.12.3.rel1.win32_1.0.100.202403111256/tools/bin/../lib/gcc/arm-none-eabi/12.3.1/../../../../arm-none-eabi/lib/thumb/v7e-m+fp/hard\libc_nano.a(libc_a-findfp.o)
                              C:/ST/STM32CubeIDE_1.13.1/STM32CubeIDE/plugins/com.st.stm32cube.ide.mcu.externaltools.gnu-tools-for-stm32.12.3.rel1.win32_1.0.100.202403111256/tools/bin/../lib/gcc/arm-none-eabi/12.3.1/../../../../arm-none-eabi/lib/thumb/v7e-m+fp/hard\libc_nano.a(libc_a-exit.o) (__stdio_exit_handler)
C:/ST/STM32CubeIDE_1.13.1/STM32CubeIDE/plugins/com.st.stm32cube.ide.mcu.externaltools.gnu-tools-for-stm32.12.3.rel1.win32_1.0.100.202403111256/tools/bin/../lib/gcc/arm-none-eabi/12.3.1/../../../../arm-none-eabi/lib/thumb/v7e-m+fp/hard\libc_nano.a(libc_a-fprintf.o)
                              C:/ST/STM32CubeIDE_1.13.1/STM32CubeIDE/plugins/com.st.stm32cube.ide.mcu.externaltools.gnu-tools-for-stm32.12.3.rel1.win32_1.0.100.202403111256/tools/bin/../lib/gcc/arm-none-eabi/12.3.1/../../../../arm-none-eabi/lib/thumb/v7e-m+fp/hard\libc_nano.a(libc_a-assert.o) (fiprintf)
C:/ST/STM32CubeIDE_1.13.1/STM32CubeIDE/plugins/com.st.stm32cube.ide.mcu.externaltools.gnu-tools-for-stm32.12.3.rel1.win32_1.0.100.202403111256/tools/bin/../lib/gcc/arm-none-eabi/12.3.1/../../../../arm-none-eabi/lib/thumb/v7e-m+fp/hard\libc_nano.a(libc_a-fwalk.o)
                              C:/ST/STM32CubeIDE_1.13.1/STM32CubeIDE/plugins/com.st.stm32cube.ide.mcu.externaltools.gnu-tools-for-stm32.12.3.rel1.win32_1.0.100.202403111256/tools/bin/../lib/gcc/arm-none-eabi/12.3.1/../../../../arm-none-eabi/lib/thumb/v7e-m+fp/hard\libc_nano.a(libc_a-findfp.o) (_fwalk_sglue)
C:/ST/STM32CubeIDE_1.13.1/STM32CubeIDE/plugins/com.st.stm32cube.ide.mcu.externaltools.gnu-tools-for-stm32.12.3.rel1.win32_1.0.100.202403111256/tools/bin/../lib/gcc/arm-none-eabi/12.3.1/../../../../arm-none-eabi/lib/thumb/v7e-m+fp/hard\libc_nano.a(libc_a-stdio.o)
                              C:/ST/STM32CubeIDE_1.13.1/STM32CubeIDE/plugins/com.st.stm32cube.ide.mcu.externaltools.gnu-tools-for-stm32.12.3.rel1.win32_1.0.100.202403111256/tools/bin/../lib/gcc/arm-none-eabi/12.3.1/../../../../arm-none-eabi/lib/thumb/v7e-m+fp/hard\libc_nano.a(libc_a-findfp.o) (__sread)
C:/ST/STM32CubeIDE_1.13.1/STM32CubeIDE/plugins/com.st.stm32cube.ide.mcu.externaltools.gnu-tools-for-stm32.12.3.rel1.win32_1.0.100.202403111256/tools/bin/../lib/gcc/arm-none-eabi/12.3.1/../../../../arm-none-eabi/lib/thumb/v7e-m+fp/hard\libc_nano.a(libc_a-memset.o)
                              C:/ST/STM32CubeIDE_1.13.1/STM32CubeIDE/plugins/com.st.stm32cube.ide.mcu.externaltools.gnu-tools-for-stm32.12.3.rel1.win32_1.0.100.202403111256/tools/bin/../lib/gcc/arm-none-eabi/12.3.1/../../../../arm-none-eabi/lib/thumb/v7e-m+fp/hard/crt0.o (memset)
C:/ST/STM32CubeIDE_1.13.1/STM32CubeIDE/plugins/com.st.stm32cube.ide.mcu.externaltools.gnu-tools-for-stm32.12.3.rel1.win32_1.0.100.202403111256/tools/bin/../lib/gcc/arm-none-eabi/12.3.1/../../../../arm-none-eabi/lib/thumb/v7e-m+fp/hard\libc_nano.a(libc_a-closer.o)
                              C:/ST/STM32CubeIDE_1.13.1/STM32CubeIDE/plugins/com.st.stm32cube.ide.mcu.externaltools.gnu-tools-for-stm32.12.3.rel1.win32_1.0.100.202403111256/tools/bin/../lib/gcc/arm-none-eabi/12.3.1/../../../../arm-none-eabi/lib/thumb/v7e-m+fp/hard\libc_nano.a(libc_a-stdio.o) (_close_r)
C:/ST/STM32CubeIDE_1.13.1/STM32CubeIDE/plugins/com.st.stm32cube.ide.mcu.externaltools.gnu-tools-for-stm32.12.3.rel1.win32_1.0.100.202403111256/tools/bin/../lib/gcc/arm-none-eabi/12.3.1/../../../../arm-none-eabi/lib/thumb/v7e-m+fp/hard\libc_nano.a(libc_a-reent.o)
[...]
Memory Configuration

Name             Origin             Length             Attributes
RAM              0x20000000         0x00010000         xrw
RAM2             0x10000000         0x00004000         xrw
FLASH            0x08000000         0x00040000         xr
*default*        0x00000000         0xffffffff

Linker script and memory map

LOAD C:/ST/STM32CubeIDE_1.13.1/STM32CubeIDE/plugins/com.st.stm32cube.ide.mcu.externaltools.gnu-tools-for-stm32.12.3.rel1.win32_1.0.100.202403111256/tools/bin/../lib/gcc/arm-none-eabi/12.3.1/thumb/v7e-m+fp/hard/crti.o
LOAD C:/ST/STM32CubeIDE_1.13.1/STM32CubeIDE/plugins/com.st.stm32cube.ide.mcu.externaltools.gnu-tools-for-stm32.12.3.rel1.win32_1.0.100.202403111256/tools/bin/../lib/gcc/arm-none-eabi/12.3.1/thumb/v7e-m+fp/hard/crtbegin.o
LOAD C:/ST/STM32CubeIDE_1.13.1/STM32CubeIDE/plugins/com.st.stm32cube.ide.mcu.externaltools.gnu-tools-for-stm32.12.3.rel1.win32_1.0.100.202403111256/tools/bin/../lib/gcc/arm-none-eabi/12.3.1/../../../../arm-none-eabi/lib/thumb/v7e-m+fp/hard/crt0.o
LOAD ./Core/Src/aes.o
LOAD ./Core/Src/cayenne_lpp.o
LOAD ./Core/Src/debug.o
LOAD ./Core/Src/gpio.o
LOAD ./Core/Src/hal.o
LOAD ./Core/Src/i2c.o
LOAD ./Core/Src/lmic.o
LOAD ./Core/Src/main.o
LOAD ./Core/Src/oslmic.o
LOAD ./Core/Src/radio.o
LOAD ./Core/Src/spi.o
LOAD ./Core/Src/stm32l4xx_hal_msp.o
LOAD ./Core/Src/stm32l4xx_it.o
LOAD ./Core/Src/syscalls.o
LOAD ./Core/Src/sysmem.o
LOAD ./Core/Src/system_stm32l4xx.o
LOAD ./Core/Src/tim.o
LOAD ./Core/Src/usart.o
LOAD ./Core/Src/bme680/bme68x.o
LOAD ./Core/Src/bme680/bme68x_necessary_functions.o
LOAD ./Core/Startup/startup_stm32l432kcux.o
LOAD ./Drivers/STM32L4xx_HAL_Driver/Src/stm32l4xx_hal.o
LOAD ./Drivers/STM32L4xx_HAL_Driver/Src/stm32l4xx_hal_cortex.o
LOAD ./Drivers/STM32L4xx_HAL_Driver/Src/stm32l4xx_hal_dma.o
LOAD ./Drivers/STM32L4xx_HAL_Driver/Src/stm32l4xx_hal_dma_ex.o
LOAD ./Drivers/STM32L4xx_HAL_Driver/Src/stm32l4xx_hal_exti.o
LOAD ./Drivers/STM32L4xx_HAL_Driver/Src/stm32l4xx_hal_flash.o
LOAD ./Drivers/STM32L4xx_HAL_Driver/Src/stm32l4xx_hal_flash_ex.o
LOAD ./Drivers/STM32L4xx_HAL_Driver/Src/stm32l4xx_hal_flash_ramfunc.o
LOAD ./Drivers/STM32L4xx_HAL_Driver/Src/stm32l4xx_hal_gpio.o
LOAD ./Drivers/STM32L4xx_HAL_Driver/Src/stm32l4xx_hal_i2c.o
LOAD ./Drivers/STM32L4xx_HAL_Driver/Src/stm32l4xx_hal_i2c_ex.o
LOAD ./Drivers/STM32L4xx_HAL_Driver/Src/stm32l4xx_hal_pwr.o
LOAD ./Drivers/STM32L4xx_HAL_Driver/Src/stm32l4xx_hal_pwr_ex.o
LOAD ./Drivers/STM32L4xx_HAL_Driver/Src/stm32l4xx_hal_rcc.o
LOAD ./Drivers/STM32L4xx_HAL_Driver/Src/stm32l4xx_hal_rcc_ex.o
LOAD ./Drivers/STM32L4xx_HAL_Driver/Src/stm32l4xx_hal_spi.o
LOAD ./Drivers/STM32L4xx_HAL_Driver/Src/stm32l4xx_hal_spi_ex.o
LOAD ./Drivers/STM32L4xx_HAL_Driver/Src/stm32l4xx_hal_tim.o
LOAD ./Drivers/STM32L4xx_HAL_Driver/Src/stm32l4xx_hal_tim_ex.o
LOAD ./Drivers/STM32L4xx_HAL_Driver/Src/stm32l4xx_hal_uart.o
LOAD ./Drivers/STM32L4xx_HAL_Driver/Src/stm32l4xx_hal_uart_ex.o
START GROUP
LOAD C:/ST/STM32CubeIDE_1.13.1/STM32CubeIDE/plugins/com.st.stm32cube.ide.mcu.externaltools.gnu-tools-for-stm32.12.3.rel1.win32_1.0.100.202403111256/tools/bin/../lib/gcc/arm-none-eabi/12.3.1/../../../../arm-none-eabi/lib/thumb/v7e-m+fp/hard\libc_nano.a
LOAD C:/ST/STM32CubeIDE_1.13.1/STM32CubeIDE/plugins/com.st.stm32cube.ide.mcu.externaltools.gnu-tools-for-stm32.12.3.rel1.win32_1.0.100.202403111256/tools/bin/../lib/gcc/arm-none-eabi/12.3.1/../../../../arm-none-eabi/lib/thumb/v7e-m+fp/hard\libm.a
END GROUP
START GROUP
LOAD C:/ST/STM32CubeIDE_1.13.1/STM32CubeIDE/plugins/com.st.stm32cube.ide.mcu.externaltools.gnu-tools-for-stm32.12.3.rel1.win32_1.0.100.202403111256/tools/bin/../lib/gcc/arm-none-eabi/12.3.1/thumb/v7e-m+fp/hard\libgcc.a
LOAD C:/ST/STM32CubeIDE_1.13.1/STM32CubeIDE/plugins/com.st.stm32cube.ide.mcu.externaltools.gnu-tools-for-stm32.12.3.rel1.win32_1.0.100.202403111256/tools/bin/../lib/gcc/arm-none-eabi/12.3.1/../../../../arm-none-eabi/lib/thumb/v7e-m+fp/hard\libc_nano.a
END GROUP
START GROUP
LOAD C:/ST/STM32CubeIDE_1.13.1/STM32CubeIDE/plugins/com.st.stm32cube.ide.mcu.externaltools.gnu-tools-for-stm32.12.3.rel1.win32_1.0.100.202403111256/tools/bin/../lib/gcc/arm-none-eabi/12.3.1/thumb/v7e-m+fp/hard\libgcc.a
LOAD C:/ST/STM32CubeIDE_1.13.1/STM32CubeIDE/plugins/com.st.stm32cube.ide.mcu.externaltools.gnu-tools-for-stm32.12.3.rel1.win32_1.0.100.202403111256/tools/bin/../lib/gcc/arm-none-eabi/12.3.1/../../../../arm-none-eabi/lib/thumb/v7e-m+fp/hard\libc_nano.a
LOAD C:/ST/STM32CubeIDE_1.13.1/STM32CubeIDE/plugins/com.st.stm32cube.ide.mcu.externaltools.gnu-tools-for-stm32.12.3.rel1.win32_1.0.100.202403111256/tools/bin/../lib/gcc/arm-none-eabi/12.3.1/../../../../arm-none-eabi/lib/thumb/v7e-m+fp/hard\libnosys.a
END GROUP
START GROUP
LOAD C:/ST/STM32CubeIDE_1.13.1/STM32CubeIDE/plugins/com.st.stm32cube.ide.mcu.externaltools.gnu-tools-for-stm32.12.3.rel1.win32_1.0.100.202403111256/tools/bin/../lib/gcc/arm-none-eabi/12.3.1/thumb/v7e-m+fp/hard\libgcc.a
LOAD C:/ST/STM32CubeIDE_1.13.1/STM32CubeIDE/plugins/com.st.stm32cube.ide.mcu.externaltools.gnu-tools-for-stm32.12.3.rel1.win32_1.0.100.202403111256/tools/bin/../lib/gcc/arm-none-eabi/12.3.1/../../../../arm-none-eabi/lib/thumb/v7e-m+fp/hard\libc_nano.a
LOAD C:/ST/STM32CubeIDE_1.13.1/STM32CubeIDE/plugins/com.st.stm32cube.ide.mcu.externaltools.gnu-tools-for-stm32.12.3.rel1.win32_1.0.100.202403111256/tools/bin/../lib/gcc/arm-none-eabi/12.3.1/../../../../arm-none-eabi/lib/thumb/v7e-m+fp/hard\libnosys.a
END GROUP
LOAD C:/ST/STM32CubeIDE_1.13.1/STM32CubeIDE/plugins/com.st.stm32cube.ide.mcu.externaltools.gnu-tools-for-stm32.12.3.rel1.win32_1.0.100.202403111256/tools/bin/../lib/gcc/arm-none-eabi/12.3.1/thumb/v7e-m+fp/hard/crtend.o
LOAD C:/ST/STM32CubeIDE_1.13.1/STM32CubeIDE/plugins/com.st.stm32cube.ide.mcu.externaltools.gnu-tools-for-stm32.12.3.rel1.win32_1.0.100.202403111256/tools/bin/../lib/gcc/arm-none-eabi/12.3.1/thumb/v7e-m+fp/hard/crtn.o
                0x20010000                        _estack = (ORIGIN (RAM) + LENGTH (RAM))
                0x00000200                        _Min_Heap_Size = 0x200
                0x00000400                        _Min_Stack_Size = 0x400

.isr_vector     0x08000000      0x18c
                0x08000000                        . = ALIGN (0x4)
 *(.isr_vector)
 .isr_vector    0x08000000      0x18c ./Core/Startup/startup_stm32l432kcux.o
                0x08000000                g_pfnVectors
                0x0800018c                        . = ALIGN (0x4)

.text           0x08000190     0xf928
                0x08000190                        . = ALIGN (0x4)
 *(.text)
 .text          0x08000190       0x40 C:/ST/STM32CubeIDE_1.13.1/STM32CubeIDE/plugins/com.st.stm32cube.ide.mcu.externaltools.gnu-tools-for-stm32.12.3.rel1.win32_1.0.100.202403111256/tools/bin/../lib/gcc/arm-none-eabi/12.3.1/thumb/v7e-m+fp/hard/crtbegin.o
 .text          0x080001d0       0xa0 C:/ST/STM32CubeIDE_1.13.1/STM32CubeIDE/plugins/com.st.stm32cube.ide.mcu.externaltools.gnu-tools-for-stm32.12.3.rel1.win32_1.0.100.202403111256/tools/bin/../lib/gcc/arm-none-eabi/12.3.1/../../../../arm-none-eabi/lib/thumb/v7e-m+fp/hard\libc_nano.a(libc_a-memchr.o)
                0x080001d0                memchr
 .text          0x08000270      0x378 C:/ST/STM32CubeIDE_1.13.1/STM32CubeIDE/plugins/com.st.stm32cube.ide.mcu.externaltools.gnu-tools-for-stm32.12.3.rel1.win32_1.0.100.202403111256/tools/bin/../lib/gcc/arm-none-eabi/12.3.1/thumb/v7e-m+fp/hard\libgcc.a(_arm_addsubdf3.o)
                0x08000270                __aeabi_drsub
                0x08000278                __aeabi_dsub
                0x08000278                __subdf3
                0x0800027c                __aeabi_dadd
                0x0800027c                __adddf3
                0x080004f4                __floatunsidf
                0x080004f4                __aeabi_ui2d
                0x08000514                __floatsidf
                0x08000514                __aeabi_i2d
                0x08000538                __aeabi_f2d
                0x08000538                __extendsfdf2
                0x0800057c                __floatundidf
                0x0800057c                __aeabi_ul2d
                0x0800058c                __floatdidf
                0x0800058c                __aeabi_l2d
 .text          0x080005e8      0x424 C:/ST/STM32CubeIDE_1.13.1/STM32CubeIDE/plugins/com.st.stm32cube.ide.mcu.externaltools.gnu-tools-for-stm32.12.3.rel1.win32_1.0.100.202403111256/tools/bin/../lib/gcc/arm-none-eabi/12.3.1/thumb/v7e-m+fp/hard\libgcc.a(_arm_muldivdf3.o)
                0x080005e8                __aeabi_dmul
                0x080005e8                __muldf3
                0x0800083c                __divdf3
                0x0800083c                __aeabi_ddiv
 .text          0x08000a0c      0x110 C:/ST/STM32CubeIDE_1.13.1/STM32CubeIDE/plugins/com.st.stm32cube.ide.mcu.externaltools.gnu-tools-for-stm32.12.3.rel1.win32_1.0.100.202403111256/tools/bin/../lib/gcc/arm-none-eabi/12.3.1/thumb/v7e-m+fp/hard\libgcc.a(_arm_cmpdf2.o)
                0x08000a0c                __gtdf2
                0x08000a0c                __gedf2
                0x08000a14                __ltdf2
                0x08000a14                __ledf2
                0x08000a1c                __nedf2
                0x08000a1c                __eqdf2
                0x08000a1c                __cmpdf2
                0x08000a98                __aeabi_cdrcmple
                0x08000aa8                __aeabi_cdcmpeq
                0x08000aa8                __aeabi_cdcmple
                0x08000ab8                __aeabi_dcmpeq
                0x08000acc                __aeabi_dcmplt
                0x08000ae0                __aeabi_dcmple
                0x08000af4                __aeabi_dcmpge
                0x08000b08                __aeabi_dcmpgt
 .text          0x08000b1c       0x50 C:/ST/STM32CubeIDE_1.13.1/STM32CubeIDE/plugins/com.st.stm32cube.ide.mcu.externaltools.gnu-tools-for-stm32.12.3.rel1.win32_1.0.100.202403111256/tools/bin/../lib/gcc/arm-none-eabi/12.3.1/thumb/v7e-m+fp/hard\libgcc.a(_arm_fixdfsi.o)
                0x08000b1c                __aeabi_d2iz
                0x08000b1c                __fixdfsi
 .text          0x08000b6c       0xa0 C:/ST/STM32CubeIDE_1.13.1/STM32CubeIDE/plugins/com.st.stm32cube.ide.mcu.externaltools.gnu-tools-for-stm32.12.3.rel1.win32_1.0.100.202403111256/tools/bin/../lib/gcc/arm-none-eabi/12.3.1/thumb/v7e-m+fp/hard\libgcc.a(_arm_truncdfsf2.o)
                0x08000b6c                __truncdfsf2
                0x08000b6c                __aeabi_d2f
 .text          0x08000c0c       0xa0 C:/ST/STM32CubeIDE_1.13.1/STM32CubeIDE/plugins/com.st.stm32cube.ide.mcu.externaltools.gnu-tools-for-stm32.12.3.rel1.win32_1.0.100.202403111256/tools/bin/../lib/gcc/arm-none-eabi/12.3.1/thumb/v7e-m+fp/hard\libgcc.a(_aeabi_ldivmod.o)
                0x08000c0c                __aeabi_ldivmod
 .text          0x08000cac       0x30 C:/ST/STM32CubeIDE_1.13.1/STM32CubeIDE/plugins/com.st.stm32cube.ide.mcu.externaltools.gnu-tools-for-stm32.12.3.rel1.win32_1.0.100.202403111256/tools/bin/../lib/gcc/arm-none-eabi/12.3.1/thumb/v7e-m+fp/hard\libgcc.a(_aeabi_uldivmod.o)
                0x08000cac                __aeabi_uldivmod
 .text          0x08000cdc      0x2bc C:/ST/STM32CubeIDE_1.13.1/STM32CubeIDE/plugins/com.st.stm32cube.ide.mcu.externaltools.gnu-tools-for-stm32.12.3.rel1.win32_1.0.100.202403111256/tools/bin/../lib/gcc/arm-none-eabi/12.3.1/thumb/v7e-m+fp/hard\libgcc.a(_udivmoddi4.o)
                0x08000cdc                __udivmoddi4
 .text          0x08000f98        0x4 C:/ST/STM32CubeIDE_1.13.1/STM32CubeIDE/plugins/com.st.stm32cube.ide.mcu.externaltools.gnu-tools-for-stm32.12.3.rel1.win32_1.0.100.202403111256/tools/bin/../lib/gcc/arm-none-eabi/12.3.1/thumb/v7e-m+fp/hard\libgcc.a(_dvmd_tls.o)
                0x08000f98                __aeabi_idiv0
                0x08000f98                __aeabi_ldiv0
 *(.text*)
 .text.aesroundkeys
                0x08000f9c       0xf8 ./Core/Src/aes.o
 .text.os_aes   0x08001094      0x988 ./Core/Src/aes.o
                0x08001094                os_aes
 .text.cayenne_lpp_reset
                0x08001a1c       0x24 ./Core/Src/cayenne_lpp.o
                0x08001a1c                cayenne_lpp_reset
 .text.cayenne_lpp_add_temperature
                0x08001a40       0xbc ./Core/Src/cayenne_lpp.o
                0x08001a40                cayenne_lpp_add_temperature
 .text.cayenne_lpp_add_barometric_pressure
                0x08001afc       0xbc ./Core/Src/cayenne_lpp.o
                0x08001afc                cayenne_lpp_add_barometric_pressure
 .text.debug_init
                0x08001bb8       0x14 ./Core/Src/debug.o
                0x08001bb8                debug_init
 .text.debug_led
                0x08001bcc       0x14 ./Core/Src/debug.o
                0x08001bcc                debug_led
 .text.debug_char
                0x08001be0       0x30 ./Core/Src/debug.o
                0x08001be0                debug_char
 .text.debug_hex
                0x08001c10       0x38 ./Core/Src/debug.o
                0x08001c10                debug_hex
 .text.debug_uint
                0x08001c48       0x3a ./Core/Src/debug.o
                0x08001c48                debug_uint
 .text.debug_int
                0x08001c82       0x4a ./Core/Src/debug.o
                0x08001c82                debug_int
 .text.debug_str
                0x08001ccc       0x2a ./Core/Src/debug.o
                0x08001ccc                debug_str
 .text.debug_float2str
                0x08001cf6       0x46 ./Core/Src/debug.o
                0x08001cf6                debug_float2str
 .text.debug_valfloat
                0x08001d3c       0x32 ./Core/Src/debug.o
                0x08001d3c                debug_valfloat
 .text.debug_val
                0x08001d6e       0x2a ./Core/Src/debug.o
                0x08001d6e                debug_val
 .text.debug_valdec
                0x08001d98       0x2a ./Core/Src/debug.o
                0x08001d98                debug_valdec
 .text.debug_fmt
                0x08001dc2       0xf0 ./Core/Src/debug.o
                0x08001dc2                debug_fmt
 *fill*         0x08001eb2        0x2 
 .text.debug_event
                0x08001eb4       0x3c ./Core/Src/debug.o
                0x08001eb4                debug_event
 .text.MX_GPIO_Init
                0x08001ef0       0xc8 ./Core/Src/gpio.o
                0x08001ef0                MX_GPIO_Init
 .text.hal_io_init
                0x08001fb8        0xe ./Core/Src/hal.o
 .text.hal_pin_rxtx
                0x08001fc6       0x16 ./Core/Src/hal.o
                0x08001fc6                hal_pin_rxtx
 .text.hal_pin_nss
                0x08001fdc       0x22 ./Core/Src/hal.o
                0x08001fdc                hal_pin_nss
 .text.hal_pin_rst
                0x08001ffe       0x6a ./Core/Src/hal.o
                0x08001ffe                hal_pin_rst
 .text.HAL_GPIO_EXTI_Callback
                0x08002068       0x2a ./Core/Src/hal.o
                0x08002068                HAL_GPIO_EXTI_Callback
 .text.hal_spi_init
                0x08002092        0xe ./Core/Src/hal.o
                0x08002092                hal_spi_init
 .text.hal_spi  0x080020a0       0x3c ./Core/Src/hal.o
                0x080020a0                hal_spi
 .text.hal_time_init
                0x080020dc        0xe ./Core/Src/hal.o
 *fill*         0x080020ea        0x2 
 .text.hal_ticks
                0x080020ec       0x60 ./Core/Src/hal.o
                0x080020ec                hal_ticks
 .text.deltaticks
                0x0800214c       0x3a ./Core/Src/hal.o
 .text.hal_waitUntil
                0x08002186       0x20 ./Core/Src/hal.o
                0x08002186                hal_waitUntil
 *fill*         0x080021a6        0x2 
 .text.hal_checkTimer
                0x080021a8       0x7c ./Core/Src/hal.o
                0x080021a8                hal_checkTimer
 .text.HAL_TIM_PeriodElapsedCallback
                0x08002224       0x34 ./Core/Src/hal.o
                0x08002224                HAL_TIM_PeriodElapsedCallback
 .text.hal_disableIRQs
                0x08002258       0x20 ./Core/Src/hal.o
                0x08002258                hal_disableIRQs
 .text.hal_enableIRQs
                0x08002278       0x28 ./Core/Src/hal.o
                0x08002278                hal_enableIRQs
 .text.hal_sleep
                0x080022a0       0x10 ./Core/Src/hal.o
                0x080022a0                hal_sleep
 .text.hal_init
                0x080022b0       0x2c ./Core/Src/hal.o
                0x080022b0                hal_init
 .text.hal_failed
                0x080022dc       0x10 ./Core/Src/hal.o
                0x080022dc                hal_failed
 .text.MX_I2C1_Init
                0x080022ec       0x80 ./Core/Src/i2c.o
                0x080022ec                MX_I2C1_Init
 .text.HAL_I2C_MspInit
                0x0800236c       0xb0 ./Core/Src/i2c.o
                0x0800236c                HAL_I2C_MspInit
 .text.getSf    0x0800241c       0x20 ./Core/Src/lmic.o
                0x0800241c                getSf
 .text.getBw    0x0800243c       0x24 ./Core/Src/lmic.o
                0x0800243c                getBw
 .text.getCr    0x08002460       0x24 ./Core/Src/lmic.o
                0x08002460                getCr
 .text.setCr    0x08002484       0x32 ./Core/Src/lmic.o
                0x08002484                setCr
 .text.getNocrc
                0x080024b6       0x20 ./Core/Src/lmic.o
                0x080024b6                getNocrc
 .text.setNocrc
                0x080024d6       0x2e ./Core/Src/lmic.o
                0x080024d6                setNocrc
 .text.getIh    0x08002504       0x1e ./Core/Src/lmic.o
                0x08002504                getIh
 .text.setIh    0x08002522       0x2c ./Core/Src/lmic.o
                0x08002522                setIh
 *fill*         0x0800254e        0x2 
 .text.updr2rps
                0x08002550       0x24 ./Core/Src/lmic.o
                0x08002550                updr2rps
 .text.dndr2rps
                0x08002574       0x26 ./Core/Src/lmic.o
                0x08002574                dndr2rps
 *fill*         0x0800259a        0x2 
 .text.decDR    0x0800259c       0x30 ./Core/Src/lmic.o
                0x0800259c                decDR
 .text.validDR  0x080025cc       0x2c ./Core/Src/lmic.o
                0x080025cc                validDR
 .text.lowerDR  0x080025f8       0x32 ./Core/Src/lmic.o
                0x080025f8                lowerDR
 .text.os_rlsbf2
                0x0800262a       0x2a ./Core/Src/lmic.o
                0x0800262a                os_rlsbf2
 .text.os_rlsbf4
                0x08002654       0x3a ./Core/Src/lmic.o
                0x08002654                os_rlsbf4
 .text.os_rmsbf4
                0x0800268e       0x3a ./Core/Src/lmic.o
                0x0800268e                os_rmsbf4
 .text.os_wlsbf2
                0x080026c8       0x2e ./Core/Src/lmic.o
                0x080026c8                os_wlsbf2
 .text.os_wlsbf4
                0x080026f6       0x42 ./Core/Src/lmic.o
                0x080026f6                os_wlsbf4
 .text.os_wmsbf4
                0x08002738       0x42 ./Core/Src/lmic.o
                0x08002738                os_wmsbf4
 .text.os_getBattLevel
                0x0800277a       0x10 ./Core/Src/lmic.o
                0x0800277a                os_getBattLevel
 .text.os_crc16
                0x0800278a       0x7e ./Core/Src/lmic.o
                0x0800278a                os_crc16
 .text.micB0    0x08002808       0x68 ./Core/Src/lmic.o
 .text.aes_verifyMic
                0x08002870       0x58 ./Core/Src/lmic.o
 .text.aes_appendMic
                0x080028c8       0x50 ./Core/Src/lmic.o
 .text.aes_appendMic0
                0x08002918       0x3c ./Core/Src/lmic.o
 .text.aes_verifyMic0
                0x08002954       0x44 ./Core/Src/lmic.o
 .text.aes_encrypt
                0x08002998       0x2c ./Core/Src/lmic.o
 .text.aes_cipher
                0x080029c4       0x88 ./Core/Src/lmic.o
 .text.aes_sessKeys
                0x08002a4c       0x78 ./Core/Src/lmic.o
 .text.getSensitivity
                0x08002ac4       0x40 ./Core/Src/lmic.o
                0x08002ac4                getSensitivity
 .text.calcAirTime
                0x08002b04      0x130 ./Core/Src/lmic.o
                0x08002b04                calcAirTime
 .text.calcRxWindow
                0x08002c34       0xa8 ./Core/Src/lmic.o
 .text.calcBcnRxWindowFromMillis
                0x08002cdc      0x10c ./Core/Src/lmic.o
 .text.rxschedInit
                0x08002de8       0xdc ./Core/Src/lmic.o
 .text.rxschedNext
                0x08002ec4       0x9c ./Core/Src/lmic.o
 .text.rndDelay
                0x08002f60       0x7c ./Core/Src/lmic.o
 .text.txDelay  0x08002fdc       0x5c ./Core/Src/lmic.o
 .text.setDrJoin
                0x08003038       0x28 ./Core/Src/lmic.o
 .text.setDrTxpow
                0x08003060       0x5c ./Core/Src/lmic.o
 .text.initDefaultChannels
                0x080030bc      0x10c ./Core/Src/lmic.o
 .text.LMIC_setupChannel
                0x080031c8       0xf4 ./Core/Src/lmic.o
                0x080031c8                LMIC_setupChannel
 .text.convFreq
                0x080032bc       0x44 ./Core/Src/lmic.o
 .text.mapChannels
                0x08003300       0x94 ./Core/Src/lmic.o
 .text.updateTx
                0x08003394       0x94 ./Core/Src/lmic.o
 .text.nextTx   0x08003428      0x138 ./Core/Src/lmic.o
 .text.setBcnRxParams
                0x08003560       0x4c ./Core/Src/lmic.o
 .text.initJoinLoop
                0x080035ac       0x6c ./Core/Src/lmic.o
 .text.nextJoinState
                0x08003618       0xd0 ./Core/Src/lmic.o
 .text.runEngineUpdate
                0x080036e8       0x14 ./Core/Src/lmic.o
 .text.reportEvent
                0x080036fc       0x1e ./Core/Src/lmic.o
 .text.runReset
                0x0800371a       0x1e ./Core/Src/lmic.o
 .text.stateJustJoined
                0x08003738       0xcc ./Core/Src/lmic.o
 .text.decodeBeacon
                0x08003804      0x128 ./Core/Src/lmic.o
 .text.decodeFrame
                0x0800392c      0x66c ./Core/Src/lmic.o
 .text.setupRx2
                0x08003f98       0x40 ./Core/Src/lmic.o
 .text.schedRx2
                0x08003fd8       0x50 ./Core/Src/lmic.o
 .text.setupRx1
                0x08004028       0x44 ./Core/Src/lmic.o
 .text.txDone   0x0800406c       0xa4 ./Core/Src/lmic.o
 .text.onJoinFailed
                0x08004110       0x16 ./Core/Src/lmic.o
 *fill*         0x08004126        0x2 
 .text.processJoinAccept
                0x08004128      0x294 ./Core/Src/lmic.o
 .text.processRx2Jacc
                0x080043bc       0x2c ./Core/Src/lmic.o
 .text.setupRx2Jacc
                0x080043e8       0x24 ./Core/Src/lmic.o
 .text.processRx1Jacc
                0x0800440c       0x38 ./Core/Src/lmic.o
 .text.setupRx1Jacc
                0x08004444       0x1c ./Core/Src/lmic.o
 .text.jreqDone
                0x08004460       0x20 ./Core/Src/lmic.o
 .text.processRx2DnDataDelay
                0x08004480       0x14 ./Core/Src/lmic.o
 .text.processRx2DnData
                0x08004494       0x54 ./Core/Src/lmic.o
 .text.setupRx2DnData
                0x080044e8       0x24 ./Core/Src/lmic.o
 .text.processRx1DnData
                0x0800450c       0x48 ./Core/Src/lmic.o
 .text.setupRx1DnData
                0x08004554       0x1c ./Core/Src/lmic.o
 .text.updataDone
                0x08004570       0x30 ./Core/Src/lmic.o
 .text.buildDataFrame
                0x080045a0      0x3cc ./Core/Src/lmic.o
 .text.onBcnRx  0x0800496c       0xa8 ./Core/Src/lmic.o
 .text.startScan
                0x08004a14       0xb0 ./Core/Src/lmic.o
 .text.buildJoinRequest
                0x08004ac4       0x6c ./Core/Src/lmic.o
 .text.startJoining
                0x08004b30       0x16 ./Core/Src/lmic.o
 *fill*         0x08004b46        0x2 
 .text.LMIC_startJoining
                0x08004b48       0x94 ./Core/Src/lmic.o
                0x08004b48                LMIC_startJoining
 .text.processPingRx
                0x08004bdc       0x3c ./Core/Src/lmic.o
 .text.processDnData
                0x08004c18      0x1e8 ./Core/Src/lmic.o
 .text.processBeacon
                0x08004e00      0x218 ./Core/Src/lmic.o
 .text.startRxBcn
                0x08005018       0x24 ./Core/Src/lmic.o
 .text.startRxPing
                0x0800503c       0x24 ./Core/Src/lmic.o
 .text.engineUpdate
                0x08005060      0x394 ./Core/Src/lmic.o
 .text.LMIC_reset
                0x080053f4       0x9c ./Core/Src/lmic.o
                0x080053f4                LMIC_reset
 .text.LMIC_init
                0x08005490       0x1c ./Core/Src/lmic.o
                0x08005490                LMIC_init
 .text.LMIC_setTxData
                0x080054ac       0x38 ./Core/Src/lmic.o
                0x080054ac                LMIC_setTxData
 .text.LMIC_setTxData2
                0x080054e4       0x64 ./Core/Src/lmic.o
                0x080054e4                LMIC_setTxData2
 .text.os_getArtEui
                0x08005548       0x28 ./Core/Src/main.o
                0x08005548                os_getArtEui
 .text.os_getDevEui
                0x08005570       0x28 ./Core/Src/main.o
                0x08005570                os_getDevEui
 .text.os_getDevKey
                0x08005598       0x28 ./Core/Src/main.o
                0x08005598                os_getDevKey
 .text.initsensor
                0x080055c0       0x18 ./Core/Src/main.o
                0x080055c0                initsensor
 .text.initfunc
                0x080055d8       0x1c ./Core/Src/main.o
                0x080055d8                initfunc
 .text.readBoschsensor
                0x080055f4      0x114 ./Core/Src/main.o
                0x080055f4                readBoschsensor
 .text.reportfunc
                0x08005708       0xb0 ./Core/Src/main.o
 .text.blinkfunc
                0x080057b8       0x4c ./Core/Src/main.o
 .text.onEvent  0x08005804      0x1c8 ./Core/Src/main.o
                0x08005804                onEvent
 .text.main     0x080059cc       0x70 ./Core/Src/main.o
                0x080059cc                main
 .text.SystemClock_Config
                0x08005a3c       0xa2 ./Core/Src/main.o
                0x08005a3c                SystemClock_Config
 .text.Error_Handler
                0x08005ade        0xc ./Core/Src/main.o
                0x08005ade                Error_Handler
 *fill*         0x08005aea        0x2 
 .text.os_init  0x08005aec       0x24 ./Core/Src/oslmic.o
                0x08005aec                os_init
 .text.os_getTime
                0x08005b10        0xe ./Core/Src/oslmic.o
                0x08005b10                os_getTime
 .text.unlinkjob
                0x08005b1e       0x3e ./Core/Src/oslmic.o
 .text.os_clearCallback
                0x08005b5c       0x3c ./Core/Src/oslmic.o
                0x08005b5c                os_clearCallback
 .text.os_setCallback
                0x08005b98       0x4c ./Core/Src/oslmic.o
                0x08005b98                os_setCallback
 .text.os_setTimedCallback
                0x08005be4       0x6c ./Core/Src/oslmic.o
                0x08005be4                os_setTimedCallback
 .text.os_runloop
                0x08005c50       0x6c ./Core/Src/oslmic.o
                0x08005c50                os_runloop
 .text.writeReg
                0x08005cbc       0x3a ./Core/Src/radio.o
 .text.readReg  0x08005cf6       0x38 ./Core/Src/radio.o
 .text.writeBuf
                0x08005d2e       0x54 ./Core/Src/radio.o
 .text.readBuf  0x08005d82       0x56 ./Core/Src/radio.o
 .text.opmode   0x08005dd8       0x34 ./Core/Src/radio.o
 .text.opmodeLora
                0x08005e0c       0x24 ./Core/Src/radio.o
 .text.opmodeFSK
                0x08005e30       0x24 ./Core/Src/radio.o
 .text.configLoraModem
                0x08005e54      0x15c ./Core/Src/radio.o
 .text.configChannel
                0x08005fb0       0x7c ./Core/Src/radio.o
 .text.configPower
                0x0800602c       0x60 ./Core/Src/radio.o
 .text.txfsk    0x0800608c       0xdc ./Core/Src/radio.o
 .text.txlora   0x08006168       0xb4 ./Core/Src/radio.o
 .text.starttx  0x0800621c       0x3c ./Core/Src/radio.o
 .text.rxlora   0x08006258       0xf8 ./Core/Src/radio.o
 .text.rxfsk    0x08006350       0xe0 ./Core/Src/radio.o
 .text.startrx  0x08006430       0x4c ./Core/Src/radio.o
 .text.radio_init
                0x0800647c       0xe8 ./Core/Src/radio.o
                0x0800647c                radio_init
 .text.radio_rand1
                0x08006564       0x4c ./Core/Src/radio.o
                0x08006564                radio_rand1
 .text.radio_irq_handler
                0x080065b0      0x1ac ./Core/Src/radio.o
                0x080065b0                radio_irq_handler
 .text.os_radio
                0x0800675c       0x58 ./Core/Src/radio.o
                0x0800675c                os_radio
 .text.MX_SPI3_Init
                0x080067b4       0x7c ./Core/Src/spi.o
                0x080067b4                MX_SPI3_Init
 .text.HAL_SPI_MspInit
                0x08006830       0x88 ./Core/Src/spi.o
                0x08006830                HAL_SPI_MspInit
 .text.HAL_MspInit
                0x080068b8       0x48 ./Core/Src/stm32l4xx_hal_msp.o
                0x080068b8                HAL_MspInit
 .text.NMI_Handler
                0x08006900        0x8 ./Core/Src/stm32l4xx_it.o
                0x08006900                NMI_Handler
 .text.HardFault_Handler
                0x08006908        0x8 ./Core/Src/stm32l4xx_it.o
                0x08006908                HardFault_Handler
 .text.MemManage_Handler
                0x08006910        0x8 ./Core/Src/stm32l4xx_it.o
                0x08006910                MemManage_Handler
 .text.BusFault_Handler
                0x08006918        0x8 ./Core/Src/stm32l4xx_it.o
                0x08006918                BusFault_Handler
 .text.UsageFault_Handler
                0x08006920        0x8 ./Core/Src/stm32l4xx_it.o
                0x08006920                UsageFault_Handler
 .text.SVC_Handler
                0x08006928        0xe ./Core/Src/stm32l4xx_it.o
                0x08006928                SVC_Handler
 .text.DebugMon_Handler
                0x08006936        0xe ./Core/Src/stm32l4xx_it.o
                0x08006936                DebugMon_Handler
 .text.PendSV_Handler
                0x08006944        0xe ./Core/Src/stm32l4xx_it.o
                0x08006944                PendSV_Handler
 .text.SysTick_Handler
                0x08006952        0xc ./Core/Src/stm32l4xx_it.o
                0x08006952                SysTick_Handler
 .text.EXTI9_5_IRQHandler
                0x0800695e       0x14 ./Core/Src/stm32l4xx_it.o
                0x0800695e                EXTI9_5_IRQHandler
 *fill*         0x08006972        0x2 
 .text.TIM7_IRQHandler
                0x08006974       0x14 ./Core/Src/stm32l4xx_it.o
                0x08006974                TIM7_IRQHandler
 .text._getpid  0x08006988       0x10 ./Core/Src/syscalls.o
                0x08006988                _getpid
 .text._kill    0x08006998       0x20 ./Core/Src/syscalls.o
                0x08006998                _kill
 .text._exit    0x080069b8       0x16 ./Core/Src/syscalls.o
                0x080069b8                _exit
 .text._read    0x080069ce       0x3a ./Core/Src/syscalls.o
                0x080069ce                _read
 .text._write   0x08006a08       0x38 ./Core/Src/syscalls.o
                0x08006a08                _write
 .text._close   0x08006a40       0x18 ./Core/Src/syscalls.o
                0x08006a40                _close
 .text._fstat   0x08006a58       0x20 ./Core/Src/syscalls.o
                0x08006a58                _fstat
 .text._isatty  0x08006a78       0x16 ./Core/Src/syscalls.o
                0x08006a78                _isatty
 .text._lseek   0x08006a8e       0x1a ./Core/Src/syscalls.o
                0x08006a8e                _lseek
 .text._sbrk    0x08006aa8       0x6c ./Core/Src/sysmem.o
                0x08006aa8                _sbrk
 .text.SystemInit
                0x08006b14       0x24 ./Core/Src/system_stm32l4xx.o
                0x08006b14                SystemInit
 .text.MX_TIM7_Init
                0x08006b38       0x70 ./Core/Src/tim.o
                0x08006b38                MX_TIM7_Init
 .text.HAL_TIM_Base_MspInit
                0x08006ba8       0x4c ./Core/Src/tim.o
                0x08006ba8                HAL_TIM_Base_MspInit
 .text.MX_USART2_UART_Init
                0x08006bf4       0x60 ./Core/Src/usart.o
                0x08006bf4                MX_USART2_UART_Init
 .text.HAL_UART_MspInit
                0x08006c54       0xb0 ./Core/Src/usart.o
                0x08006c54                HAL_UART_MspInit
 .text.bme68x_init
                0x08006d04       0x68 ./Core/Src/bme680/bme68x.o
                0x08006d04                bme68x_init
 .text.bme68x_set_regs
                0x08006d6c      0x120 ./Core/Src/bme680/bme68x.o
                0x08006d6c                bme68x_set_regs
 .text.bme68x_get_regs
                0x08006e8c       0x88 ./Core/Src/bme680/bme68x.o
                0x08006e8c                bme68x_get_regs
 .text.bme68x_soft_reset
                0x08006f14       0x86 ./Core/Src/bme680/bme68x.o
                0x08006f14                bme68x_soft_reset
 *fill*         0x08006f9a        0x2 
 .text.bme68x_set_conf
                0x08006f9c      0x208 ./Core/Src/bme680/bme68x.o
                0x08006f9c                bme68x_set_conf
 .text.bme68x_set_op_mode
                0x080071a4       0xc2 ./Core/Src/bme680/bme68x.o
                0x080071a4                bme68x_set_op_mode
 .text.bme68x_get_op_mode
                0x08007266       0x40 ./Core/Src/bme680/bme68x.o
                0x08007266                bme68x_get_op_mode
 *fill*         0x080072a6        0x2 
 .text.bme68x_get_meas_dur
                0x080072a8       0xe8 ./Core/Src/bme680/bme68x.o
                0x080072a8                bme68x_get_meas_dur
 .text.bme68x_get_data
                0x08007390      0x1fc ./Core/Src/bme680/bme68x.o
                0x08007390                bme68x_get_data
 .text.bme68x_set_heatr_conf
                0x0800758c      0x110 ./Core/Src/bme680/bme68x.o
                0x0800758c                bme68x_set_heatr_conf
 .text.calc_temperature
                0x0800769c      0x10c ./Core/Src/bme680/bme68x.o
 .text.calc_pressure
                0x080077a8      0x284 ./Core/Src/bme680/bme68x.o
 .text.calc_humidity
                0x08007a2c      0x198 ./Core/Src/bme680/bme68x.o
 .text.calc_gas_resistance_low
                0x08007bc4      0x144 ./Core/Src/bme680/bme68x.o
 .text.calc_gas_resistance_high
                0x08007d08       0x74 ./Core/Src/bme680/bme68x.o
 .text.calc_res_heat
                0x08007d7c      0x160 ./Core/Src/bme680/bme68x.o
 .text.calc_gas_wait
                0x08007edc       0x4a ./Core/Src/bme680/bme68x.o
 .text.read_field_data
                0x08007f26      0x288 ./Core/Src/bme680/bme68x.o
 .text.read_all_field_data
                0x080081ae      0x458 ./Core/Src/bme680/bme68x.o
 .text.set_mem_page
                0x08008606       0xca ./Core/Src/bme680/bme68x.o
 .text.get_mem_page
                0x080086d0       0x5e ./Core/Src/bme680/bme68x.o
 .text.boundary_check
                0x0800872e       0x5a ./Core/Src/bme680/bme68x.o
 .text.null_ptr_check
                0x08008788       0x3e ./Core/Src/bme680/bme68x.o
 *fill*         0x080087c6        0x2 
 .text.set_conf
                0x080087c8      0x2ac ./Core/Src/bme680/bme68x.o
 .text.calc_heatr_dur_shared
                0x08008a74       0x6c ./Core/Src/bme680/bme68x.o
 .text.sort_sensor_data
                0x08008ae0       0xac ./Core/Src/bme680/bme68x.o
 .text.swap_fields
                0x08008b8c       0x48 ./Core/Src/bme680/bme68x.o
 .text.get_calib_data
                0x08008bd4      0x208 ./Core/Src/bme680/bme68x.o
 .text.read_variant_id
                0x08008ddc       0x3a ./Core/Src/bme680/bme68x.o
 *fill*         0x08008e16        0x2 
 .text.bme68x_start
                0x08008e18       0xa0 ./Core/Src/bme680/bme68x_necessary_functions.o
                0x08008e18                bme68x_start
 .text.bme68x_single_measure
                0x08008eb8       0x80 ./Core/Src/bme680/bme68x_necessary_functions.o
                0x08008eb8                bme68x_single_measure
 .text.bme68x_i2c_write
                0x08008f38       0x50 ./Core/Src/bme680/bme68x_necessary_functions.o
                0x08008f38                bme68x_i2c_write
 .text.bme68x_i2c_read
                0x08008f88       0x58 ./Core/Src/bme680/bme68x_necessary_functions.o
                0x08008f88                bme68x_i2c_read
 .text.bme68x_delay_us
                0x08008fe0       0x28 ./Core/Src/bme680/bme68x_necessary_functions.o
                0x08008fe0                bme68x_delay_us
 .text.bme68x_interface_init
                0x08009008       0x94 ./Core/Src/bme680/bme68x_necessary_functions.o
                0x08009008                bme68x_interface_init
 .text.bme68x_GetGasReference
                0x0800909c       0x6c ./Core/Src/bme680/bme68x_necessary_functions.o
                0x0800909c                bme68x_GetGasReference
 .text.bme68x_GetHumidityScore
                0x08009108      0x178 ./Core/Src/bme680/bme68x_necessary_functions.o
                0x08009108                bme68x_GetHumidityScore
 .text.bme68x_GetGasScore
                0x08009280      0x134 ./Core/Src/bme680/bme68x_necessary_functions.o
                0x08009280                bme68x_GetGasScore
 .text.bme68x_iaq
                0x080093b4       0x8c ./Core/Src/bme680/bme68x_necessary_functions.o
                0x080093b4                bme68x_iaq
 .text.Reset_Handler
                0x08009440       0x50 ./Core/Startup/startup_stm32l432kcux.o
                0x08009440                Reset_Handler
 .text.Default_Handler
                0x08009490        0x2 ./Core/Startup/startup_stm32l432kcux.o
                0x08009490                RTC_Alarm_IRQHandler
                0x08009490                EXTI2_IRQHandler
                0x08009490                TIM1_CC_IRQHandler
                0x08009490                TSC_IRQHandler
                0x08009490                TAMP_STAMP_IRQHandler
                0x08009490                EXTI3_IRQHandler
                0x08009490                LPTIM2_IRQHandler
                0x08009490                I2C3_ER_IRQHandler
                0x08009490                EXTI0_IRQHandler
                0x08009490                CAN1_RX0_IRQHandler
                0x08009490                FPU_IRQHandler
                0x08009490                TIM1_UP_TIM16_IRQHandler
                0x08009490                SPI1_IRQHandler
                0x08009490                TIM6_DAC_IRQHandler
                0x08009490                DMA2_Channel2_IRQHandler
                0x08009490                DMA1_Channel4_IRQHandler
                0x08009490                ADC1_IRQHandler
                0x08009490                DMA1_Channel7_IRQHandler
                0x08009490                CAN1_RX1_IRQHandler
                0x08009490                DMA2_Channel1_IRQHandler
                0x08009490                QUADSPI_IRQHandler
                0x08009490                I2C1_EV_IRQHandler
                0x08009490                DMA1_Channel6_IRQHandler
                0x08009490                DMA2_Channel4_IRQHandler
                0x08009490                RCC_IRQHandler
                0x08009490                TIM1_TRG_COM_IRQHandler
                0x08009490                DMA1_Channel1_IRQHandler
                0x08009490                Default_Handler
                0x08009490                DMA2_Channel7_IRQHandler
                0x08009490                EXTI15_10_IRQHandler
                0x08009490                I2C3_EV_IRQHandler
                0x08009490                USB_IRQHandler
                0x08009490                RTC_WKUP_IRQHandler
                0x08009490                PVD_PVM_IRQHandler
                0x08009490                CAN1_TX_IRQHandler
                0x08009490                DMA2_Channel5_IRQHandler
                0x08009490                CRS_IRQHandler
                0x08009490                DMA1_Channel5_IRQHandler
                0x08009490                EXTI4_IRQHandler
                0x08009490                RNG_IRQHandler
                0x08009490                DMA1_Channel3_IRQHandler
                0x08009490                COMP_IRQHandler
                0x08009490                WWDG_IRQHandler
                0x08009490                LPUART1_IRQHandler
                0x08009490                DMA2_Channel6_IRQHandler
                0x08009490                TIM2_IRQHandler
                0x08009490                EXTI1_IRQHandler
                0x08009490                USART2_IRQHandler
                0x08009490                DMA1_Channel2_IRQHandler
                0x08009490                CAN1_SCE_IRQHandler
                0x08009490                FLASH_IRQHandler
                0x08009490                USART1_IRQHandler
                0x08009490                SPI3_IRQHandler
                0x08009490                I2C1_ER_IRQHandler
                0x08009490                SWPMI1_IRQHandler
                0x08009490                LPTIM1_IRQHandler
                0x08009490                SAI1_IRQHandler
                0x08009490                DMA2_Channel3_IRQHandler
                0x08009490                TIM1_BRK_TIM15_IRQHandler
 .text.HAL_Init
                0x08009492       0x30 ./Drivers/STM32L4xx_HAL_Driver/Src/stm32l4xx_hal.o
                0x08009492                HAL_Init
 *fill*         0x080094c2        0x2 
 .text.HAL_InitTick
                0x080094c4       0x78 ./Drivers/STM32L4xx_HAL_Driver/Src/stm32l4xx_hal.o
                0x080094c4                HAL_InitTick
 .text.HAL_IncTick
                0x0800953c       0x28 ./Drivers/STM32L4xx_HAL_Driver/Src/stm32l4xx_hal.o
                0x0800953c                HAL_IncTick
 .text.HAL_GetTick
                0x08009564       0x18 ./Drivers/STM32L4xx_HAL_Driver/Src/stm32l4xx_hal.o
                0x08009564                HAL_GetTick
 .text.HAL_Delay
                0x0800957c       0x48 ./Drivers/STM32L4xx_HAL_Driver/Src/stm32l4xx_hal.o
                0x0800957c                HAL_Delay
 .text.__NVIC_SetPriorityGrouping
                0x080095c4       0x48 ./Drivers/STM32L4xx_HAL_Driver/Src/stm32l4xx_hal_cortex.o
 .text.__NVIC_GetPriorityGrouping
                0x0800960c       0x1c ./Drivers/STM32L4xx_HAL_Driver/Src/stm32l4xx_hal_cortex.o
 .text.__NVIC_EnableIRQ
                0x08009628       0x3c ./Drivers/STM32L4xx_HAL_Driver/Src/stm32l4xx_hal_cortex.o
 .text.__NVIC_SetPriority
                0x08009664       0x54 ./Drivers/STM32L4xx_HAL_Driver/Src/stm32l4xx_hal_cortex.o
 .text.NVIC_EncodePriority
                0x080096b8       0x66 ./Drivers/STM32L4xx_HAL_Driver/Src/stm32l4xx_hal_cortex.o
 *fill*         0x0800971e        0x2 
 .text.SysTick_Config
                0x08009720       0x44 ./Drivers/STM32L4xx_HAL_Driver/Src/stm32l4xx_hal_cortex.o
 .text.HAL_NVIC_SetPriorityGrouping
                0x08009764       0x16 ./Drivers/STM32L4xx_HAL_Driver/Src/stm32l4xx_hal_cortex.o
                0x08009764                HAL_NVIC_SetPriorityGrouping
 .text.HAL_NVIC_SetPriority
                0x0800977a       0x38 ./Drivers/STM32L4xx_HAL_Driver/Src/stm32l4xx_hal_cortex.o
                0x0800977a                HAL_NVIC_SetPriority
 .text.HAL_NVIC_EnableIRQ
                0x080097b2       0x1c ./Drivers/STM32L4xx_HAL_Driver/Src/stm32l4xx_hal_cortex.o
                0x080097b2                HAL_NVIC_EnableIRQ
 .text.HAL_SYSTICK_Config
                0x080097ce       0x18 ./Drivers/STM32L4xx_HAL_Driver/Src/stm32l4xx_hal_cortex.o
                0x080097ce                HAL_SYSTICK_Config
 *fill*         0x080097e6        0x2 
 .text.HAL_GPIO_Init
                0x080097e8      0x2d4 ./Drivers/STM32L4xx_HAL_Driver/Src/stm32l4xx_hal_gpio.o
                0x080097e8                HAL_GPIO_Init
 .text.HAL_GPIO_WritePin
                0x08009abc       0x30 ./Drivers/STM32L4xx_HAL_Driver/Src/stm32l4xx_hal_gpio.o
                0x08009abc                HAL_GPIO_WritePin
 .text.HAL_GPIO_EXTI_IRQHandler
                0x08009aec       0x30 ./Drivers/STM32L4xx_HAL_Driver/Src/stm32l4xx_hal_gpio.o
                0x08009aec                HAL_GPIO_EXTI_IRQHandler
 .text.HAL_I2C_Init
                0x08009b1c      0x136 ./Drivers/STM32L4xx_HAL_Driver/Src/stm32l4xx_hal_i2c.o
                0x08009b1c                HAL_I2C_Init
 *fill*         0x08009c52        0x2 
 .text.HAL_I2C_Mem_Write
                0x08009c54      0x228 ./Drivers/STM32L4xx_HAL_Driver/Src/stm32l4xx_hal_i2c.o
                0x08009c54                HAL_I2C_Mem_Write
 .text.HAL_I2C_Mem_Read
                0x08009e7c      0x234 ./Drivers/STM32L4xx_HAL_Driver/Src/stm32l4xx_hal_i2c.o
                0x08009e7c                HAL_I2C_Mem_Read
 .text.HAL_I2C_IsDeviceReady
                0x0800a0b0      0x1d8 ./Drivers/STM32L4xx_HAL_Driver/Src/stm32l4xx_hal_i2c.o
                0x0800a0b0                HAL_I2C_IsDeviceReady
 .text.I2C_RequestMemoryWrite
                0x0800a288       0xa8 ./Drivers/STM32L4xx_HAL_Driver/Src/stm32l4xx_hal_i2c.o
 .text.I2C_RequestMemoryRead
                0x0800a330       0xa8 ./Drivers/STM32L4xx_HAL_Driver/Src/stm32l4xx_hal_i2c.o
 .text.I2C_Flush_TXDR
                0x0800a3d8       0x48 ./Drivers/STM32L4xx_HAL_Driver/Src/stm32l4xx_hal_i2c.o
 .text.I2C_WaitOnFlagUntilTimeout
                0x0800a420       0xb2 ./Drivers/STM32L4xx_HAL_Driver/Src/stm32l4xx_hal_i2c.o
 .text.I2C_WaitOnTXISFlagUntilTimeout
                0x0800a4d2       0x8e ./Drivers/STM32L4xx_HAL_Driver/Src/stm32l4xx_hal_i2c.o
 .text.I2C_WaitOnSTOPFlagUntilTimeout
                0x0800a560       0x86 ./Drivers/STM32L4xx_HAL_Driver/Src/stm32l4xx_hal_i2c.o
 *fill*         0x0800a5e6        0x2 
 .text.I2C_IsErrorOccurred
                0x0800a5e8      0x1c0 ./Drivers/STM32L4xx_HAL_Driver/Src/stm32l4xx_hal_i2c.o
 .text.I2C_TransferConfig
                0x0800a7a8       0x64 ./Drivers/STM32L4xx_HAL_Driver/Src/stm32l4xx_hal_i2c.o
 .text.HAL_I2CEx_ConfigAnalogFilter
                0x0800a80c       0x96 ./Drivers/STM32L4xx_HAL_Driver/Src/stm32l4xx_hal_i2c_ex.o
                0x0800a80c                HAL_I2CEx_ConfigAnalogFilter
 .text.HAL_I2CEx_ConfigDigitalFilter
                0x0800a8a2       0x98 ./Drivers/STM32L4xx_HAL_Driver/Src/stm32l4xx_hal_i2c_ex.o
                0x0800a8a2                HAL_I2CEx_ConfigDigitalFilter
 *fill*         0x0800a93a        0x2 
 .text.HAL_PWREx_GetVoltageRange
                0x0800a93c       0x1c ./Drivers/STM32L4xx_HAL_Driver/Src/stm32l4xx_hal_pwr_ex.o
                0x0800a93c                HAL_PWREx_GetVoltageRange
 .text.HAL_PWREx_ControlVoltageScaling
                0x0800a958       0xac ./Drivers/STM32L4xx_HAL_Driver/Src/stm32l4xx_hal_pwr_ex.o
                0x0800a958                HAL_PWREx_ControlVoltageScaling
 .text.HAL_RCC_OscConfig
                0x0800aa04      0x828 ./Drivers/STM32L4xx_HAL_Driver/Src/stm32l4xx_hal_rcc.o
                0x0800aa04                HAL_RCC_OscConfig
 .text.HAL_RCC_ClockConfig
                0x0800b22c      0x200 ./Drivers/STM32L4xx_HAL_Driver/Src/stm32l4xx_hal_rcc.o
                0x0800b22c                HAL_RCC_ClockConfig
 .text.HAL_RCC_GetSysClockFreq
                0x0800b42c      0x118 ./Drivers/STM32L4xx_HAL_Driver/Src/stm32l4xx_hal_rcc.o
                0x0800b42c                HAL_RCC_GetSysClockFreq
 .text.HAL_RCC_GetHCLKFreq
                0x0800b544       0x18 ./Drivers/STM32L4xx_HAL_Driver/Src/stm32l4xx_hal_rcc.o
                0x0800b544                HAL_RCC_GetHCLKFreq
 .text.HAL_RCC_GetPCLK1Freq
                0x0800b55c       0x2c ./Drivers/STM32L4xx_HAL_Driver/Src/stm32l4xx_hal_rcc.o
                0x0800b55c                HAL_RCC_GetPCLK1Freq
 .text.HAL_RCC_GetPCLK2Freq
                0x0800b588       0x2c ./Drivers/STM32L4xx_HAL_Driver/Src/stm32l4xx_hal_rcc.o
                0x0800b588                HAL_RCC_GetPCLK2Freq
 .text.RCC_SetFlashLatencyFromMSIRange
                0x0800b5b4       0xc0 ./Drivers/STM32L4xx_HAL_Driver/Src/stm32l4xx_hal_rcc.o
 .text.HAL_RCCEx_PeriphCLKConfig
                0x0800b674      0x3ec ./Drivers/STM32L4xx_HAL_Driver/Src/stm32l4xx_hal_rcc_ex.o
                0x0800b674                HAL_RCCEx_PeriphCLKConfig
 .text.RCCEx_PLLSAI1_Config
                0x0800ba60      0x1e4 ./Drivers/STM32L4xx_HAL_Driver/Src/stm32l4xx_hal_rcc_ex.o
 .text.HAL_SPI_Init
                0x0800bc44      0x146 ./Drivers/STM32L4xx_HAL_Driver/Src/stm32l4xx_hal_spi.o
                0x0800bc44                HAL_SPI_Init
 .text.HAL_SPI_TransmitReceive
                0x0800bd8a      0x43e ./Drivers/STM32L4xx_HAL_Driver/Src/stm32l4xx_hal_spi.o
                0x0800bd8a                HAL_SPI_TransmitReceive
 .text.SPI_WaitFlagStateUntilTimeout
                0x0800c1c8      0x110 ./Drivers/STM32L4xx_HAL_Driver/Src/stm32l4xx_hal_spi.o
 .text.SPI_WaitFifoStateUntilTimeout
                0x0800c2d8      0x12c ./Drivers/STM32L4xx_HAL_Driver/Src/stm32l4xx_hal_spi.o
 .text.SPI_EndRxTxTransaction
                0x0800c404       0x8c ./Drivers/STM32L4xx_HAL_Driver/Src/stm32l4xx_hal_spi.o
 .text.HAL_TIM_Base_Init
                0x0800c490       0xae ./Drivers/STM32L4xx_HAL_Driver/Src/stm32l4xx_hal_tim.o
                0x0800c490                HAL_TIM_Base_Init
 *fill*         0x0800c53e        0x2 
 .text.HAL_TIM_Base_Start_IT
                0x0800c540       0xa8 ./Drivers/STM32L4xx_HAL_Driver/Src/stm32l4xx_hal_tim.o
                0x0800c540                HAL_TIM_Base_Start_IT
 .text.HAL_TIM_IRQHandler
                0x0800c5e8      0x20e ./Drivers/STM32L4xx_HAL_Driver/Src/stm32l4xx_hal_tim.o
                0x0800c5e8                HAL_TIM_IRQHandler
 .text.HAL_TIM_OC_DelayElapsedCallback
                0x0800c7f6       0x14 ./Drivers/STM32L4xx_HAL_Driver/Src/stm32l4xx_hal_tim.o
                0x0800c7f6                HAL_TIM_OC_DelayElapsedCallback
 .text.HAL_TIM_IC_CaptureCallback
                0x0800c80a       0x14 ./Drivers/STM32L4xx_HAL_Driver/Src/stm32l4xx_hal_tim.o
                0x0800c80a                HAL_TIM_IC_CaptureCallback
 .text.HAL_TIM_PWM_PulseFinishedCallback
                0x0800c81e       0x14 ./Drivers/STM32L4xx_HAL_Driver/Src/stm32l4xx_hal_tim.o
                0x0800c81e                HAL_TIM_PWM_PulseFinishedCallback
 .text.HAL_TIM_TriggerCallback
                0x0800c832       0x14 ./Drivers/STM32L4xx_HAL_Driver/Src/stm32l4xx_hal_tim.o
                0x0800c832                HAL_TIM_TriggerCallback
 *fill*         0x0800c846        0x2 
 .text.TIM_Base_SetConfig
                0x0800c848       0xe0 ./Drivers/STM32L4xx_HAL_Driver/Src/stm32l4xx_hal_tim.o
                0x0800c848                TIM_Base_SetConfig
 .text.HAL_TIMEx_MasterConfigSynchronization
                0x0800c928       0xcc ./Drivers/STM32L4xx_HAL_Driver/Src/stm32l4xx_hal_tim_ex.o
                0x0800c928                HAL_TIMEx_MasterConfigSynchronization
 .text.HAL_TIMEx_CommutCallback
                0x0800c9f4       0x14 ./Drivers/STM32L4xx_HAL_Driver/Src/stm32l4xx_hal_tim_ex.o
                0x0800c9f4                HAL_TIMEx_CommutCallback
 .text.HAL_TIMEx_BreakCallback
                0x0800ca08       0x14 ./Drivers/STM32L4xx_HAL_Driver/Src/stm32l4xx_hal_tim_ex.o
                0x0800ca08                HAL_TIMEx_BreakCallback
 .text.HAL_TIMEx_Break2Callback
                0x0800ca1c       0x14 ./Drivers/STM32L4xx_HAL_Driver/Src/stm32l4xx_hal_tim_ex.o
                0x0800ca1c                HAL_TIMEx_Break2Callback
 .text.HAL_UART_Init
                0x0800ca30       0x9c ./Drivers/STM32L4xx_HAL_Driver/Src/stm32l4xx_hal_uart.o
                0x0800ca30                HAL_UART_Init
 .text.HAL_UART_Transmit
                0x0800cacc      0x112 ./Drivers/STM32L4xx_HAL_Driver/Src/stm32l4xx_hal_uart.o
                0x0800cacc                HAL_UART_Transmit
 *fill*         0x0800cbde        0x2 
 .text.UART_SetConfig
                0x0800cbe0      0x458 ./Drivers/STM32L4xx_HAL_Driver/Src/stm32l4xx_hal_uart.o
                0x0800cbe0                UART_SetConfig
 .text.UART_AdvFeatureConfig
                0x0800d038      0x144 ./Drivers/STM32L4xx_HAL_Driver/Src/stm32l4xx_hal_uart.o
                0x0800d038                UART_AdvFeatureConfig
 .text.UART_CheckIdleState
                0x0800d17c      0x150 ./Drivers/STM32L4xx_HAL_Driver/Src/stm32l4xx_hal_uart.o
                0x0800d17c                UART_CheckIdleState
 .text.UART_WaitOnFlagUntilTimeout
                0x0800d2cc       0xda ./Drivers/STM32L4xx_HAL_Driver/Src/stm32l4xx_hal_uart.o
                0x0800d2cc                UART_WaitOnFlagUntilTimeout
 .text.UART_EndRxTransfer
                0x0800d3a6       0xc8 ./Drivers/STM32L4xx_HAL_Driver/Src/stm32l4xx_hal_uart.o
 *fill*         0x0800d46e        0x2 
 .text.__assert_func
                0x0800d470       0x3c C:/ST/STM32CubeIDE_1.13.1/STM32CubeIDE/plugins/com.st.stm32cube.ide.mcu.externaltools.gnu-tools-for-stm32.12.3.rel1.win32_1.0.100.202403111256/tools/bin/../lib/gcc/arm-none-eabi/12.3.1/../../../../arm-none-eabi/lib/thumb/v7e-m+fp/hard\libc_nano.a(libc_a-assert.o)
                0x0800d470                __assert_func
 .text.gcvt     0x0800d4ac       0x58 C:/ST/STM32CubeIDE_1.13.1/STM32CubeIDE/plugins/com.st.stm32cube.ide.mcu.externaltools.gnu-tools-for-stm32.12.3.rel1.win32_1.0.100.202403111256/tools/bin/../lib/gcc/arm-none-eabi/12.3.1/../../../../arm-none-eabi/lib/thumb/v7e-m+fp/hard\libc_nano.a(libc_a-efgcvt.o)
                0x0800d4ac                gcvt
 .text.std      0x0800d504       0x6c C:/ST/STM32CubeIDE_1.13.1/STM32CubeIDE/plugins/com.st.stm32cube.ide.mcu.externaltools.gnu-tools-for-stm32.12.3.rel1.win32_1.0.100.202403111256/tools/bin/../lib/gcc/arm-none-eabi/12.3.1/../../../../arm-none-eabi/lib/thumb/v7e-m+fp/hard\libc_nano.a(libc_a-findfp.o)
 .text.stdio_exit_handler
                0x0800d570       0x18 C:/ST/STM32CubeIDE_1.13.1/STM32CubeIDE/plugins/com.st.stm32cube.ide.mcu.externaltools.gnu-tools-for-stm32.12.3.rel1.win32_1.0.100.202403111256/tools/bin/../lib/gcc/arm-none-eabi/12.3.1/../../../../arm-none-eabi/lib/thumb/v7e-m+fp/hard\libc_nano.a(libc_a-findfp.o)
 .text.cleanup_stdio
                0x0800d588       0x40 C:/ST/STM32CubeIDE_1.13.1/STM32CubeIDE/plugins/com.st.stm32cube.ide.mcu.externaltools.gnu-tools-for-stm32.12.3.rel1.win32_1.0.100.202403111256/tools/bin/../lib/gcc/arm-none-eabi/12.3.1/../../../../arm-none-eabi/lib/thumb/v7e-m+fp/hard\libc_nano.a(libc_a-findfp.o)
 .text.global_stdio_init.part.0
                0x0800d5c8       0x3c C:/ST/STM32CubeIDE_1.13.1/STM32CubeIDE/plugins/com.st.stm32cube.ide.mcu.externaltools.gnu-tools-for-stm32.12.3.rel1.win32_1.0.100.202403111256/tools/bin/../lib/gcc/arm-none-eabi/12.3.1/../../../../arm-none-eabi/lib/thumb/v7e-m+fp/hard\libc_nano.a(libc_a-findfp.o)
 .text.__sfp_lock_acquire
                0x0800d604        0xc C:/ST/STM32CubeIDE_1.13.1/STM32CubeIDE/plugins/com.st.stm32cube.ide.mcu.externaltools.gnu-tools-for-stm32.12.3.rel1.win32_1.0.100.202403111256/tools/bin/../lib/gcc/arm-none-eabi/12.3.1/../../../../arm-none-eabi/lib/thumb/v7e-m+fp/hard\libc_nano.a(libc_a-findfp.o)
                0x0800d604                __sfp_lock_acquire
 .text.__sfp_lock_release
                0x0800d610        0xc C:/ST/STM32CubeIDE_1.13.1/STM32CubeIDE/plugins/com.st.stm32cube.ide.mcu.externaltools.gnu-tools-for-stm32.12.3.rel1.win32_1.0.100.202403111256/tools/bin/../lib/gcc/arm-none-eabi/12.3.1/../../../../arm-none-eabi/lib/thumb/v7e-m+fp/hard\libc_nano.a(libc_a-findfp.o)
                0x0800d610                __sfp_lock_release
 .text.__sinit  0x0800d61c       0x30 C:/ST/STM32CubeIDE_1.13.1/STM32CubeIDE/plugins/com.st.stm32cube.ide.mcu.externaltools.gnu-tools-for-stm32.12.3.rel1.win32_1.0.100.202403111256/tools/bin/../lib/gcc/arm-none-eabi/12.3.1/../../../../arm-none-eabi/lib/thumb/v7e-m+fp/hard\libc_nano.a(libc_a-findfp.o)
                0x0800d61c                __sinit
 .text.fprintf  0x0800d64c       0x24 C:/ST/STM32CubeIDE_1.13.1/STM32CubeIDE/plugins/com.st.stm32cube.ide.mcu.externaltools.gnu-tools-for-stm32.12.3.rel1.win32_1.0.100.202403111256/tools/bin/../lib/gcc/arm-none-eabi/12.3.1/../../../../arm-none-eabi/lib/thumb/v7e-m+fp/hard\libc_nano.a(libc_a-fprintf.o)
                0x0800d64c                fiprintf
                0x0800d64c                fprintf
 .text._fwalk_sglue
                0x0800d670       0x3c C:/ST/STM32CubeIDE_1.13.1/STM32CubeIDE/plugins/com.st.stm32cube.ide.mcu.externaltools.gnu-tools-for-stm32.12.3.rel1.win32_1.0.100.202403111256/tools/bin/../lib/gcc/arm-none-eabi/12.3.1/../../../../arm-none-eabi/lib/thumb/v7e-m+fp/hard\libc_nano.a(libc_a-fwalk.o)
                0x0800d670                _fwalk_sglue
 .text.__sread  0x0800d6ac       0x22 C:/ST/STM32CubeIDE_1.13.1/STM32CubeIDE/plugins/com.st.stm32cube.ide.mcu.externaltools.gnu-tools-for-stm32.12.3.rel1.win32_1.0.100.202403111256/tools/bin/../lib/gcc/arm-none-eabi/12.3.1/../../../../arm-none-eabi/lib/thumb/v7e-m+fp/hard\libc_nano.a(libc_a-stdio.o)
                0x0800d6ac                __sread
 .text.__swrite
                0x0800d6ce       0x38 C:/ST/STM32CubeIDE_1.13.1/STM32CubeIDE/plugins/com.st.stm32cube.ide.mcu.externaltools.gnu-tools-for-stm32.12.3.rel1.win32_1.0.100.202403111256/tools/bin/../lib/gcc/arm-none-eabi/12.3.1/../../../../arm-none-eabi/lib/thumb/v7e-m+fp/hard\libc_nano.a(libc_a-stdio.o)
                0x0800d6ce                __swrite
 .text.__sseek  0x0800d706       0x24 C:/ST/STM32CubeIDE_1.13.1/STM32CubeIDE/plugins/com.st.stm32cube.ide.mcu.externaltools.gnu-tools-for-stm32.12.3.rel1.win32_1.0.100.202403111256/tools/bin/../lib/gcc/arm-none-eabi/12.3.1/../../../../arm-none-eabi/lib/thumb/v7e-m+fp/hard\libc_nano.a(libc_a-stdio.o)
                0x0800d706                __sseek
 .text.__sclose
                0x0800d72a        0x8 C:/ST/STM32CubeIDE_1.13.1/STM32CubeIDE/plugins/com.st.stm32cube.ide.mcu.externaltools.gnu-tools-for-stm32.12.3.rel1.win32_1.0.100.202403111256/tools/bin/../lib/gcc/arm-none-eabi/12.3.1/../../../../arm-none-eabi/lib/thumb/v7e-m+fp/hard\libc_nano.a(libc_a-stdio.o)
                0x0800d72a                __sclose
 .text.memset   0x0800d732       0x10 C:/ST/STM32CubeIDE_1.13.1/STM32CubeIDE/plugins/com.st.stm32cube.ide.mcu.externaltools.gnu-tools-for-stm32.12.3.rel1.win32_1.0.100.202403111256/tools/bin/../lib/gcc/arm-none-eabi/12.3.1/../../../../arm-none-eabi/lib/thumb/v7e-m+fp/hard\libc_nano.a(libc_a-memset.o)
                0x0800d732                memset
 *fill*         0x0800d742        0x2 
 .text._close_r
                0x0800d744       0x20 C:/ST/STM32CubeIDE_1.13.1/STM32CubeIDE/plugins/com.st.stm32cube.ide.mcu.externaltools.gnu-tools-for-stm32.12.3.rel1.win32_1.0.100.202403111256/tools/bin/../lib/gcc/arm-none-eabi/12.3.1/../../../../arm-none-eabi/lib/thumb/v7e-m+fp/hard\libc_nano.a(libc_a-closer.o)
                0x0800d744                _close_r
 .text._lseek_r
                0x0800d764       0x24 C:/ST/STM32CubeIDE_1.13.1/STM32CubeIDE/plugins/com.st.stm32cube.ide.mcu.externaltools.gnu-tools-for-stm32.12.3.rel1.win32_1.0.100.202403111256/tools/bin/../lib/gcc/arm-none-eabi/12.3.1/../../../../arm-none-eabi/lib/thumb/v7e-m+fp/hard\libc_nano.a(libc_a-lseekr.o)
                0x0800d764                _lseek_r
 .text._read_r  0x0800d788       0x24 C:/ST/STM32CubeIDE_1.13.1/STM32CubeIDE/plugins/com.st.stm32cube.ide.mcu.externaltools.gnu-tools-for-stm32.12.3.rel1.win32_1.0.100.202403111256/tools/bin/../lib/gcc/arm-none-eabi/12.3.1/../../../../arm-none-eabi/lib/thumb/v7e-m+fp/hard\libc_nano.a(libc_a-readr.o)
                0x0800d788                _read_r
 .text._write_r
                0x0800d7ac       0x24 C:/ST/STM32CubeIDE_1.13.1/STM32CubeIDE/plugins/com.st.stm32cube.ide.mcu.externaltools.gnu-tools-for-stm32.12.3.rel1.win32_1.0.100.202403111256/tools/bin/../lib/gcc/arm-none-eabi/12.3.1/../../../../arm-none-eabi/lib/thumb/v7e-m+fp/hard\libc_nano.a(libc_a-writer.o)
                0x0800d7ac                _write_r
 .text.__errno  0x0800d7d0        0xc C:/ST/STM32CubeIDE_1.13.1/STM32CubeIDE/plugins/com.st.stm32cube.ide.mcu.externaltools.gnu-tools-for-stm32.12.3.rel1.win32_1.0.100.202403111256/tools/bin/../lib/gcc/arm-none-eabi/12.3.1/../../../../arm-none-eabi/lib/thumb/v7e-m+fp/hard\libc_nano.a(libc_a-errno.o)
                0x0800d7d0                __errno
 .text.__libc_init_array
                0x0800d7dc       0x48 C:/ST/STM32CubeIDE_1.13.1/STM32CubeIDE/plugins/com.st.stm32cube.ide.mcu.externaltools.gnu-tools-for-stm32.12.3.rel1.win32_1.0.100.202403111256/tools/bin/../lib/gcc/arm-none-eabi/12.3.1/../../../../arm-none-eabi/lib/thumb/v7e-m+fp/hard\libc_nano.a(libc_a-init.o)
                0x0800d7dc                __libc_init_array
 .text.__retarget_lock_init_recursive
                0x0800d824        0x2 C:/ST/STM32CubeIDE_1.13.1/STM32CubeIDE/plugins/com.st.stm32cube.ide.mcu.externaltools.gnu-tools-for-stm32.12.3.rel1.win32_1.0.100.202403111256/tools/bin/../lib/gcc/arm-none-eabi/12.3.1/../../../../arm-none-eabi/lib/thumb/v7e-m+fp/hard\libc_nano.a(libc_a-lock.o)
                0x0800d824                __retarget_lock_init_recursive
 .text.__retarget_lock_acquire_recursive
                0x0800d826        0x2 C:/ST/STM32CubeIDE_1.13.1/STM32CubeIDE/plugins/com.st.stm32cube.ide.mcu.externaltools.gnu-tools-for-stm32.12.3.rel1.win32_1.0.100.202403111256/tools/bin/../lib/gcc/arm-none-eabi/12.3.1/../../../../arm-none-eabi/lib/thumb/v7e-m+fp/hard\libc_nano.a(libc_a-lock.o)
                0x0800d826                __retarget_lock_acquire_recursive
 .text.__retarget_lock_release_recursive
                0x0800d828        0x2 C:/ST/STM32CubeIDE_1.13.1/STM32CubeIDE/plugins/com.st.stm32cube.ide.mcu.externaltools.gnu-tools-for-stm32.12.3.rel1.win32_1.0.100.202403111256/tools/bin/../lib/gcc/arm-none-eabi/12.3.1/../../../../arm-none-eabi/lib/thumb/v7e-m+fp/hard\libc_nano.a(libc_a-lock.o)
                0x0800d828                __retarget_lock_release_recursive
 .text.memcpy   0x0800d82a       0x1c C:/ST/STM32CubeIDE_1.13.1/STM32CubeIDE/plugins/com.st.stm32cube.ide.mcu.externaltools.gnu-tools-for-stm32.12.3.rel1.win32_1.0.100.202403111256/tools/bin/../lib/gcc/arm-none-eabi/12.3.1/../../../../arm-none-eabi/lib/thumb/v7e-m+fp/hard\libc_nano.a(libc_a-memcpy-stub.o)
                0x0800d82a                memcpy
 .text.abort    0x0800d846        0xe C:/ST/STM32CubeIDE_1.13.1/STM32CubeIDE/plugins/com.st.stm32cube.ide.mcu.externaltools.gnu-tools-for-stm32.12.3.rel1.win32_1.0.100.202403111256/tools/bin/../lib/gcc/arm-none-eabi/12.3.1/../../../../arm-none-eabi/lib/thumb/v7e-m+fp/hard\libc_nano.a(libc_a-abort.o)
                0x0800d846                abort
 .text._free_r  0x0800d854       0x94 C:/ST/STM32CubeIDE_1.13.1/STM32CubeIDE/plugins/com.st.stm32cube.ide.mcu.externaltools.gnu-tools-for-stm32.12.3.rel1.win32_1.0.100.202403111256/tools/bin/../lib/gcc/arm-none-eabi/12.3.1/../../../../arm-none-eabi/lib/thumb/v7e-m+fp/hard\libc_nano.a(libc_a-freer.o)
                0x0800d854                _free_r
 .text.sbrk_aligned
                0x0800d8e8       0x44 C:/ST/STM32CubeIDE_1.13.1/STM32CubeIDE/plugins/com.st.stm32cube.ide.mcu.externaltools.gnu-tools-for-stm32.12.3.rel1.win32_1.0.100.202403111256/tools/bin/../lib/gcc/arm-none-eabi/12.3.1/../../../../arm-none-eabi/lib/thumb/v7e-m+fp/hard\libc_nano.a(libc_a-mallocr.o)
 .text._malloc_r
                0x0800d92c      0x100 C:/ST/STM32CubeIDE_1.13.1/STM32CubeIDE/plugins/com.st.stm32cube.ide.mcu.externaltools.gnu-tools-for-stm32.12.3.rel1.win32_1.0.100.202403111256/tools/bin/../lib/gcc/arm-none-eabi/12.3.1/../../../../arm-none-eabi/lib/thumb/v7e-m+fp/hard\libc_nano.a(libc_a-mallocr.o)
                0x0800d92c                _malloc_r
 .text.__malloc_lock
                0x0800da2c        0xc C:/ST/STM32CubeIDE_1.13.1/STM32CubeIDE/plugins/com.st.stm32cube.ide.mcu.externaltools.gnu-tools-for-stm32.12.3.rel1.win32_1.0.100.202403111256/tools/bin/../lib/gcc/arm-none-eabi/12.3.1/../../../../arm-none-eabi/lib/thumb/v7e-m+fp/hard\libc_nano.a(libc_a-mlock.o)
                0x0800da2c                __malloc_lock
 .text.__malloc_unlock
                0x0800da38        0xc C:/ST/STM32CubeIDE_1.13.1/STM32CubeIDE/plugins/com.st.stm32cube.ide.mcu.externaltools.gnu-tools-for-stm32.12.3.rel1.win32_1.0.100.202403111256/tools/bin/../lib/gcc/arm-none-eabi/12.3.1/../../../../arm-none-eabi/lib/thumb/v7e-m+fp/hard\libc_nano.a(libc_a-mlock.o)
                0x0800da38                __malloc_unlock
 .text.print_e  0x0800da44       0xe4 C:/ST/STM32CubeIDE_1.13.1/STM32CubeIDE/plugins/com.st.stm32cube.ide.mcu.externaltools.gnu-tools-for-stm32.12.3.rel1.win32_1.0.100.202403111256/tools/bin/../lib/gcc/arm-none-eabi/12.3.1/../../../../arm-none-eabi/lib/thumb/v7e-m+fp/hard\libc_nano.a(libc_a-ecvtbuf.o)
 .text._gcvt    0x0800db28      0x188 C:/ST/STM32CubeIDE_1.13.1/STM32CubeIDE/plugins/com.st.stm32cube.ide.mcu.externaltools.gnu-tools-for-stm32.12.3.rel1.win32_1.0.100.202403111256/tools/bin/../lib/gcc/arm-none-eabi/12.3.1/../../../../arm-none-eabi/lib/thumb/v7e-m+fp/hard\libc_nano.a(libc_a-ecvtbuf.o)
                0x0800db28                _gcvt
 .text.__sfputc_r
                0x0800dcb0       0x2e C:/ST/STM32CubeIDE_1.13.1/STM32CubeIDE/plugins/com.st.stm32cube.ide.mcu.externaltools.gnu-tools-for-stm32.12.3.rel1.win32_1.0.100.202403111256/tools/bin/../lib/gcc/arm-none-eabi/12.3.1/../../../../arm-none-eabi/lib/thumb/v7e-m+fp/hard\libc_nano.a(libc_a-nano-vfprintf.o)
 .text.__sfputs_r
                0x0800dcde       0x24 C:/ST/STM32CubeIDE_1.13.1/STM32CubeIDE/plugins/com.st.stm32cube.ide.mcu.externaltools.gnu-tools-for-stm32.12.3.rel1.win32_1.0.100.202403111256/tools/bin/../lib/gcc/arm-none-eabi/12.3.1/../../../../arm-none-eabi/lib/thumb/v7e-m+fp/hard\libc_nano.a(libc_a-nano-vfprintf.o)
                0x0800dcde                __sfputs_r
 *fill*         0x0800dd02        0x2 
 .text._vfprintf_r
                0x0800dd04      0x230 C:/ST/STM32CubeIDE_1.13.1/STM32CubeIDE/plugins/com.st.stm32cube.ide.mcu.externaltools.gnu-tools-for-stm32.12.3.rel1.win32_1.0.100.202403111256/tools/bin/../lib/gcc/arm-none-eabi/12.3.1/../../../../arm-none-eabi/lib/thumb/v7e-m+fp/hard\libc_nano.a(libc_a-nano-vfprintf.o)
                0x0800dd04                _vfprintf_r
                0x0800dd04                _vfiprintf_r
 .text._printf_common
                0x0800df34       0xda C:/ST/STM32CubeIDE_1.13.1/STM32CubeIDE/plugins/com.st.stm32cube.ide.mcu.externaltools.gnu-tools-for-stm32.12.3.rel1.win32_1.0.100.202403111256/tools/bin/../lib/gcc/arm-none-eabi/12.3.1/../../../../arm-none-eabi/lib/thumb/v7e-m+fp/hard\libc_nano.a(libc_a-nano-vfprintf_i.o)
                0x0800df34                _printf_common
 *fill*         0x0800e00e        0x2 
 .text._printf_i
                0x0800e010      0x240 C:/ST/STM32CubeIDE_1.13.1/STM32CubeIDE/plugins/com.st.stm32cube.ide.mcu.externaltools.gnu-tools-for-stm32.12.3.rel1.win32_1.0.100.202403111256/tools/bin/../lib/gcc/arm-none-eabi/12.3.1/../../../../arm-none-eabi/lib/thumb/v7e-m+fp/hard\libc_nano.a(libc_a-nano-vfprintf_i.o)
                0x0800e010                _printf_i
 .text.__sflush_r
                0x0800e250      0x108 C:/ST/STM32CubeIDE_1.13.1/STM32CubeIDE/plugins/com.st.stm32cube.ide.mcu.externaltools.gnu-tools-for-stm32.12.3.rel1.win32_1.0.100.202403111256/tools/bin/../lib/gcc/arm-none-eabi/12.3.1/../../../../arm-none-eabi/lib/thumb/v7e-m+fp/hard\libc_nano.a(libc_a-fflush.o)
                0x0800e250                __sflush_r
 .text._fflush_r
                0x0800e358       0x50 C:/ST/STM32CubeIDE_1.13.1/STM32CubeIDE/plugins/com.st.stm32cube.ide.mcu.externaltools.gnu-tools-for-stm32.12.3.rel1.win32_1.0.100.202403111256/tools/bin/../lib/gcc/arm-none-eabi/12.3.1/../../../../arm-none-eabi/lib/thumb/v7e-m+fp/hard\libc_nano.a(libc_a-fflush.o)
                0x0800e358                _fflush_r
 .text.__swbuf_r
                0x0800e3a8       0x7c C:/ST/STM32CubeIDE_1.13.1/STM32CubeIDE/plugins/com.st.stm32cube.ide.mcu.externaltools.gnu-tools-for-stm32.12.3.rel1.win32_1.0.100.202403111256/tools/bin/../lib/gcc/arm-none-eabi/12.3.1/../../../../arm-none-eabi/lib/thumb/v7e-m+fp/hard\libc_nano.a(libc_a-wbuf.o)
                0x0800e3a8                __swbuf_r
 .text.__swsetup_r
                0x0800e424       0xac C:/ST/STM32CubeIDE_1.13.1/STM32CubeIDE/plugins/com.st.stm32cube.ide.mcu.externaltools.gnu-tools-for-stm32.12.3.rel1.win32_1.0.100.202403111256/tools/bin/../lib/gcc/arm-none-eabi/12.3.1/../../../../arm-none-eabi/lib/thumb/v7e-m+fp/hard\libc_nano.a(libc_a-wsetup.o)
                0x0800e424                __swsetup_r
 .text._raise_r
                0x0800e4d0       0x50 C:/ST/STM32CubeIDE_1.13.1/STM32CubeIDE/plugins/com.st.stm32cube.ide.mcu.externaltools.gnu-tools-for-stm32.12.3.rel1.win32_1.0.100.202403111256/tools/bin/../lib/gcc/arm-none-eabi/12.3.1/../../../../arm-none-eabi/lib/thumb/v7e-m+fp/hard\libc_nano.a(libc_a-signal.o)
                0x0800e4d0                _raise_r
 .text.raise    0x0800e520       0x10 C:/ST/STM32CubeIDE_1.13.1/STM32CubeIDE/plugins/com.st.stm32cube.ide.mcu.externaltools.gnu-tools-for-stm32.12.3.rel1.win32_1.0.100.202403111256/tools/bin/../lib/gcc/arm-none-eabi/12.3.1/../../../../arm-none-eabi/lib/thumb/v7e-m+fp/hard\libc_nano.a(libc_a-signal.o)
                0x0800e520                raise
 .text._kill_r  0x0800e530       0x24 C:/ST/STM32CubeIDE_1.13.1/STM32CubeIDE/plugins/com.st.stm32cube.ide.mcu.externaltools.gnu-tools-for-stm32.12.3.rel1.win32_1.0.100.202403111256/tools/bin/../lib/gcc/arm-none-eabi/12.3.1/../../../../arm-none-eabi/lib/thumb/v7e-m+fp/hard\libc_nano.a(libc_a-signalr.o)
                0x0800e530                _kill_r
 .text._getpid_r
                0x0800e554        0x4 C:/ST/STM32CubeIDE_1.13.1/STM32CubeIDE/plugins/com.st.stm32cube.ide.mcu.externaltools.gnu-tools-for-stm32.12.3.rel1.win32_1.0.100.202403111256/tools/bin/../lib/gcc/arm-none-eabi/12.3.1/../../../../arm-none-eabi/lib/thumb/v7e-m+fp/hard\libc_nano.a(libc_a-signalr.o)
                0x0800e554                _getpid_r
 .text._sbrk_r  0x0800e558       0x20 C:/ST/STM32CubeIDE_1.13.1/STM32CubeIDE/plugins/com.st.stm32cube.ide.mcu.externaltools.gnu-tools-for-stm32.12.3.rel1.win32_1.0.100.202403111256/tools/bin/../lib/gcc/arm-none-eabi/12.3.1/../../../../arm-none-eabi/lib/thumb/v7e-m+fp/hard\libc_nano.a(libc_a-sbrkr.o)
                0x0800e558                _sbrk_r
 .text.strcpy   0x0800e578       0x10 C:/ST/STM32CubeIDE_1.13.1/STM32CubeIDE/plugins/com.st.stm32cube.ide.mcu.externaltools.gnu-tools-for-stm32.12.3.rel1.win32_1.0.100.202403111256/tools/bin/../lib/gcc/arm-none-eabi/12.3.1/../../../../arm-none-eabi/lib/thumb/v7e-m+fp/hard\libc_nano.a(libc_a-strcpy.o)
                0x0800e578                strcpy
 .text.quorem   0x0800e588      0x110 C:/ST/STM32CubeIDE_1.13.1/STM32CubeIDE/plugins/com.st.stm32cube.ide.mcu.externaltools.gnu-tools-for-stm32.12.3.rel1.win32_1.0.100.202403111256/tools/bin/../lib/gcc/arm-none-eabi/12.3.1/../../../../arm-none-eabi/lib/thumb/v7e-m+fp/hard\libc_nano.a(libc_a-dtoa.o)
 .text._dtoa_r  0x0800e698      0xb88 C:/ST/STM32CubeIDE_1.13.1/STM32CubeIDE/plugins/com.st.stm32cube.ide.mcu.externaltools.gnu-tools-for-stm32.12.3.rel1.win32_1.0.100.202403111256/tools/bin/../lib/gcc/arm-none-eabi/12.3.1/../../../../arm-none-eabi/lib/thumb/v7e-m+fp/hard\libc_nano.a(libc_a-dtoa.o)
                0x0800e698                _dtoa_r
 .text.malloc   0x0800f220       0x10 C:/ST/STM32CubeIDE_1.13.1/STM32CubeIDE/plugins/com.st.stm32cube.ide.mcu.externaltools.gnu-tools-for-stm32.12.3.rel1.win32_1.0.100.202403111256/tools/bin/../lib/gcc/arm-none-eabi/12.3.1/../../../../arm-none-eabi/lib/thumb/v7e-m+fp/hard\libc_nano.a(libc_a-malloc.o)
                0x0800f220                malloc
 .text._Balloc  0x0800f230       0x80 C:/ST/STM32CubeIDE_1.13.1/STM32CubeIDE/plugins/com.st.stm32cube.ide.mcu.externaltools.gnu-tools-for-stm32.12.3.rel1.win32_1.0.100.202403111256/tools/bin/../lib/gcc/arm-none-eabi/12.3.1/../../../../arm-none-eabi/lib/thumb/v7e-m+fp/hard\libc_nano.a(libc_a-mprec.o)
                0x0800f230                _Balloc
 .text._Bfree   0x0800f2b0       0x44 C:/ST/STM32CubeIDE_1.13.1/STM32CubeIDE/plugins/com.st.stm32cube.ide.mcu.externaltools.gnu-tools-for-stm32.12.3.rel1.win32_1.0.100.202403111256/tools/bin/../lib/gcc/arm-none-eabi/12.3.1/../../../../arm-none-eabi/lib/thumb/v7e-m+fp/hard\libc_nano.a(libc_a-mprec.o)
                0x0800f2b0                _Bfree
 .text.__multadd
                0x0800f2f4       0x8c C:/ST/STM32CubeIDE_1.13.1/STM32CubeIDE/plugins/com.st.stm32cube.ide.mcu.externaltools.gnu-tools-for-stm32.12.3.rel1.win32_1.0.100.202403111256/tools/bin/../lib/gcc/arm-none-eabi/12.3.1/../../../../arm-none-eabi/lib/thumb/v7e-m+fp/hard\libc_nano.a(libc_a-mprec.o)
                0x0800f2f4                __multadd
 .text.__hi0bits
                0x0800f380       0x3e C:/ST/STM32CubeIDE_1.13.1/STM32CubeIDE/plugins/com.st.stm32cube.ide.mcu.externaltools.gnu-tools-for-stm32.12.3.rel1.win32_1.0.100.202403111256/tools/bin/../lib/gcc/arm-none-eabi/12.3.1/../../../../arm-none-eabi/lib/thumb/v7e-m+fp/hard\libc_nano.a(libc_a-mprec.o)
                0x0800f380                __hi0bits
 .text.__lo0bits
                0x0800f3be       0x5a C:/ST/STM32CubeIDE_1.13.1/STM32CubeIDE/plugins/com.st.stm32cube.ide.mcu.externaltools.gnu-tools-for-stm32.12.3.rel1.win32_1.0.100.202403111256/tools/bin/../lib/gcc/arm-none-eabi/12.3.1/../../../../arm-none-eabi/lib/thumb/v7e-m+fp/hard\libc_nano.a(libc_a-mprec.o)
                0x0800f3be                __lo0bits
 .text.__i2b    0x0800f418       0x2c C:/ST/STM32CubeIDE_1.13.1/STM32CubeIDE/plugins/com.st.stm32cube.ide.mcu.externaltools.gnu-tools-for-stm32.12.3.rel1.win32_1.0.100.202403111256/tools/bin/../lib/gcc/arm-none-eabi/12.3.1/../../../../arm-none-eabi/lib/thumb/v7e-m+fp/hard\libc_nano.a(libc_a-mprec.o)
                0x0800f418                __i2b
 .text.__multiply
                0x0800f444      0x154 C:/ST/STM32CubeIDE_1.13.1/STM32CubeIDE/plugins/com.st.stm32cube.ide.mcu.externaltools.gnu-tools-for-stm32.12.3.rel1.win32_1.0.100.202403111256/tools/bin/../lib/gcc/arm-none-eabi/12.3.1/../../../../arm-none-eabi/lib/thumb/v7e-m+fp/hard\libc_nano.a(libc_a-mprec.o)
                0x0800f444                __multiply
 .text.__pow5mult
                0x0800f598       0xb4 C:/ST/STM32CubeIDE_1.13.1/STM32CubeIDE/plugins/com.st.stm32cube.ide.mcu.externaltools.gnu-tools-for-stm32.12.3.rel1.win32_1.0.100.202403111256/tools/bin/../lib/gcc/arm-none-eabi/12.3.1/../../../../arm-none-eabi/lib/thumb/v7e-m+fp/hard\libc_nano.a(libc_a-mprec.o)
                0x0800f598                __pow5mult
 .text.__lshift
                0x0800f64c       0xd8 C:/ST/STM32CubeIDE_1.13.1/STM32CubeIDE/plugins/com.st.stm32cube.ide.mcu.externaltools.gnu-tools-for-stm32.12.3.rel1.win32_1.0.100.202403111256/tools/bin/../lib/gcc/arm-none-eabi/12.3.1/../../../../arm-none-eabi/lib/thumb/v7e-m+fp/hard\libc_nano.a(libc_a-mprec.o)
                0x0800f64c                __lshift
 .text.__mcmp   0x0800f724       0x36 C:/ST/STM32CubeIDE_1.13.1/STM32CubeIDE/plugins/com.st.stm32cube.ide.mcu.externaltools.gnu-tools-for-stm32.12.3.rel1.win32_1.0.100.202403111256/tools/bin/../lib/gcc/arm-none-eabi/12.3.1/../../../../arm-none-eabi/lib/thumb/v7e-m+fp/hard\libc_nano.a(libc_a-mprec.o)
                0x0800f724                __mcmp
 *fill*         0x0800f75a        0x2 
 .text.__mdiff  0x0800f75c      0x128 C:/ST/STM32CubeIDE_1.13.1/STM32CubeIDE/plugins/com.st.stm32cube.ide.mcu.externaltools.gnu-tools-for-stm32.12.3.rel1.win32_1.0.100.202403111256/tools/bin/../lib/gcc/arm-none-eabi/12.3.1/../../../../arm-none-eabi/lib/thumb/v7e-m+fp/hard\libc_nano.a(libc_a-mprec.o)
                0x0800f75c                __mdiff
 .text.__d2b    0x0800f884       0xb0 C:/ST/STM32CubeIDE_1.13.1/STM32CubeIDE/plugins/com.st.stm32cube.ide.mcu.externaltools.gnu-tools-for-stm32.12.3.rel1.win32_1.0.100.202403111256/tools/bin/../lib/gcc/arm-none-eabi/12.3.1/../../../../arm-none-eabi/lib/thumb/v7e-m+fp/hard\libc_nano.a(libc_a-mprec.o)
                0x0800f884                __d2b
 .text._mprec_log10
                0x0800f934       0x3c C:/ST/STM32CubeIDE_1.13.1/STM32CubeIDE/plugins/com.st.stm32cube.ide.mcu.externaltools.gnu-tools-for-stm32.12.3.rel1.win32_1.0.100.202403111256/tools/bin/../lib/gcc/arm-none-eabi/12.3.1/../../../../arm-none-eabi/lib/thumb/v7e-m+fp/hard\libc_nano.a(libc_a-mprec.o)
                0x0800f934                _mprec_log10
 .text.__swhatbuf_r
                0x0800f970       0x4c C:/ST/STM32CubeIDE_1.13.1/STM32CubeIDE/plugins/com.st.stm32cube.ide.mcu.externaltools.gnu-tools-for-stm32.12.3.rel1.win32_1.0.100.202403111256/tools/bin/../lib/gcc/arm-none-eabi/12.3.1/../../../../arm-none-eabi/lib/thumb/v7e-m+fp/hard\libc_nano.a(libc_a-makebuf.o)
                0x0800f970                __swhatbuf_r
 .text.__smakebuf_r
                0x0800f9bc       0x78 C:/ST/STM32CubeIDE_1.13.1/STM32CubeIDE/plugins/com.st.stm32cube.ide.mcu.externaltools.gnu-tools-for-stm32.12.3.rel1.win32_1.0.100.202403111256/tools/bin/../lib/gcc/arm-none-eabi/12.3.1/../../../../arm-none-eabi/lib/thumb/v7e-m+fp/hard\libc_nano.a(libc_a-makebuf.o)
                0x0800f9bc                __smakebuf_r
 .text._fstat_r
                0x0800fa34       0x24 C:/ST/STM32CubeIDE_1.13.1/STM32CubeIDE/plugins/com.st.stm32cube.ide.mcu.externaltools.gnu-tools-for-stm32.12.3.rel1.win32_1.0.100.202403111256/tools/bin/../lib/gcc/arm-none-eabi/12.3.1/../../../../arm-none-eabi/lib/thumb/v7e-m+fp/hard\libc_nano.a(libc_a-fstatr.o)
                0x0800fa34                _fstat_r
 .text._isatty_r
                0x0800fa58       0x20 C:/ST/STM32CubeIDE_1.13.1/STM32CubeIDE/plugins/com.st.stm32cube.ide.mcu.externaltools.gnu-tools-for-stm32.12.3.rel1.win32_1.0.100.202403111256/tools/bin/../lib/gcc/arm-none-eabi/12.3.1/../../../../arm-none-eabi/lib/thumb/v7e-m+fp/hard\libc_nano.a(libc_a-isattyr.o)
                0x0800fa58                _isatty_r
 .text._calloc_r
                0x0800fa78       0x28 C:/ST/STM32CubeIDE_1.13.1/STM32CubeIDE/plugins/com.st.stm32cube.ide.mcu.externaltools.gnu-tools-for-stm32.12.3.rel1.win32_1.0.100.202403111256/tools/bin/../lib/gcc/arm-none-eabi/12.3.1/../../../../arm-none-eabi/lib/thumb/v7e-m+fp/hard\libc_nano.a(libc_a-callocr.o)
                0x0800fa78                _calloc_r
 *(.glue_7)
 .glue_7        0x0800faa0        0x0 linker stubs
 *(.glue_7t)
 .glue_7t       0x0800faa0        0x0 linker stubs
 *(.eh_frame)
 .eh_frame      0x0800faa0        0x0 C:/ST/STM32CubeIDE_1.13.1/STM32CubeIDE/plugins/com.st.stm32cube.ide.mcu.externaltools.gnu-tools-for-stm32.12.3.rel1.win32_1.0.100.202403111256/tools/bin/../lib/gcc/arm-none-eabi/12.3.1/thumb/v7e-m+fp/hard/crtbegin.o
 *(.init)
 .init          0x0800faa0        0x4 C:/ST/STM32CubeIDE_1.13.1/STM32CubeIDE/plugins/com.st.stm32cube.ide.mcu.externaltools.gnu-tools-for-stm32.12.3.rel1.win32_1.0.100.202403111256/tools/bin/../lib/gcc/arm-none-eabi/12.3.1/thumb/v7e-m+fp/hard/crti.o
                0x0800faa0                _init
 .init          0x0800faa4        0x8 C:/ST/STM32CubeIDE_1.13.1/STM32CubeIDE/plugins/com.st.stm32cube.ide.mcu.externaltools.gnu-tools-for-stm32.12.3.rel1.win32_1.0.100.202403111256/tools/bin/../lib/gcc/arm-none-eabi/12.3.1/thumb/v7e-m+fp/hard/crtn.o
 *(.fini)
 .fini          0x0800faac        0x4 C:/ST/STM32CubeIDE_1.13.1/STM32CubeIDE/plugins/com.st.stm32cube.ide.mcu.externaltools.gnu-tools-for-stm32.12.3.rel1.win32_1.0.100.202403111256/tools/bin/../lib/gcc/arm-none-eabi/12.3.1/thumb/v7e-m+fp/hard/crti.o
                0x0800faac                _fini
 .fini          0x0800fab0        0x8 C:/ST/STM32CubeIDE_1.13.1/STM32CubeIDE/plugins/com.st.stm32cube.ide.mcu.externaltools.gnu-tools-for-stm32.12.3.rel1.win32_1.0.100.202403111256/tools/bin/../lib/gcc/arm-none-eabi/12.3.1/thumb/v7e-m+fp/hard/crtn.o
                0x0800fab8                        . = ALIGN (0x4)
                0x0800fab8                        _etext = .

.vfp11_veneer   0x0800fab8        0x0
 .vfp11_veneer  0x0800fab8        0x0 linker stubs

.v4_bx          0x0800fab8        0x0
 .v4_bx         0x0800fab8        0x0 linker stubs

.iplt           0x0800fab8        0x0
 .iplt          0x0800fab8        0x0 C:/ST/STM32CubeIDE_1.13.1/STM32CubeIDE/plugins/com.st.stm32cube.ide.mcu.externaltools.gnu-tools-for-stm32.12.3.rel1.win32_1.0.100.202403111256/tools/bin/../lib/gcc/arm-none-eabi/12.3.1/thumb/v7e-m+fp/hard/crtbegin.o

.rodata         0x0800fab8     0x1cc0
                0x0800fab8                        . = ALIGN (0x4)
 *(.rodata)
 .rodata        0x0800fab8      0x3bf ./Core/Src/cayenne_lpp.o
 *fill*         0x0800fe77        0x1 
 .rodata        0x0800fe78      0x11f ./Core/Src/debug.o
 *fill*         0x0800ff97        0x1 
 .rodata        0x0800ff98      0x27b ./Core/Src/main.o
 *fill*         0x08010213        0x1 
 .rodata        0x08010214       0x9a ./Core/Src/bme680/bme68x.o
 *(.rodata*)
 *fill*         0x080102ae        0x2 
 .rodata.AES_RCON
                0x080102b0       0x28 ./Core/Src/aes.o
 .rodata.AES_S  0x080102d8      0x100 ./Core/Src/aes.o
 .rodata.AES_E1
                0x080103d8      0x400 ./Core/Src/aes.o
 .rodata.AES_E2
                0x080107d8      0x400 ./Core/Src/aes.o
 .rodata.AES_E3
                0x08010bd8      0x400 ./Core/Src/aes.o
 .rodata.AES_E4
                0x08010fd8      0x400 ./Core/Src/aes.o
 .rodata.__func__.5
                0x080113d8       0x1c ./Core/Src/cayenne_lpp.o
 .rodata.__func__.2
                0x080113f4       0x24 ./Core/Src/cayenne_lpp.o
 .rodata._DR2RPS_CRC
                0x08011418        0xa ./Core/Src/lmic.o
                0x08011418                _DR2RPS_CRC
 *fill*         0x08011422        0x2 
 .rodata.TXPOWLEVELS
                0x08011424       0x10 ./Core/Src/lmic.o
 .rodata.SENSITIVITY
                0x08011434       0x15 ./Core/Src/lmic.o
 *fill*         0x08011449        0x3 
 .rodata.DRADJUST
                0x0801144c        0xa ./Core/Src/lmic.o
 *fill*         0x08011456        0x2 
 .rodata.DR2HSYM_osticks
                0x08011458       0x20 ./Core/Src/lmic.o
 .rodata.iniChannelFreq
                0x08011478       0x30 ./Core/Src/lmic.o
 .rodata.APPEUI
                0x080114a8        0x8 ./Core/Src/main.o
 .rodata.DEVEUI
                0x080114b0        0x8 ./Core/Src/main.o
 .rodata.DEVKEY
                0x080114b8       0x10 ./Core/Src/main.o
 .rodata.rxlorairqmask
                0x080114c8        0x3 ./Core/Src/radio.o
 *fill*         0x080114cb        0x1 
 .rodata.LORA_RXDONE_FIXUP
                0x080114cc        0xe ./Core/Src/radio.o
 *fill*         0x080114da        0x2 
 .rodata.AHBPrescTable
                0x080114dc       0x10 ./Core/Src/system_stm32l4xx.o
                0x080114dc                AHBPrescTable
 .rodata.APBPrescTable
                0x080114ec        0x8 ./Core/Src/system_stm32l4xx.o
                0x080114ec                APBPrescTable
 .rodata.MSIRangeTable
                0x080114f4       0x30 ./Core/Src/system_stm32l4xx.o
                0x080114f4                MSIRangeTable
 .rodata.__assert_func.str1.1
                0x08011524       0x3c C:/ST/STM32CubeIDE_1.13.1/STM32CubeIDE/plugins/com.st.stm32cube.ide.mcu.externaltools.gnu-tools-for-stm32.12.3.rel1.win32_1.0.100.202403111256/tools/bin/../lib/gcc/arm-none-eabi/12.3.1/../../../../arm-none-eabi/lib/thumb/v7e-m+fp/hard\libc_nano.a(libc_a-assert.o)
                                 0x3d (size before relaxing)
 .rodata._vfprintf_r.str1.1
                0x08011560       0x11 C:/ST/STM32CubeIDE_1.13.1/STM32CubeIDE/plugins/com.st.stm32cube.ide.mcu.externaltools.gnu-tools-for-stm32.12.3.rel1.win32_1.0.100.202403111256/tools/bin/../lib/gcc/arm-none-eabi/12.3.1/../../../../arm-none-eabi/lib/thumb/v7e-m+fp/hard\libc_nano.a(libc_a-nano-vfprintf.o)
 .rodata._printf_i.str1.1
                0x08011571       0x22 C:/ST/STM32CubeIDE_1.13.1/STM32CubeIDE/plugins/com.st.stm32cube.ide.mcu.externaltools.gnu-tools-for-stm32.12.3.rel1.win32_1.0.100.202403111256/tools/bin/../lib/gcc/arm-none-eabi/12.3.1/../../../../arm-none-eabi/lib/thumb/v7e-m+fp/hard\libc_nano.a(libc_a-nano-vfprintf_i.o)
 .rodata._dtoa_r.str1.1
                0x08011593       0x8f C:/ST/STM32CubeIDE_1.13.1/STM32CubeIDE/plugins/com.st.stm32cube.ide.mcu.externaltools.gnu-tools-for-stm32.12.3.rel1.win32_1.0.100.202403111256/tools/bin/../lib/gcc/arm-none-eabi/12.3.1/../../../../arm-none-eabi/lib/thumb/v7e-m+fp/hard\libc_nano.a(libc_a-dtoa.o)
 .rodata._Balloc.str1.1
                0x08011622       0x59 C:/ST/STM32CubeIDE_1.13.1/STM32CubeIDE/plugins/com.st.stm32cube.ide.mcu.externaltools.gnu-tools-for-stm32.12.3.rel1.win32_1.0.100.202403111256/tools/bin/../lib/gcc/arm-none-eabi/12.3.1/../../../../arm-none-eabi/lib/thumb/v7e-m+fp/hard\libc_nano.a(libc_a-mprec.o)
                                 0x70 (size before relaxing)
 .rodata.__multadd.str1.1
                0x0801167b       0x11 C:/ST/STM32CubeIDE_1.13.1/STM32CubeIDE/plugins/com.st.stm32cube.ide.mcu.externaltools.gnu-tools-for-stm32.12.3.rel1.win32_1.0.100.202403111256/tools/bin/../lib/gcc/arm-none-eabi/12.3.1/../../../../arm-none-eabi/lib/thumb/v7e-m+fp/hard\libc_nano.a(libc_a-mprec.o)
 *fill*         0x0801167b        0x1 
 .rodata.p05.0  0x0801167c        0xc C:/ST/STM32CubeIDE_1.13.1/STM32CubeIDE/plugins/com.st.stm32cube.ide.mcu.externaltools.gnu-tools-for-stm32.12.3.rel1.win32_1.0.100.202403111256/tools/bin/../lib/gcc/arm-none-eabi/12.3.1/../../../../arm-none-eabi/lib/thumb/v7e-m+fp/hard\libc_nano.a(libc_a-mprec.o)
 .rodata.__mprec_bigtens
                0x08011688       0x28 C:/ST/STM32CubeIDE_1.13.1/STM32CubeIDE/plugins/com.st.stm32cube.ide.mcu.externaltools.gnu-tools-for-stm32.12.3.rel1.win32_1.0.100.202403111256/tools/bin/../lib/gcc/arm-none-eabi/12.3.1/../../../../arm-none-eabi/lib/thumb/v7e-m+fp/hard\libc_nano.a(libc_a-mprec.o)
                0x08011688                __mprec_bigtens
 .rodata.__mprec_tens
                0x080116b0       0xc8 C:/ST/STM32CubeIDE_1.13.1/STM32CubeIDE/plugins/com.st.stm32cube.ide.mcu.externaltools.gnu-tools-for-stm32.12.3.rel1.win32_1.0.100.202403111256/tools/bin/../lib/gcc/arm-none-eabi/12.3.1/../../../../arm-none-eabi/lib/thumb/v7e-m+fp/hard\libc_nano.a(libc_a-mprec.o)
                0x080116b0                __mprec_tens
                0x08011778                        . = ALIGN (0x4)

.ARM.extab      0x08011778        0x0
                0x08011778                        . = ALIGN (0x4)
 *(.ARM.extab* .gnu.linkonce.armextab.*)
                0x08011778                        . = ALIGN (0x4)

.ARM            0x08011778        0x8
                0x08011778                        . = ALIGN (0x4)
                0x08011778                        __exidx_start = .
 *(.ARM.exidx*)
 .ARM.exidx     0x08011778        0x8 C:/ST/STM32CubeIDE_1.13.1/STM32CubeIDE/plugins/com.st.stm32cube.ide.mcu.externaltools.gnu-tools-for-stm32.12.3.rel1.win32_1.0.100.202403111256/tools/bin/../lib/gcc/arm-none-eabi/12.3.1/../../../../arm-none-eabi/lib/thumb/v7e-m+fp/hard\libc_nano.a(libc_a-memchr.o)
 .ARM.exidx     0x08011780        0x0 C:/ST/STM32CubeIDE_1.13.1/STM32CubeIDE/plugins/com.st.stm32cube.ide.mcu.externaltools.gnu-tools-for-stm32.12.3.rel1.win32_1.0.100.202403111256/tools/bin/../lib/gcc/arm-none-eabi/12.3.1/thumb/v7e-m+fp/hard\libgcc.a(_udivmoddi4.o)
                                  0x8 (size before relaxing)
                0x08011780                        __exidx_end = .
                0x08011780                        . = ALIGN (0x4)

.preinit_array  0x08011780        0x0
                0x08011780                        . = ALIGN (0x4)
                0x08011780                        PROVIDE (__preinit_array_start = .)
 *(.preinit_array*)
                0x08011780                        PROVIDE (__preinit_array_end = .)
                0x08011780                        . = ALIGN (0x4)

.init_array     0x08011780        0x4
                0x08011780                        . = ALIGN (0x4)
                0x08011780                        PROVIDE (__init_array_start = .)
 *(SORT_BY_NAME(.init_array.*))
 *(.init_array*)
 .init_array    0x08011780        0x4 C:/ST/STM32CubeIDE_1.13.1/STM32CubeIDE/plugins/com.st.stm32cube.ide.mcu.externaltools.gnu-tools-for-stm32.12.3.rel1.win32_1.0.100.202403111256/tools/bin/../lib/gcc/arm-none-eabi/12.3.1/thumb/v7e-m+fp/hard/crtbegin.o
                0x08011784                        PROVIDE (__init_array_end = .)
                0x08011784                        . = ALIGN (0x4)

.fini_array     0x08011784        0x4
                0x08011784                        . = ALIGN (0x4)
                [!provide]                        PROVIDE (__fini_array_start = .)
 *(SORT_BY_NAME(.fini_array.*))
 *(.fini_array*)
 .fini_array    0x08011784        0x4 C:/ST/STM32CubeIDE_1.13.1/STM32CubeIDE/plugins/com.st.stm32cube.ide.mcu.externaltools.gnu-tools-for-stm32.12.3.rel1.win32_1.0.100.202403111256/tools/bin/../lib/gcc/arm-none-eabi/12.3.1/thumb/v7e-m+fp/hard/crtbegin.o
                [!provide]                        PROVIDE (__fini_array_end = .)
                0x08011788                        . = ALIGN (0x4)
                0x08011788                        _sidata = LOADADDR (.data)

.rel.dyn        0x08011788        0x0
 .rel.iplt      0x08011788        0x0 C:/ST/STM32CubeIDE_1.13.1/STM32CubeIDE/plugins/com.st.stm32cube.ide.mcu.externaltools.gnu-tools-for-stm32.12.3.rel1.win32_1.0.100.202403111256/tools/bin/../lib/gcc/arm-none-eabi/12.3.1/thumb/v7e-m+fp/hard/crtbegin.o

.data           0x20000000       0xc4 load address 0x08011788
                0x20000000                        . = ALIGN (0x4)
                0x20000000                        _sdata = .
 *(.data)
 *(.data*)
 .data.evnames.0
                0x20000000       0x48 ./Core/Src/debug.o
 .data.SystemCoreClock
                0x20000048        0x4 ./Core/Src/system_stm32l4xx.o
                0x20000048                SystemCoreClock
 .data.dev_addr
                0x2000004c        0x1 ./Core/Src/bme680/bme68x_necessary_functions.o
                0x2000004c                dev_addr
 *fill*         0x2000004d        0x3 
 .data.gas_reference
                0x20000050        0x4 ./Core/Src/bme680/bme68x_necessary_functions.o
                0x20000050                gas_reference
 .data.hum_reference
                0x20000054        0x4 ./Core/Src/bme680/bme68x_necessary_functions.o
                0x20000054                hum_reference
 .data.gas_lower_limit
                0x20000058        0x4 ./Core/Src/bme680/bme68x_necessary_functions.o
                0x20000058                gas_lower_limit
 .data.gas_upper_limit
                0x2000005c        0x4 ./Core/Src/bme680/bme68x_necessary_functions.o
                0x2000005c                gas_upper_limit
 .data.uwTickPrio
                0x20000060        0x4 ./Drivers/STM32L4xx_HAL_Driver/Src/stm32l4xx_hal.o
                0x20000060                uwTickPrio
 .data.uwTickFreq
                0x20000064        0x1 ./Drivers/STM32L4xx_HAL_Driver/Src/stm32l4xx_hal.o
                0x20000064                uwTickFreq
 *fill*         0x20000065        0x3 
 .data.__sglue  0x20000068        0xc C:/ST/STM32CubeIDE_1.13.1/STM32CubeIDE/plugins/com.st.stm32cube.ide.mcu.externaltools.gnu-tools-for-stm32.12.3.rel1.win32_1.0.100.202403111256/tools/bin/../lib/gcc/arm-none-eabi/12.3.1/../../../../arm-none-eabi/lib/thumb/v7e-m+fp/hard\libc_nano.a(libc_a-findfp.o)
                0x20000068                __sglue
 .data._impure_ptr
                0x20000074        0x4 C:/ST/STM32CubeIDE_1.13.1/STM32CubeIDE/plugins/com.st.stm32cube.ide.mcu.externaltools.gnu-tools-for-stm32.12.3.rel1.win32_1.0.100.202403111256/tools/bin/../lib/gcc/arm-none-eabi/12.3.1/../../../../arm-none-eabi/lib/thumb/v7e-m+fp/hard\libc_nano.a(libc_a-impure.o)
                0x20000074                _impure_ptr
 .data._impure_data
                0x20000078       0x4c C:/ST/STM32CubeIDE_1.13.1/STM32CubeIDE/plugins/com.st.stm32cube.ide.mcu.externaltools.gnu-tools-for-stm32.12.3.rel1.win32_1.0.100.202403111256/tools/bin/../lib/gcc/arm-none-eabi/12.3.1/../../../../arm-none-eabi/lib/thumb/v7e-m+fp/hard\libc_nano.a(libc_a-impure.o)
                0x20000078                _impure_data
 *(.RamFunc)
 *(.RamFunc*)
                0x200000c4                        . = ALIGN (0x4)
                0x200000c4                        _edata = .

.igot.plt       0x200000c4        0x0 load address 0x0801184c
 .igot.plt      0x200000c4        0x0 C:/ST/STM32CubeIDE_1.13.1/STM32CubeIDE/plugins/com.st.stm32cube.ide.mcu.externaltools.gnu-tools-for-stm32.12.3.rel1.win32_1.0.100.202403111256/tools/bin/../lib/gcc/arm-none-eabi/12.3.1/thumb/v7e-m+fp/hard/crtbegin.o
                0x200000c4                        . = ALIGN (0x4)

.bss            0x200000c4      0x69c load address 0x0801184c
                0x200000c4                        _sbss = .
                0x200000c4                        __bss_start__ = _sbss
 *(.bss)
 .bss           0x200000c4       0x1c C:/ST/STM32CubeIDE_1.13.1/STM32CubeIDE/plugins/com.st.stm32cube.ide.mcu.externaltools.gnu-tools-for-stm32.12.3.rel1.win32_1.0.100.202403111256/tools/bin/../lib/gcc/arm-none-eabi/12.3.1/thumb/v7e-m+fp/hard/crtbegin.o
 *(.bss*)
 .bss.AESAUX    0x200000e0       0x10 ./Core/Src/aes.o
                0x200000e0                AESAUX
 .bss.AESKEY    0x200000f0       0xb0 ./Core/Src/aes.o
                0x200000f0                AESKEY
 .bss.HAL       0x200001a0        0x8 ./Core/Src/hal.o
 .bss.hi2c1     0x200001a8       0x54 ./Core/Src/i2c.o
                0x200001a8                hi2c1
 .bss.LMIC      0x200001fc      0x1ac ./Core/Src/lmic.o
                0x200001fc                LMIC
 .bss.data      0x200003a8       0x1c ./Core/Src/main.o
                0x200003a8                data
 .bss.reportjob
                0x200003c4        0xc ./Core/Src/main.o
 .bss.blinkjob  0x200003d0        0xc ./Core/Src/main.o
 .bss.ledstate  0x200003dc        0x1 ./Core/Src/main.o
 *fill*         0x200003dd        0x3 
 .bss.OS        0x200003e0        0x8 ./Core/Src/oslmic.o
 .bss.randbuf   0x200003e8       0x10 ./Core/Src/radio.o
 .bss.hspi3     0x200003f8       0x64 ./Core/Src/spi.o
                0x200003f8                hspi3
 .bss.__sbrk_heap_end
                0x2000045c        0x4 ./Core/Src/sysmem.o
 .bss.htim7     0x20000460       0x4c ./Core/Src/tim.o
                0x20000460                htim7
 .bss.huart2    0x200004ac       0x88 ./Core/Src/usart.o