Archive member included to satisfy reference by file (symbol)

C:/ST/STM32CubeIDE_1.13.1/STM32CubeIDE/plugins/com.st.stm32cube.ide.mcu.externaltools.gnu-tools-for-stm32.12.3.rel1.win32_1.0.100.202403111256/tools/bin/../lib/gcc/arm-none-eabi/12.3.1/../../../../arm-none-eabi/lib/thumb/v7e-m+fp/hard\libc_nano.a(libc_a-assert.o)
                              ./Core/Src/cayenne_lpp.o (__assert_func)
C:/ST/STM32CubeIDE_1.13.1/STM32CubeIDE/plugins/com.st.stm32cube.ide.mcu.externaltools.gnu-tools-for-stm32.12.3.rel1.win32_1.0.100.202403111256/tools/bin/../lib/gcc/arm-none-eabi/12.3.1/../../../../arm-none-eabi/lib/thumb/v7e-m+fp/hard\libc_nano.a(libc_a-exit.o)
                              C:/ST/STM32CubeIDE_1.13.1/STM32CubeIDE/plugins/com.st.stm32cube.ide.mcu.externaltools.gnu-tools-for-stm32.12.3.rel1.win32_1.0.100.202403111256/tools/bin/../lib/gcc/arm-none-eabi/12.3.1/../../../../arm-none-eabi/lib/thumb/v7e-m+fp/hard/crt0.o (exit)
C:/ST/STM32CubeIDE_1.13.1/STM32CubeIDE/plugins/com.st.stm32cube.ide.mcu.externaltools.gnu-tools-for-stm32.12.3.rel1.win32_1.0.100.202403111256/tools/bin/../lib/gcc/arm-none-eabi/12.3.1/../../../../arm-none-eabi/lib/thumb/v7e-m+fp/hard\libc_nano.a(libc_a-efgcvt.o)
                              ./Core/Src/debug.o (gcvt)
C:/ST/STM32CubeIDE_1.13.1/STM32CubeIDE/plugins/com.st.stm32cube.ide.mcu.externaltools.gnu-tools-for-stm32.12.3.rel1.win32_1.0.100.202403111256/tools/bin/../lib/gcc/arm-none-eabi/12.3.1/../../../../arm-none-eabi/lib/thumb/v7e-m+fp/hard\libc_nano.a(libc_a-findfp.o)
                              C:/ST/STM32CubeIDE_1.13.1/STM32CubeIDE/plugins/com.st.stm32cube.ide.mcu.externaltools.gnu-tools-for-stm32.12.3.rel1.win32_1.0.100.202403111256/tools/bin/../lib/gcc/arm-none-eabi/12.3.1/../../../../arm-none-eabi/lib/thumb/v7e-m+fp/hard\libc_nano.a(libc_a-exit.o) (__stdio_exit_handler)
C:/ST/STM32CubeIDE_1.13.1/STM32CubeIDE/plugins/com.st.stm32cube.ide.mcu.externaltools.gnu-tools-for-stm32.12.3.rel1.win32_1.0.100.202403111256/tools/bin/../lib/gcc/arm-none-eabi/12.3.1/../../../../arm-none-eabi/lib/thumb/v7e-m+fp/hard\libc_nano.a(libc_a-fprintf.o)
                              C:/ST/STM32CubeIDE_1.13.1/STM32CubeIDE/plugins/com.st.stm32cube.ide.mcu.externaltools.gnu-tools-for-stm32.12.3.rel1.win32_1.0.100.202403111256/tools/bin/../lib/gcc/arm-none-eabi/12.3.1/../../../../arm-none-eabi/lib/thumb/v7e-m+fp/hard\libc_nano.a(libc_a-assert.o) (fiprintf)
C:/ST/STM32CubeIDE_1.13.1/STM32CubeIDE/plugins/com.st.stm32cube.ide.mcu.externaltools.gnu-tools-for-stm32.12.3.rel1.win32_1.0.100.202403111256/tools/bin/../lib/gcc/arm-none-eabi/12.3.1/../../../../arm-none-eabi/lib/thumb/v7e-m+fp/hard\libc_nano.a(libc_a-fwalk.o)
                              C:/ST/STM32CubeIDE_1.13.1/STM32CubeIDE/plugins/com.st.stm32cube.ide.mcu.externaltools.gnu-tools-for-stm32.12.3.rel1.win32_1.0.100.202403111256/tools/bin/../lib/gcc/arm-none-eabi/12.3.1/../../../../arm-none-eabi/lib/thumb/v7e-m+fp/hard\libc_nano.a(libc_a-findfp.o) (_fwalk_sglue)
C:/ST/STM32CubeIDE_1.13.1/STM32CubeIDE/plugins/com.st.stm32cube.ide.mcu.externaltools.gnu-tools-for-stm32.12.3.rel1.win32_1.0.100.202403111256/tools/bin/../lib/gcc/arm-none-eabi/12.3.1/../../../../arm-none-eabi/lib/thumb/v7e-m+fp/hard\libc_nano.a(libc_a-stdio.o)
                              C:/ST/STM32CubeIDE_1.13.1/STM32CubeIDE/plugins/com.st.stm32cube.ide.mcu.externaltools.gnu-tools-for-stm32.12.3.rel1.win32_1.0.100.202403111256/tools/bin/../lib/gcc/arm-none-eabi/12.3.1/../../../../arm-none-eabi/lib/thumb/v7e-m+fp/hard\libc_nano.a(libc_a-findfp.o) (__sread)
C:/ST/STM32CubeIDE_1.13.1/STM32CubeIDE/plugins/com.st.stm32cube.ide.mcu.externaltools.gnu-tools-for-stm32.12.3.rel1.win32_1.0.100.202403111256/tools/bin/../lib/gcc/arm-none-eabi/12.3.1/../../../../arm-none-eabi/lib/thumb/v7e-m+fp/hard\libc_nano.a(libc_a-memset.o)
                              C:/ST/STM32CubeIDE_1.13.1/STM32CubeIDE/plugins/com.st.stm32cube.ide.mcu.externaltools.gnu-tools-for-stm32.12.3.rel1.win32_1.0.100.202403111256/tools/bin/../lib/gcc/arm-none-eabi/12.3.1/../../../../arm-none-eabi/lib/thumb/v7e-m+fp/hard/crt0.o (memset)
C:/ST/STM32CubeIDE_1.13.1/STM32CubeIDE/plugins/com.st.stm32cube.ide.mcu.externaltools.gnu-tools-for-stm32.12.3.rel1.win32_1.0.100.202403111256/tools/bin/../lib/gcc/arm-none-eabi/12.3.1/../../../../arm-none-eabi/lib/thumb/v7e-m+fp/hard\libc_nano.a(libc_a-closer.o)
                              C:/ST/STM32CubeIDE_1.13.1/STM32CubeIDE/plugins/com.st.stm32cube.ide.mcu.externaltools.gnu-tools-for-stm32.12.3.rel1.win32_1.0.100.202403111256/tools/bin/../lib/gcc/arm-none-eabi/12.3.1/../../../../arm-none-eabi/lib/thumb/v7e-m+fp/hard\libc_nano.a(libc_a-stdio.o) (_close_r)
C:/ST/STM32CubeIDE_1.13.1/STM32CubeIDE/plugins/com.st.stm32cube.ide.mcu.externaltools.gnu-tools-for-stm32.12.3.rel1.win32_1.0.100.202403111256/tools/bin/../lib/gcc/arm-none-eabi/12.3.1/../../../../arm-none-eabi/lib/thumb/v7e-m+fp/hard\libc_nano.a(libc_a-reent.o)
[...]
Memory Configuration

Name             Origin             Length             Attributes
RAM              0x20000000         0x00010000         xrw
RAM2             0x10000000         0x00004000         xrw
FLASH            0x08000000         0x00040000         xr
*default*        0x00000000         0xffffffff

Linker script and memory map

LOAD C:/ST/STM32CubeIDE_1.13.1/STM32CubeIDE/plugins/com.st.stm32cube.ide.mcu.externaltools.gnu-tools-for-stm32.12.3.rel1.win32_1.0.100.202403111256/tools/bin/../lib/gcc/arm-none-eabi/12.3.1/thumb/v7e-m+fp/hard/crti.o
LOAD C:/ST/STM32CubeIDE_1.13.1/STM32CubeIDE/plugins/com.st.stm32cube.ide.mcu.externaltools.gnu-tools-for-stm32.12.3.rel1.win32_1.0.100.202403111256/tools/bin/../lib/gcc/arm-none-eabi/12.3.1/thumb/v7e-m+fp/hard/crtbegin.o
LOAD C:/ST/STM32CubeIDE_1.13.1/STM32CubeIDE/plugins/com.st.stm32cube.ide.mcu.externaltools.gnu-tools-for-stm32.12.3.rel1.win32_1.0.100.202403111256/tools/bin/../lib/gcc/arm-none-eabi/12.3.1/../../../../arm-none-eabi/lib/thumb/v7e-m+fp/hard/crt0.o
LOAD ./Core/Src/aes.o
LOAD ./Core/Src/cayenne_lpp.o
LOAD ./Core/Src/debug.o
LOAD ./Core/Src/gpio.o
LOAD ./Core/Src/hal.o
LOAD ./Core/Src/i2c.o
LOAD ./Core/Src/lmic.o
LOAD ./Core/Src/main.o
LOAD ./Core/Src/oslmic.o
LOAD ./Core/Src/radio.o
LOAD ./Core/Src/spi.o
LOAD ./Core/Src/stm32l4xx_hal_msp.o
LOAD ./Core/Src/stm32l4xx_it.o
LOAD ./Core/Src/syscalls.o
LOAD ./Core/Src/sysmem.o
LOAD ./Core/Src/system_stm32l4xx.o
LOAD ./Core/Src/tim.o
LOAD ./Core/Src/usart.o
LOAD ./Core/Src/bme680/bme68x.o
LOAD ./Core/Src/bme680/bme68x_necessary_functions.o
LOAD ./Core/Startup/startup_stm32l432kcux.o
LOAD ./Drivers/STM32L4xx_HAL_Driver/Src/stm32l4xx_hal.o
LOAD ./Drivers/STM32L4xx_HAL_Driver/Src/stm32l4xx_hal_cortex.o
LOAD ./Drivers/STM32L4xx_HAL_Driver/Src/stm32l4xx_hal_dma.o
LOAD ./Drivers/STM32L4xx_HAL_Driver/Src/stm32l4xx_hal_dma_ex.o
LOAD ./Drivers/STM32L4xx_HAL_Driver/Src/stm32l4xx_hal_exti.o
LOAD ./Drivers/STM32L4xx_HAL_Driver/Src/stm32l4xx_hal_flash.o
LOAD ./Drivers/STM32L4xx_HAL_Driver/Src/stm32l4xx_hal_flash_ex.o
LOAD ./Drivers/STM32L4xx_HAL_Driver/Src/stm32l4xx_hal_flash_ramfunc.o
LOAD ./Drivers/STM32L4xx_HAL_Driver/Src/stm32l4xx_hal_gpio.o
LOAD ./Drivers/STM32L4xx_HAL_Driver/Src/stm32l4xx_hal_i2c.o
LOAD ./Drivers/STM32L4xx_HAL_Driver/Src/stm32l4xx_hal_i2c_ex.o
LOAD ./Drivers/STM32L4xx_HAL_Driver/Src/stm32l4xx_hal_pwr.o
LOAD ./Drivers/STM32L4xx_HAL_Driver/Src/stm32l4xx_hal_pwr_ex.o
LOAD ./Drivers/STM32L4xx_HAL_Driver/Src/stm32l4xx_hal_rcc.o
LOAD ./Drivers/STM32L4xx_HAL_Driver/Src/stm32l4xx_hal_rcc_ex.o
LOAD ./Drivers/STM32L4xx_HAL_Driver/Src/stm32l4xx_hal_spi.o
LOAD ./Drivers/STM32L4xx_HAL_Driver/Src/stm32l4xx_hal_spi_ex.o
LOAD ./Drivers/STM32L4xx_HAL_Driver/Src/stm32l4xx_hal_tim.o
LOAD ./Drivers/STM32L4xx_HAL_Driver/Src/stm32l4xx_hal_tim_ex.o
LOAD ./Drivers/STM32L4xx_HAL_Driver/Src/stm32l4xx_hal_uart.o
LOAD ./Drivers/STM32L4xx_HAL_Driver/Src/stm32l4xx_hal_uart_ex.o
START GROUP
LOAD C:/ST/STM32CubeIDE_1.13.1/STM32CubeIDE/plugins/com.st.stm32cube.ide.mcu.externaltools.gnu-tools-for-stm32.12.3.rel1.win32_1.0.100.202403111256/tools/bin/../lib/gcc/arm-none-eabi/12.3.1/../../../../arm-none-eabi/lib/thumb/v7e-m+fp/hard\libc_nano.a
LOAD C:/ST/STM32CubeIDE_1.13.1/STM32CubeIDE/plugins/com.st.stm32cube.ide.mcu.externaltools.gnu-tools-for-stm32.12.3.rel1.win32_1.0.100.202403111256/tools/bin/../lib/gcc/arm-none-eabi/12.3.1/../../../../arm-none-eabi/lib/thumb/v7e-m+fp/hard\libm.a
END GROUP
START GROUP
LOAD C:/ST/STM32CubeIDE_1.13.1/STM32CubeIDE/plugins/com.st.stm32cube.ide.mcu.externaltools.gnu-tools-for-stm32.12.3.rel1.win32_1.0.100.202403111256/tools/bin/../lib/gcc/arm-none-eabi/12.3.1/thumb/v7e-m+fp/hard\libgcc.a
LOAD C:/ST/STM32CubeIDE_1.13.1/STM32CubeIDE/plugins/com.st.stm32cube.ide.mcu.externaltools.gnu-tools-for-stm32.12.3.rel1.win32_1.0.100.202403111256/tools/bin/../lib/gcc/arm-none-eabi/12.3.1/../../../../arm-none-eabi/lib/thumb/v7e-m+fp/hard\libc_nano.a
END GROUP
START GROUP
LOAD C:/ST/STM32CubeIDE_1.13.1/STM32CubeIDE/plugins/com.st.stm32cube.ide.mcu.externaltools.gnu-tools-for-stm32.12.3.rel1.win32_1.0.100.202403111256/tools/bin/../lib/gcc/arm-none-eabi/12.3.1/thumb/v7e-m+fp/hard\libgcc.a
LOAD C:/ST/STM32CubeIDE_1.13.1/STM32CubeIDE/plugins/com.st.stm32cube.ide.mcu.externaltools.gnu-tools-for-stm32.12.3.rel1.win32_1.0.100.202403111256/tools/bin/../lib/gcc/arm-none-eabi/12.3.1/../../../../arm-none-eabi/lib/thumb/v7e-m+fp/hard\libc_nano.a
LOAD C:/ST/STM32CubeIDE_1.13.1/STM32CubeIDE/plugins/com.st.stm32cube.ide.mcu.externaltools.gnu-tools-for-stm32.12.3.rel1.win32_1.0.100.202403111256/tools/bin/../lib/gcc/arm-none-eabi/12.3.1/../../../../arm-none-eabi/lib/thumb/v7e-m+fp/hard\libnosys.a
END GROUP
START GROUP
LOAD C:/ST/STM32CubeIDE_1.13.1/STM32CubeIDE/plugins/com.st.stm32cube.ide.mcu.externaltools.gnu-tools-for-stm32.12.3.rel1.win32_1.0.100.202403111256/tools/bin/../lib/gcc/arm-none-eabi/12.3.1/thumb/v7e-m+fp/hard\libgcc.a
LOAD C:/ST/STM32CubeIDE_1.13.1/STM32CubeIDE/plugins/com.st.stm32cube.ide.mcu.externaltools.gnu-tools-for-stm32.12.3.rel1.win32_1.0.100.202403111256/tools/bin/../lib/gcc/arm-none-eabi/12.3.1/../../../../arm-none-eabi/lib/thumb/v7e-m+fp/hard\libc_nano.a
LOAD C:/ST/STM32CubeIDE_1.13.1/STM32CubeIDE/plugins/com.st.stm32cube.ide.mcu.externaltools.gnu-tools-for-stm32.12.3.rel1.win32_1.0.100.202403111256/tools/bin/../lib/gcc/arm-none-eabi/12.3.1/../../../../arm-none-eabi/lib/thumb/v7e-m+fp/hard\libnosys.a
END GROUP
LOAD C:/ST/STM32CubeIDE_1.13.1/STM32CubeIDE/plugins/com.st.stm32cube.ide.mcu.externaltools.gnu-tools-for-stm32.12.3.rel1.win32_1.0.100.202403111256/tools/bin/../lib/gcc/arm-none-eabi/12.3.1/thumb/v7e-m+fp/hard/crtend.o
LOAD C:/ST/STM32CubeIDE_1.13.1/STM32CubeIDE/plugins/com.st.stm32cube.ide.mcu.externaltools.gnu-tools-for-stm32.12.3.rel1.win32_1.0.100.202403111256/tools/bin/../lib/gcc/arm-none-eabi/12.3.1/thumb/v7e-m+fp/hard/crtn.o
                0x20010000                        _estack = (ORIGIN (RAM) + LENGTH (RAM))
                0x00000200                        _Min_Heap_Size = 0x200
                0x00000400                        _Min_Stack_Size = 0x400

.isr_vector     0x08000000      0x18c
                0x08000000                        . = ALIGN (0x4)
 *(.isr_vector)
 .isr_vector    0x08000000      0x18c ./Core/Startup/startup_stm32l432kcux.o
                0x08000000                g_pfnVectors
                0x0800018c                        . = ALIGN (0x4)

.text           0x08000190    0x109f0
                0x08000190                        . = ALIGN (0x4)
 *(.text)
 .text          0x08000190       0x40 C:/ST/STM32CubeIDE_1.13.1/STM32CubeIDE/plugins/com.st.stm32cube.ide.mcu.externaltools.gnu-tools-for-stm32.12.3.rel1.win32_1.0.100.202403111256/tools/bin/../lib/gcc/arm-none-eabi/12.3.1/thumb/v7e-m+fp/hard/crtbegin.o
 .text          0x080001d0       0xa0 C:/ST/STM32CubeIDE_1.13.1/STM32CubeIDE/plugins/com.st.stm32cube.ide.mcu.externaltools.gnu-tools-for-stm32.12.3.rel1.win32_1.0.100.202403111256/tools/bin/../lib/gcc/arm-none-eabi/12.3.1/../../../../arm-none-eabi/lib/thumb/v7e-m+fp/hard\libc_nano.a(libc_a-memchr.o)
                0x080001d0                memchr
 .text          0x08000270      0x378 C:/ST/STM32CubeIDE_1.13.1/STM32CubeIDE/plugins/com.st.stm32cube.ide.mcu.externaltools.gnu-tools-for-stm32.12.3.rel1.win32_1.0.100.202403111256/tools/bin/../lib/gcc/arm-none-eabi/12.3.1/thumb/v7e-m+fp/hard\libgcc.a(_arm_addsubdf3.o)
                0x08000270                __aeabi_drsub
                0x08000278                __aeabi_dsub
                0x08000278                __subdf3
                0x0800027c                __aeabi_dadd
                0x0800027c                __adddf3
                0x080004f4                __floatunsidf
                0x080004f4                __aeabi_ui2d
                0x08000514                __floatsidf
                0x08000514                __aeabi_i2d
                0x08000538                __aeabi_f2d
                0x08000538                __extendsfdf2
                0x0800057c                __floatundidf
                0x0800057c                __aeabi_ul2d
                0x0800058c                __floatdidf
                0x0800058c                __aeabi_l2d
 .text          0x080005e8      0x424 C:/ST/STM32CubeIDE_1.13.1/STM32CubeIDE/plugins/com.st.stm32cube.ide.mcu.externaltools.gnu-tools-for-stm32.12.3.rel1.win32_1.0.100.202403111256/tools/bin/../lib/gcc/arm-none-eabi/12.3.1/thumb/v7e-m+fp/hard\libgcc.a(_arm_muldivdf3.o)
                0x080005e8                __aeabi_dmul
                0x080005e8                __muldf3
                0x0800083c                __divdf3
                0x0800083c                __aeabi_ddiv
 .text          0x08000a0c      0x110 C:/ST/STM32CubeIDE_1.13.1/STM32CubeIDE/plugins/com.st.stm32cube.ide.mcu.externaltools.gnu-tools-for-stm32.12.3.rel1.win32_1.0.100.202403111256/tools/bin/../lib/gcc/arm-none-eabi/12.3.1/thumb/v7e-m+fp/hard\libgcc.a(_arm_cmpdf2.o)
                0x08000a0c                __gtdf2
                0x08000a0c                __gedf2
                0x08000a14                __ltdf2
                0x08000a14                __ledf2
                0x08000a1c                __nedf2
                0x08000a1c                __eqdf2
                0x08000a1c                __cmpdf2
                0x08000a98                __aeabi_cdrcmple
                0x08000aa8                __aeabi_cdcmpeq
                0x08000aa8                __aeabi_cdcmple
                0x08000ab8                __aeabi_dcmpeq
                0x08000acc                __aeabi_dcmplt
                0x08000ae0                __aeabi_dcmple
                0x08000af4                __aeabi_dcmpge
                0x08000b08                __aeabi_dcmpgt
 .text          0x08000b1c       0x50 C:/ST/STM32CubeIDE_1.13.1/STM32CubeIDE/plugins/com.st.stm32cube.ide.mcu.externaltools.gnu-tools-for-stm32.12.3.rel1.win32_1.0.100.202403111256/tools/bin/../lib/gcc/arm-none-eabi/12.3.1/thumb/v7e-m+fp/hard\libgcc.a(_arm_fixdfsi.o)
                0x08000b1c                __aeabi_d2iz
                0x08000b1c                __fixdfsi
 .text          0x08000b6c       0xa0 C:/ST/STM32CubeIDE_1.13.1/STM32CubeIDE/plugins/com.st.stm32cube.ide.mcu.externaltools.gnu-tools-for-stm32.12.3.rel1.win32_1.0.100.202403111256/tools/bin/../lib/gcc/arm-none-eabi/12.3.1/thumb/v7e-m+fp/hard\libgcc.a(_arm_truncdfsf2.o)
                0x08000b6c                __truncdfsf2
                0x08000b6c                __aeabi_d2f
 .text          0x08000c0c       0xa0 C:/ST/STM32CubeIDE_1.13.1/STM32CubeIDE/plugins/com.st.stm32cube.ide.mcu.externaltools.gnu-tools-for-stm32.12.3.rel1.win32_1.0.100.202403111256/tools/bin/../lib/gcc/arm-none-eabi/12.3.1/thumb/v7e-m+fp/hard\libgcc.a(_aeabi_ldivmod.o)
                0x08000c0c                __aeabi_ldivmod
 .text          0x08000cac       0x30 C:/ST/STM32CubeIDE_1.13.1/STM32CubeIDE/plugins/com.st.stm32cube.ide.mcu.externaltools.gnu-tools-for-stm32.12.3.rel1.win32_1.0.100.202403111256/tools/bin/../lib/gcc/arm-none-eabi/12.3.1/thumb/v7e-m+fp/hard\libgcc.a(_aeabi_uldivmod.o)
                0x08000cac                __aeabi_uldivmod
 .text          0x08000cdc      0x2bc C:/ST/STM32CubeIDE_1.13.1/STM32CubeIDE/plugins/com.st.stm32cube.ide.mcu.externaltools.gnu-tools-for-stm32.12.3.rel1.win32_1.0.100.202403111256/tools/bin/../lib/gcc/arm-none-eabi/12.3.1/thumb/v7e-m+fp/hard\libgcc.a(_udivmoddi4.o)
                0x08000cdc                __udivmoddi4
 .text          0x08000f98        0x4 C:/ST/STM32CubeIDE_1.13.1/STM32CubeIDE/plugins/com.st.stm32cube.ide.mcu.externaltools.gnu-tools-for-stm32.12.3.rel1.win32_1.0.100.202403111256/tools/bin/../lib/gcc/arm-none-eabi/12.3.1/thumb/v7e-m+fp/hard\libgcc.a(_dvmd_tls.o)
                0x08000f98                __aeabi_idiv0
                0x08000f98                __aeabi_ldiv0
 *(.text*)
 .text.aesroundkeys
                0x08000f9c       0xf8 ./Core/Src/aes.o
 .text.os_aes   0x08001094      0x988 ./Core/Src/aes.o
                0x08001094                os_aes
 .text.cayenne_lpp_reset
                0x08001a1c       0x24 ./Core/Src/cayenne_lpp.o
                0x08001a1c                cayenne_lpp_reset
 .text.cayenne_lpp_add_analog_input
                0x08001a40       0xc0 ./Core/Src/cayenne_lpp.o
                0x08001a40                cayenne_lpp_add_analog_input
 .text.cayenne_lpp_add_temperature
                0x08001b00       0xbc ./Core/Src/cayenne_lpp.o
                0x08001b00                cayenne_lpp_add_temperature
 .text.cayenne_lpp_add_barometric_pressure
                0x08001bbc       0xc8 ./Core/Src/cayenne_lpp.o
                0x08001bbc                cayenne_lpp_add_barometric_pressure
 .text.debug_init
                0x08001c84       0x14 ./Core/Src/debug.o
                0x08001c84                debug_init
 .text.debug_led
                0x08001c98       0x14 ./Core/Src/debug.o
                0x08001c98                debug_led
 .text.debug_char
                0x08001cac       0x30 ./Core/Src/debug.o
                0x08001cac                debug_char
 .text.debug_hex
                0x08001cdc       0x38 ./Core/Src/debug.o
                0x08001cdc                debug_hex
 .text.debug_uint
                0x08001d14       0x3a ./Core/Src/debug.o
                0x08001d14                debug_uint
 .text.debug_int
                0x08001d4e       0x4a ./Core/Src/debug.o
                0x08001d4e                debug_int
 .text.debug_str
                0x08001d98       0x2a ./Core/Src/debug.o
                0x08001d98                debug_str
 .text.debug_float2str
                0x08001dc2       0x46 ./Core/Src/debug.o
                0x08001dc2                debug_float2str
 .text.debug_val
                0x08001e08       0x2a ./Core/Src/debug.o
                0x08001e08                debug_val
 .text.debug_valdec
                0x08001e32       0x2a ./Core/Src/debug.o
                0x08001e32                debug_valdec
 .text.debug_fmt
                0x08001e5c       0xf0 ./Core/Src/debug.o
                0x08001e5c                debug_fmt
 .text.debug_event
                0x08001f4c       0x3c ./Core/Src/debug.o
                0x08001f4c                debug_event
 .text.MX_GPIO_Init
                0x08001f88       0xc8 ./Core/Src/gpio.o
                0x08001f88                MX_GPIO_Init
 .text.hal_io_init
                0x08002050        0xe ./Core/Src/hal.o
 .text.hal_pin_rxtx
                0x0800205e       0x16 ./Core/Src/hal.o
                0x0800205e                hal_pin_rxtx
 .text.hal_pin_nss
                0x08002074       0x22 ./Core/Src/hal.o
                0x08002074                hal_pin_nss
 .text.hal_pin_rst
                0x08002096       0x6a ./Core/Src/hal.o
                0x08002096                hal_pin_rst
 .text.HAL_GPIO_EXTI_Callback
                0x08002100       0x2a ./Core/Src/hal.o
                0x08002100                HAL_GPIO_EXTI_Callback
 .text.hal_spi_init
                0x0800212a        0xe ./Core/Src/hal.o
                0x0800212a                hal_spi_init
 .text.hal_spi  0x08002138       0x3c ./Core/Src/hal.o
                0x08002138                hal_spi
 .text.hal_time_init
                0x08002174        0xe ./Core/Src/hal.o
 *fill*         0x08002182        0x2 
 .text.hal_ticks
                0x08002184       0x60 ./Core/Src/hal.o
                0x08002184                hal_ticks
 .text.deltaticks
                0x080021e4       0x3a ./Core/Src/hal.o
 .text.hal_waitUntil
                0x0800221e       0x20 ./Core/Src/hal.o
                0x0800221e                hal_waitUntil
 *fill*         0x0800223e        0x2 
 .text.hal_checkTimer
                0x08002240       0x7c ./Core/Src/hal.o
                0x08002240                hal_checkTimer
 .text.HAL_TIM_PeriodElapsedCallback
                0x080022bc       0x34 ./Core/Src/hal.o
                0x080022bc                HAL_TIM_PeriodElapsedCallback
 .text.hal_disableIRQs
                0x080022f0       0x20 ./Core/Src/hal.o
                0x080022f0                hal_disableIRQs
 .text.hal_enableIRQs
                0x08002310       0x28 ./Core/Src/hal.o
                0x08002310                hal_enableIRQs
 .text.hal_sleep
                0x08002338       0x10 ./Core/Src/hal.o
                0x08002338                hal_sleep
 .text.hal_init
                0x08002348       0x2c ./Core/Src/hal.o
                0x08002348                hal_init
 .text.hal_failed
                0x08002374       0x10 ./Core/Src/hal.o
                0x08002374                hal_failed
 .text.MX_I2C1_Init
                0x08002384       0x80 ./Core/Src/i2c.o
                0x08002384                MX_I2C1_Init
 .text.HAL_I2C_MspInit
                0x08002404       0xb0 ./Core/Src/i2c.o
                0x08002404                HAL_I2C_MspInit
 .text.getSf    0x080024b4       0x20 ./Core/Src/lmic.o
                0x080024b4                getSf
 .text.getBw    0x080024d4       0x24 ./Core/Src/lmic.o
                0x080024d4                getBw
 .text.getCr    0x080024f8       0x24 ./Core/Src/lmic.o
                0x080024f8                getCr
 .text.setCr    0x0800251c       0x32 ./Core/Src/lmic.o
                0x0800251c                setCr
 .text.getNocrc
                0x0800254e       0x20 ./Core/Src/lmic.o
                0x0800254e                getNocrc
 .text.setNocrc
                0x0800256e       0x2e ./Core/Src/lmic.o
                0x0800256e                setNocrc
 .text.getIh    0x0800259c       0x1e ./Core/Src/lmic.o
                0x0800259c                getIh
 .text.setIh    0x080025ba       0x2c ./Core/Src/lmic.o
                0x080025ba                setIh
 *fill*         0x080025e6        0x2 
 .text.updr2rps
                0x080025e8       0x24 ./Core/Src/lmic.o
                0x080025e8                updr2rps
 .text.dndr2rps
                0x0800260c       0x26 ./Core/Src/lmic.o
                0x0800260c                dndr2rps
 *fill*         0x08002632        0x2 
 .text.decDR    0x08002634       0x30 ./Core/Src/lmic.o
                0x08002634                decDR
 .text.validDR  0x08002664       0x2c ./Core/Src/lmic.o
                0x08002664                validDR
 .text.lowerDR  0x08002690       0x32 ./Core/Src/lmic.o
                0x08002690                lowerDR
 .text.os_rlsbf2
                0x080026c2       0x2a ./Core/Src/lmic.o
                0x080026c2                os_rlsbf2
 .text.os_rlsbf4
                0x080026ec       0x3a ./Core/Src/lmic.o
                0x080026ec                os_rlsbf4
 .text.os_rmsbf4
                0x08002726       0x3a ./Core/Src/lmic.o
                0x08002726                os_rmsbf4
 .text.os_wlsbf2
                0x08002760       0x2e ./Core/Src/lmic.o
                0x08002760                os_wlsbf2
 .text.os_wlsbf4
                0x0800278e       0x42 ./Core/Src/lmic.o
                0x0800278e                os_wlsbf4
 .text.os_wmsbf4
                0x080027d0       0x42 ./Core/Src/lmic.o
                0x080027d0                os_wmsbf4
 .text.os_getBattLevel
                0x08002812       0x10 ./Core/Src/lmic.o
                0x08002812                os_getBattLevel
 .text.os_crc16
                0x08002822       0x7e ./Core/Src/lmic.o
                0x08002822                os_crc16
 .text.micB0    0x080028a0       0x68 ./Core/Src/lmic.o
 .text.aes_verifyMic
                0x08002908       0x58 ./Core/Src/lmic.o
 .text.aes_appendMic
                0x08002960       0x50 ./Core/Src/lmic.o
 .text.aes_appendMic0
                0x080029b0       0x3c ./Core/Src/lmic.o
 .text.aes_verifyMic0
                0x080029ec       0x44 ./Core/Src/lmic.o
 .text.aes_encrypt
                0x08002a30       0x2c ./Core/Src/lmic.o
 .text.aes_cipher
                0x08002a5c       0x88 ./Core/Src/lmic.o
 .text.aes_sessKeys
                0x08002ae4       0x78 ./Core/Src/lmic.o
 .text.getSensitivity
                0x08002b5c       0x40 ./Core/Src/lmic.o
                0x08002b5c                getSensitivity
 .text.calcAirTime
                0x08002b9c      0x130 ./Core/Src/lmic.o
                0x08002b9c                calcAirTime
 .text.calcRxWindow
                0x08002ccc       0xa8 ./Core/Src/lmic.o
 .text.calcBcnRxWindowFromMillis
                0x08002d74      0x10c ./Core/Src/lmic.o
 .text.rxschedInit
                0x08002e80       0xdc ./Core/Src/lmic.o
 .text.rxschedNext
                0x08002f5c       0x9c ./Core/Src/lmic.o
 .text.rndDelay
                0x08002ff8       0x7c ./Core/Src/lmic.o
 .text.txDelay  0x08003074       0x5c ./Core/Src/lmic.o
 .text.setDrJoin
                0x080030d0       0x28 ./Core/Src/lmic.o
 .text.setDrTxpow
                0x080030f8       0x5c ./Core/Src/lmic.o
 .text.initDefaultChannels
                0x08003154      0x10c ./Core/Src/lmic.o
 .text.LMIC_setupChannel
                0x08003260       0xf4 ./Core/Src/lmic.o
                0x08003260                LMIC_setupChannel
 .text.convFreq
                0x08003354       0x44 ./Core/Src/lmic.o
 .text.mapChannels
                0x08003398       0x94 ./Core/Src/lmic.o
 .text.updateTx
                0x0800342c       0x94 ./Core/Src/lmic.o
 .text.nextTx   0x080034c0      0x138 ./Core/Src/lmic.o
 .text.setBcnRxParams
                0x080035f8       0x4c ./Core/Src/lmic.o
 .text.initJoinLoop
                0x08003644       0x6c ./Core/Src/lmic.o
 .text.nextJoinState
                0x080036b0       0xd0 ./Core/Src/lmic.o
 .text.runEngineUpdate
                0x08003780       0x14 ./Core/Src/lmic.o
 .text.reportEvent
                0x08003794       0x1e ./Core/Src/lmic.o
 .text.runReset
                0x080037b2       0x1e ./Core/Src/lmic.o
 .text.stateJustJoined
                0x080037d0       0xcc ./Core/Src/lmic.o
 .text.decodeBeacon
                0x0800389c      0x128 ./Core/Src/lmic.o
 .text.decodeFrame
                0x080039c4      0x66c ./Core/Src/lmic.o
 .text.setupRx2
                0x08004030       0x40 ./Core/Src/lmic.o
 .text.schedRx2
                0x08004070       0x50 ./Core/Src/lmic.o
 .text.setupRx1
                0x080040c0       0x44 ./Core/Src/lmic.o
 .text.txDone   0x08004104       0xa4 ./Core/Src/lmic.o
 .text.onJoinFailed
                0x080041a8       0x16 ./Core/Src/lmic.o
 *fill*         0x080041be        0x2 
 .text.processJoinAccept
                0x080041c0      0x294 ./Core/Src/lmic.o
 .text.processRx2Jacc
                0x08004454       0x2c ./Core/Src/lmic.o
 .text.setupRx2Jacc
                0x08004480       0x24 ./Core/Src/lmic.o
 .text.processRx1Jacc
                0x080044a4       0x38 ./Core/Src/lmic.o
 .text.setupRx1Jacc
                0x080044dc       0x1c ./Core/Src/lmic.o
 .text.jreqDone
                0x080044f8       0x20 ./Core/Src/lmic.o
 .text.processRx2DnDataDelay
                0x08004518       0x14 ./Core/Src/lmic.o
 .text.processRx2DnData
                0x0800452c       0x54 ./Core/Src/lmic.o
 .text.setupRx2DnData
                0x08004580       0x24 ./Core/Src/lmic.o
 .text.processRx1DnData
                0x080045a4       0x48 ./Core/Src/lmic.o
 .text.setupRx1DnData
                0x080045ec       0x1c ./Core/Src/lmic.o
 .text.updataDone
                0x08004608       0x30 ./Core/Src/lmic.o
 .text.buildDataFrame
                0x08004638      0x3cc ./Core/Src/lmic.o
 .text.onBcnRx  0x08004a04       0xa8 ./Core/Src/lmic.o
 .text.startScan
                0x08004aac       0xb0 ./Core/Src/lmic.o
 .text.buildJoinRequest
                0x08004b5c       0x6c ./Core/Src/lmic.o
 .text.startJoining
                0x08004bc8       0x16 ./Core/Src/lmic.o
 *fill*         0x08004bde        0x2 
 .text.LMIC_startJoining
                0x08004be0       0x94 ./Core/Src/lmic.o
                0x08004be0                LMIC_startJoining
 .text.processPingRx
                0x08004c74       0x3c ./Core/Src/lmic.o
 .text.processDnData
                0x08004cb0      0x1e8 ./Core/Src/lmic.o
 .text.processBeacon
                0x08004e98      0x218 ./Core/Src/lmic.o
 .text.startRxBcn
                0x080050b0       0x24 ./Core/Src/lmic.o
 .text.startRxPing
                0x080050d4       0x24 ./Core/Src/lmic.o
 .text.engineUpdate
                0x080050f8      0x394 ./Core/Src/lmic.o
 .text.LMIC_reset
                0x0800548c       0x9c ./Core/Src/lmic.o
                0x0800548c                LMIC_reset
 .text.LMIC_init
                0x08005528       0x1c ./Core/Src/lmic.o
                0x08005528                LMIC_init
 .text.LMIC_setTxData
                0x08005544       0x38 ./Core/Src/lmic.o
                0x08005544                LMIC_setTxData
 .text.LMIC_setTxData2
                0x0800557c       0x64 ./Core/Src/lmic.o
                0x0800557c                LMIC_setTxData2
 .text.os_getArtEui
                0x080055e0       0x28 ./Core/Src/main.o
                0x080055e0                os_getArtEui
 .text.os_getDevEui
                0x08005608       0x28 ./Core/Src/main.o
                0x08005608                os_getDevEui
 .text.os_getDevKey
                0x08005630       0x28 ./Core/Src/main.o
                0x08005630                os_getDevKey
 .text.initsensor
                0x08005658       0x18 ./Core/Src/main.o
                0x08005658                initsensor
 .text.valueToSpeed
                0x08005670       0x74 ./Core/Src/main.o
                0x08005670                valueToSpeed
 .text.IAQtoSpeed
                0x080056e4       0x9c ./Core/Src/main.o
                0x080056e4                IAQtoSpeed
 .text.update_fan_speed
                0x08005780       0x3c ./Core/Src/main.o
                0x08005780                update_fan_speed
 .text.initfunc
                0x080057bc       0x34 ./Core/Src/main.o
                0x080057bc                initfunc
 .text.readBoschsensor
                0x080057f0      0x10c ./Core/Src/main.o
                0x080057f0                readBoschsensor
 .text.reportfunc
                0x080058fc       0xc0 ./Core/Src/main.o
 .text.blinkfunc
                0x080059bc       0x4c ./Core/Src/main.o
 .text.onEvent  0x08005a08      0x254 ./Core/Src/main.o
                0x08005a08                onEvent
 .text.main     0x08005c5c       0x74 ./Core/Src/main.o
                0x08005c5c                main
 .text.SystemClock_Config
                0x08005cd0       0xa2 ./Core/Src/main.o
                0x08005cd0                SystemClock_Config
 .text.Error_Handler
                0x08005d72        0xc ./Core/Src/main.o
                0x08005d72                Error_Handler
 *fill*         0x08005d7e        0x2 
 .text.os_init  0x08005d80       0x24 ./Core/Src/oslmic.o
                0x08005d80                os_init
 .text.os_getTime
                0x08005da4        0xe ./Core/Src/oslmic.o
                0x08005da4                os_getTime
 .text.unlinkjob
                0x08005db2       0x3e ./Core/Src/oslmic.o
 .text.os_clearCallback
                0x08005df0       0x3c ./Core/Src/oslmic.o
                0x08005df0                os_clearCallback
 .text.os_setCallback
                0x08005e2c       0x4c ./Core/Src/oslmic.o
                0x08005e2c                os_setCallback
 .text.os_setTimedCallback
                0x08005e78       0x6c ./Core/Src/oslmic.o
                0x08005e78                os_setTimedCallback
 .text.os_runloop
                0x08005ee4       0x6c ./Core/Src/oslmic.o
                0x08005ee4                os_runloop
 .text.writeReg
                0x08005f50       0x3a ./Core/Src/radio.o
 .text.readReg  0x08005f8a       0x38 ./Core/Src/radio.o
 .text.writeBuf
                0x08005fc2       0x54 ./Core/Src/radio.o
 .text.readBuf  0x08006016       0x56 ./Core/Src/radio.o
 .text.opmode   0x0800606c       0x34 ./Core/Src/radio.o
 .text.opmodeLora
                0x080060a0       0x24 ./Core/Src/radio.o
 .text.opmodeFSK
                0x080060c4       0x24 ./Core/Src/radio.o
 .text.configLoraModem
                0x080060e8      0x15c ./Core/Src/radio.o
 .text.configChannel
                0x08006244       0x7c ./Core/Src/radio.o
 .text.configPower
                0x080062c0       0x60 ./Core/Src/radio.o
 .text.txfsk    0x08006320       0xdc ./Core/Src/radio.o
 .text.txlora   0x080063fc       0xb4 ./Core/Src/radio.o
 .text.starttx  0x080064b0       0x3c ./Core/Src/radio.o
 .text.rxlora   0x080064ec       0xf8 ./Core/Src/radio.o
 .text.rxfsk    0x080065e4       0xe0 ./Core/Src/radio.o
 .text.startrx  0x080066c4       0x4c ./Core/Src/radio.o
 .text.radio_init
                0x08006710       0xe8 ./Core/Src/radio.o
                0x08006710                radio_init
 .text.radio_rand1
                0x080067f8       0x4c ./Core/Src/radio.o
                0x080067f8                radio_rand1
 .text.radio_irq_handler
                0x08006844      0x1ac ./Core/Src/radio.o
                0x08006844                radio_irq_handler
 .text.os_radio
                0x080069f0       0x58 ./Core/Src/radio.o
                0x080069f0                os_radio
 .text.MX_SPI3_Init
                0x08006a48       0x7c ./Core/Src/spi.o
                0x08006a48                MX_SPI3_Init
 .text.HAL_SPI_MspInit
                0x08006ac4       0x88 ./Core/Src/spi.o
                0x08006ac4                HAL_SPI_MspInit
 .text.HAL_MspInit
                0x08006b4c       0x48 ./Core/Src/stm32l4xx_hal_msp.o
                0x08006b4c                HAL_MspInit
 .text.NMI_Handler
                0x08006b94        0x8 ./Core/Src/stm32l4xx_it.o
                0x08006b94                NMI_Handler
 .text.HardFault_Handler
                0x08006b9c        0x8 ./Core/Src/stm32l4xx_it.o
                0x08006b9c                HardFault_Handler
 .text.MemManage_Handler
                0x08006ba4        0x8 ./Core/Src/stm32l4xx_it.o
                0x08006ba4                MemManage_Handler
 .text.BusFault_Handler
                0x08006bac        0x8 ./Core/Src/stm32l4xx_it.o
                0x08006bac                BusFault_Handler
 .text.UsageFault_Handler
                0x08006bb4        0x8 ./Core/Src/stm32l4xx_it.o
                0x08006bb4                UsageFault_Handler
 .text.SVC_Handler
                0x08006bbc        0xe ./Core/Src/stm32l4xx_it.o
                0x08006bbc                SVC_Handler
 .text.DebugMon_Handler
                0x08006bca        0xe ./Core/Src/stm32l4xx_it.o
                0x08006bca                DebugMon_Handler
 .text.PendSV_Handler
                0x08006bd8        0xe ./Core/Src/stm32l4xx_it.o
                0x08006bd8                PendSV_Handler
 .text.SysTick_Handler
                0x08006be6        0xc ./Core/Src/stm32l4xx_it.o
                0x08006be6                SysTick_Handler
 .text.EXTI9_5_IRQHandler
                0x08006bf2       0x14 ./Core/Src/stm32l4xx_it.o
                0x08006bf2                EXTI9_5_IRQHandler
 *fill*         0x08006c06        0x2 
 .text.TIM7_IRQHandler
                0x08006c08       0x14 ./Core/Src/stm32l4xx_it.o
                0x08006c08                TIM7_IRQHandler
 .text._getpid  0x08006c1c       0x10 ./Core/Src/syscalls.o
                0x08006c1c                _getpid
 .text._kill    0x08006c2c       0x20 ./Core/Src/syscalls.o
                0x08006c2c                _kill
 .text._exit    0x08006c4c       0x16 ./Core/Src/syscalls.o
                0x08006c4c                _exit
 .text._read    0x08006c62       0x3a ./Core/Src/syscalls.o
                0x08006c62                _read
 .text._write   0x08006c9c       0x38 ./Core/Src/syscalls.o
                0x08006c9c                _write
 .text._close   0x08006cd4       0x18 ./Core/Src/syscalls.o
                0x08006cd4                _close
 .text._fstat   0x08006cec       0x20 ./Core/Src/syscalls.o
                0x08006cec                _fstat
 .text._isatty  0x08006d0c       0x16 ./Core/Src/syscalls.o
                0x08006d0c                _isatty
 .text._lseek   0x08006d22       0x1a ./Core/Src/syscalls.o
                0x08006d22                _lseek
 .text._sbrk    0x08006d3c       0x6c ./Core/Src/sysmem.o
                0x08006d3c                _sbrk
 .text.SystemInit
                0x08006da8       0x24 ./Core/Src/system_stm32l4xx.o
                0x08006da8                SystemInit
 .text.MX_TIM2_Init
                0x08006dcc       0xf0 ./Core/Src/tim.o
                0x08006dcc                MX_TIM2_Init
 .text.MX_TIM7_Init
                0x08006ebc       0x70 ./Core/Src/tim.o
                0x08006ebc                MX_TIM7_Init
 .text.HAL_TIM_Base_MspInit
                0x08006f2c       0x70 ./Core/Src/tim.o
                0x08006f2c                HAL_TIM_Base_MspInit
 .text.HAL_TIM_MspPostInit
                0x08006f9c       0x68 ./Core/Src/tim.o
                0x08006f9c                HAL_TIM_MspPostInit
 .text.MX_USART2_UART_Init
                0x08007004       0x60 ./Core/Src/usart.o
                0x08007004                MX_USART2_UART_Init
 .text.HAL_UART_MspInit
                0x08007064       0xb0 ./Core/Src/usart.o
                0x08007064                HAL_UART_MspInit
 .text.bme68x_init
                0x08007114       0x68 ./Core/Src/bme680/bme68x.o
                0x08007114                bme68x_init
 .text.bme68x_set_regs
                0x0800717c      0x120 ./Core/Src/bme680/bme68x.o
                0x0800717c                bme68x_set_regs
 .text.bme68x_get_regs
                0x0800729c       0x88 ./Core/Src/bme680/bme68x.o
                0x0800729c                bme68x_get_regs
 .text.bme68x_soft_reset
                0x08007324       0x86 ./Core/Src/bme680/bme68x.o
                0x08007324                bme68x_soft_reset
 *fill*         0x080073aa        0x2 
 .text.bme68x_set_conf
                0x080073ac      0x208 ./Core/Src/bme680/bme68x.o
                0x080073ac                bme68x_set_conf
 .text.bme68x_set_op_mode
                0x080075b4       0xc2 ./Core/Src/bme680/bme68x.o
                0x080075b4                bme68x_set_op_mode
 .text.bme68x_get_op_mode
                0x08007676       0x40 ./Core/Src/bme680/bme68x.o
                0x08007676                bme68x_get_op_mode
 *fill*         0x080076b6        0x2 
 .text.bme68x_get_meas_dur
                0x080076b8       0xe8 ./Core/Src/bme680/bme68x.o
                0x080076b8                bme68x_get_meas_dur
 .text.bme68x_get_data
                0x080077a0      0x1fc ./Core/Src/bme680/bme68x.o
                0x080077a0                bme68x_get_data
 .text.bme68x_set_heatr_conf
                0x0800799c      0x110 ./Core/Src/bme680/bme68x.o
                0x0800799c                bme68x_set_heatr_conf
 .text.calc_temperature
                0x08007aac      0x10c ./Core/Src/bme680/bme68x.o
 .text.calc_pressure
                0x08007bb8      0x284 ./Core/Src/bme680/bme68x.o
 .text.calc_humidity
                0x08007e3c      0x198 ./Core/Src/bme680/bme68x.o
 .text.calc_gas_resistance_low
                0x08007fd4      0x144 ./Core/Src/bme680/bme68x.o
 .text.calc_gas_resistance_high
                0x08008118       0x74 ./Core/Src/bme680/bme68x.o
 .text.calc_res_heat
                0x0800818c      0x160 ./Core/Src/bme680/bme68x.o
 .text.calc_gas_wait
                0x080082ec       0x4a ./Core/Src/bme680/bme68x.o
 .text.read_field_data
                0x08008336      0x288 ./Core/Src/bme680/bme68x.o
 .text.read_all_field_data
                0x080085be      0x458 ./Core/Src/bme680/bme68x.o
 .text.set_mem_page
                0x08008a16       0xca ./Core/Src/bme680/bme68x.o
 .text.get_mem_page
                0x08008ae0       0x5e ./Core/Src/bme680/bme68x.o
 .text.boundary_check
                0x08008b3e       0x5a ./Core/Src/bme680/bme68x.o
 .text.null_ptr_check
                0x08008b98       0x3e ./Core/Src/bme680/bme68x.o
 *fill*         0x08008bd6        0x2 
 .text.set_conf
                0x08008bd8      0x2ac ./Core/Src/bme680/bme68x.o
 .text.calc_heatr_dur_shared
                0x08008e84       0x6c ./Core/Src/bme680/bme68x.o
 .text.sort_sensor_data
                0x08008ef0       0xac ./Core/Src/bme680/bme68x.o
 .text.swap_fields
                0x08008f9c       0x48 ./Core/Src/bme680/bme68x.o
 .text.get_calib_data
                0x08008fe4      0x208 ./Core/Src/bme680/bme68x.o
 .text.read_variant_id
                0x080091ec       0x3a ./Core/Src/bme680/bme68x.o
 *fill*         0x08009226        0x2 
 .text.bme68x_start
                0x08009228       0xa0 ./Core/Src/bme680/bme68x_necessary_functions.o
                0x08009228                bme68x_start
 .text.bme68x_single_measure
                0x080092c8       0x80 ./Core/Src/bme680/bme68x_necessary_functions.o
                0x080092c8                bme68x_single_measure
 .text.bme68x_i2c_write
                0x08009348       0x50 ./Core/Src/bme680/bme68x_necessary_functions.o
                0x08009348                bme68x_i2c_write
 .text.bme68x_i2c_read
                0x08009398       0x58 ./Core/Src/bme680/bme68x_necessary_functions.o
                0x08009398                bme68x_i2c_read
 .text.bme68x_delay_us
                0x080093f0       0x28 ./Core/Src/bme680/bme68x_necessary_functions.o
                0x080093f0                bme68x_delay_us
 .text.bme68x_interface_init
                0x08009418       0x94 ./Core/Src/bme680/bme68x_necessary_functions.o
                0x08009418                bme68x_interface_init
 .text.bme68x_GetGasReference
                0x080094ac       0x6c ./Core/Src/bme680/bme68x_necessary_functions.o
                0x080094ac                bme68x_GetGasReference
 .text.bme68x_GetHumidityScore
                0x08009518      0x178 ./Core/Src/bme680/bme68x_necessary_functions.o
                0x08009518                bme68x_GetHumidityScore
 .text.bme68x_GetGasScore
                0x08009690      0x134 ./Core/Src/bme680/bme68x_necessary_functions.o
                0x08009690                bme68x_GetGasScore
 .text.bme68x_iaq
                0x080097c4       0x8c ./Core/Src/bme680/bme68x_necessary_functions.o
                0x080097c4                bme68x_iaq
 .text.Reset_Handler
                0x08009850       0x50 ./Core/Startup/startup_stm32l432kcux.o
                0x08009850                Reset_Handler
 .text.Default_Handler
                0x080098a0        0x2 ./Core/Startup/startup_stm32l432kcux.o
                0x080098a0                RTC_Alarm_IRQHandler
                0x080098a0                EXTI2_IRQHandler
                0x080098a0                TIM1_CC_IRQHandler
                0x080098a0                TSC_IRQHandler
                0x080098a0                TAMP_STAMP_IRQHandler
                0x080098a0                EXTI3_IRQHandler
                0x080098a0                LPTIM2_IRQHandler
                0x080098a0                I2C3_ER_IRQHandler
                0x080098a0                EXTI0_IRQHandler
                0x080098a0                CAN1_RX0_IRQHandler
                0x080098a0                FPU_IRQHandler
                0x080098a0                TIM1_UP_TIM16_IRQHandler
                0x080098a0                SPI1_IRQHandler
                0x080098a0                TIM6_DAC_IRQHandler
                0x080098a0                DMA2_Channel2_IRQHandler
                0x080098a0                DMA1_Channel4_IRQHandler
                0x080098a0                ADC1_IRQHandler
                0x080098a0                DMA1_Channel7_IRQHandler
                0x080098a0                CAN1_RX1_IRQHandler
                0x080098a0                DMA2_Channel1_IRQHandler
                0x080098a0                QUADSPI_IRQHandler
                0x080098a0                I2C1_EV_IRQHandler
                0x080098a0                DMA1_Channel6_IRQHandler
                0x080098a0                DMA2_Channel4_IRQHandler
                0x080098a0                RCC_IRQHandler
                0x080098a0                TIM1_TRG_COM_IRQHandler
                0x080098a0                DMA1_Channel1_IRQHandler
                0x080098a0                Default_Handler
                0x080098a0                DMA2_Channel7_IRQHandler
                0x080098a0                EXTI15_10_IRQHandler
                0x080098a0                I2C3_EV_IRQHandler
                0x080098a0                USB_IRQHandler
                0x080098a0                RTC_WKUP_IRQHandler
                0x080098a0                PVD_PVM_IRQHandler
                0x080098a0                CAN1_TX_IRQHandler
                0x080098a0                DMA2_Channel5_IRQHandler
                0x080098a0                CRS_IRQHandler
                0x080098a0                DMA1_Channel5_IRQHandler
                0x080098a0                EXTI4_IRQHandler
                0x080098a0                RNG_IRQHandler
                0x080098a0                DMA1_Channel3_IRQHandler
                0x080098a0                COMP_IRQHandler
                0x080098a0                WWDG_IRQHandler
                0x080098a0                LPUART1_IRQHandler
                0x080098a0                DMA2_Channel6_IRQHandler
                0x080098a0                TIM2_IRQHandler
                0x080098a0                EXTI1_IRQHandler
                0x080098a0                USART2_IRQHandler
                0x080098a0                DMA1_Channel2_IRQHandler
                0x080098a0                CAN1_SCE_IRQHandler
                0x080098a0                FLASH_IRQHandler
                0x080098a0                USART1_IRQHandler
                0x080098a0                SPI3_IRQHandler
                0x080098a0                I2C1_ER_IRQHandler
                0x080098a0                SWPMI1_IRQHandler
                0x080098a0                LPTIM1_IRQHandler
                0x080098a0                SAI1_IRQHandler
                0x080098a0                DMA2_Channel3_IRQHandler
                0x080098a0                TIM1_BRK_TIM15_IRQHandler
 .text.HAL_Init
                0x080098a2       0x30 ./Drivers/STM32L4xx_HAL_Driver/Src/stm32l4xx_hal.o
                0x080098a2                HAL_Init
 *fill*         0x080098d2        0x2 
 .text.HAL_InitTick
                0x080098d4       0x78 ./Drivers/STM32L4xx_HAL_Driver/Src/stm32l4xx_hal.o
                0x080098d4                HAL_InitTick
 .text.HAL_IncTick
                0x0800994c       0x28 ./Drivers/STM32L4xx_HAL_Driver/Src/stm32l4xx_hal.o
                0x0800994c                HAL_IncTick
 .text.HAL_GetTick
                0x08009974       0x18 ./Drivers/STM32L4xx_HAL_Driver/Src/stm32l4xx_hal.o
                0x08009974                HAL_GetTick
 .text.HAL_Delay
                0x0800998c       0x48 ./Drivers/STM32L4xx_HAL_Driver/Src/stm32l4xx_hal.o
                0x0800998c                HAL_Delay
 .text.__NVIC_SetPriorityGrouping
                0x080099d4       0x48 ./Drivers/STM32L4xx_HAL_Driver/Src/stm32l4xx_hal_cortex.o
 .text.__NVIC_GetPriorityGrouping
                0x08009a1c       0x1c ./Drivers/STM32L4xx_HAL_Driver/Src/stm32l4xx_hal_cortex.o
 .text.__NVIC_EnableIRQ
                0x08009a38       0x3c ./Drivers/STM32L4xx_HAL_Driver/Src/stm32l4xx_hal_cortex.o
 .text.__NVIC_SetPriority
                0x08009a74       0x54 ./Drivers/STM32L4xx_HAL_Driver/Src/stm32l4xx_hal_cortex.o
 .text.NVIC_EncodePriority
                0x08009ac8       0x66 ./Drivers/STM32L4xx_HAL_Driver/Src/stm32l4xx_hal_cortex.o
 *fill*         0x08009b2e        0x2 
 .text.SysTick_Config
                0x08009b30       0x44 ./Drivers/STM32L4xx_HAL_Driver/Src/stm32l4xx_hal_cortex.o
 .text.HAL_NVIC_SetPriorityGrouping
                0x08009b74       0x16 ./Drivers/STM32L4xx_HAL_Driver/Src/stm32l4xx_hal_cortex.o
                0x08009b74                HAL_NVIC_SetPriorityGrouping
 .text.HAL_NVIC_SetPriority
                0x08009b8a       0x38 ./Drivers/STM32L4xx_HAL_Driver/Src/stm32l4xx_hal_cortex.o
                0x08009b8a                HAL_NVIC_SetPriority
 .text.HAL_NVIC_EnableIRQ
                0x08009bc2       0x1c ./Drivers/STM32L4xx_HAL_Driver/Src/stm32l4xx_hal_cortex.o
                0x08009bc2                HAL_NVIC_EnableIRQ
 .text.HAL_SYSTICK_Config
                0x08009bde       0x18 ./Drivers/STM32L4xx_HAL_Driver/Src/stm32l4xx_hal_cortex.o
                0x08009bde                HAL_SYSTICK_Config
 *fill*         0x08009bf6        0x2 
 .text.HAL_GPIO_Init
                0x08009bf8      0x2d4 ./Drivers/STM32L4xx_HAL_Driver/Src/stm32l4xx_hal_gpio.o
                0x08009bf8                HAL_GPIO_Init
 .text.HAL_GPIO_WritePin
                0x08009ecc       0x30 ./Drivers/STM32L4xx_HAL_Driver/Src/stm32l4xx_hal_gpio.o
                0x08009ecc                HAL_GPIO_WritePin
 .text.HAL_GPIO_EXTI_IRQHandler
                0x08009efc       0x30 ./Drivers/STM32L4xx_HAL_Driver/Src/stm32l4xx_hal_gpio.o
                0x08009efc                HAL_GPIO_EXTI_IRQHandler
 .text.HAL_I2C_Init
                0x08009f2c      0x136 ./Drivers/STM32L4xx_HAL_Driver/Src/stm32l4xx_hal_i2c.o
                0x08009f2c                HAL_I2C_Init
 *fill*         0x0800a062        0x2 
 .text.HAL_I2C_Mem_Write
                0x0800a064      0x228 ./Drivers/STM32L4xx_HAL_Driver/Src/stm32l4xx_hal_i2c.o
                0x0800a064                HAL_I2C_Mem_Write
 .text.HAL_I2C_Mem_Read
                0x0800a28c      0x234 ./Drivers/STM32L4xx_HAL_Driver/Src/stm32l4xx_hal_i2c.o
                0x0800a28c                HAL_I2C_Mem_Read
 .text.HAL_I2C_IsDeviceReady
                0x0800a4c0      0x1d8 ./Drivers/STM32L4xx_HAL_Driver/Src/stm32l4xx_hal_i2c.o
                0x0800a4c0                HAL_I2C_IsDeviceReady
 .text.I2C_RequestMemoryWrite
                0x0800a698       0xa8 ./Drivers/STM32L4xx_HAL_Driver/Src/stm32l4xx_hal_i2c.o
 .text.I2C_RequestMemoryRead
                0x0800a740       0xa8 ./Drivers/STM32L4xx_HAL_Driver/Src/stm32l4xx_hal_i2c.o
 .text.I2C_Flush_TXDR
                0x0800a7e8       0x48 ./Drivers/STM32L4xx_HAL_Driver/Src/stm32l4xx_hal_i2c.o
 .text.I2C_WaitOnFlagUntilTimeout
                0x0800a830       0xb2 ./Drivers/STM32L4xx_HAL_Driver/Src/stm32l4xx_hal_i2c.o
 .text.I2C_WaitOnTXISFlagUntilTimeout
                0x0800a8e2       0x8e ./Drivers/STM32L4xx_HAL_Driver/Src/stm32l4xx_hal_i2c.o
 .text.I2C_WaitOnSTOPFlagUntilTimeout
                0x0800a970       0x86 ./Drivers/STM32L4xx_HAL_Driver/Src/stm32l4xx_hal_i2c.o
 *fill*         0x0800a9f6        0x2 
 .text.I2C_IsErrorOccurred
                0x0800a9f8      0x1c0 ./Drivers/STM32L4xx_HAL_Driver/Src/stm32l4xx_hal_i2c.o
 .text.I2C_TransferConfig
                0x0800abb8       0x64 ./Drivers/STM32L4xx_HAL_Driver/Src/stm32l4xx_hal_i2c.o
 .text.HAL_I2CEx_ConfigAnalogFilter
                0x0800ac1c       0x96 ./Drivers/STM32L4xx_HAL_Driver/Src/stm32l4xx_hal_i2c_ex.o
                0x0800ac1c                HAL_I2CEx_ConfigAnalogFilter
 .text.HAL_I2CEx_ConfigDigitalFilter
                0x0800acb2       0x98 ./Drivers/STM32L4xx_HAL_Driver/Src/stm32l4xx_hal_i2c_ex.o
                0x0800acb2                HAL_I2CEx_ConfigDigitalFilter
 *fill*         0x0800ad4a        0x2 
 .text.HAL_PWREx_GetVoltageRange
                0x0800ad4c       0x1c ./Drivers/STM32L4xx_HAL_Driver/Src/stm32l4xx_hal_pwr_ex.o
                0x0800ad4c                HAL_PWREx_GetVoltageRange
 .text.HAL_PWREx_ControlVoltageScaling
                0x0800ad68       0xac ./Drivers/STM32L4xx_HAL_Driver/Src/stm32l4xx_hal_pwr_ex.o
                0x0800ad68                HAL_PWREx_ControlVoltageScaling
 .text.HAL_RCC_OscConfig
                0x0800ae14      0x828 ./Drivers/STM32L4xx_HAL_Driver/Src/stm32l4xx_hal_rcc.o
                0x0800ae14                HAL_RCC_OscConfig
 .text.HAL_RCC_ClockConfig
                0x0800b63c      0x200 ./Drivers/STM32L4xx_HAL_Driver/Src/stm32l4xx_hal_rcc.o
                0x0800b63c                HAL_RCC_ClockConfig
 .text.HAL_RCC_GetSysClockFreq
                0x0800b83c      0x118 ./Drivers/STM32L4xx_HAL_Driver/Src/stm32l4xx_hal_rcc.o
                0x0800b83c                HAL_RCC_GetSysClockFreq
 .text.HAL_RCC_GetHCLKFreq
                0x0800b954       0x18 ./Drivers/STM32L4xx_HAL_Driver/Src/stm32l4xx_hal_rcc.o
                0x0800b954                HAL_RCC_GetHCLKFreq
 .text.HAL_RCC_GetPCLK1Freq
                0x0800b96c       0x2c ./Drivers/STM32L4xx_HAL_Driver/Src/stm32l4xx_hal_rcc.o
                0x0800b96c                HAL_RCC_GetPCLK1Freq
 .text.HAL_RCC_GetPCLK2Freq
                0x0800b998       0x2c ./Drivers/STM32L4xx_HAL_Driver/Src/stm32l4xx_hal_rcc.o
                0x0800b998                HAL_RCC_GetPCLK2Freq
 .text.RCC_SetFlashLatencyFromMSIRange
                0x0800b9c4       0xc0 ./Drivers/STM32L4xx_HAL_Driver/Src/stm32l4xx_hal_rcc.o
 .text.HAL_RCCEx_PeriphCLKConfig
                0x0800ba84      0x3ec ./Drivers/STM32L4xx_HAL_Driver/Src/stm32l4xx_hal_rcc_ex.o
                0x0800ba84                HAL_RCCEx_PeriphCLKConfig
 .text.RCCEx_PLLSAI1_Config
                0x0800be70      0x1e4 ./Drivers/STM32L4xx_HAL_Driver/Src/stm32l4xx_hal_rcc_ex.o
 .text.HAL_SPI_Init
                0x0800c054      0x146 ./Drivers/STM32L4xx_HAL_Driver/Src/stm32l4xx_hal_spi.o
                0x0800c054                HAL_SPI_Init
 .text.HAL_SPI_TransmitReceive
                0x0800c19a      0x43e ./Drivers/STM32L4xx_HAL_Driver/Src/stm32l4xx_hal_spi.o
                0x0800c19a                HAL_SPI_TransmitReceive
 .text.SPI_WaitFlagStateUntilTimeout
                0x0800c5d8      0x110 ./Drivers/STM32L4xx_HAL_Driver/Src/stm32l4xx_hal_spi.o
 .text.SPI_WaitFifoStateUntilTimeout
                0x0800c6e8      0x12c ./Drivers/STM32L4xx_HAL_Driver/Src/stm32l4xx_hal_spi.o
 .text.SPI_EndRxTxTransaction
                0x0800c814       0x8c ./Drivers/STM32L4xx_HAL_Driver/Src/stm32l4xx_hal_spi.o
 .text.HAL_TIM_Base_Init
                0x0800c8a0       0xae ./Drivers/STM32L4xx_HAL_Driver/Src/stm32l4xx_hal_tim.o
                0x0800c8a0                HAL_TIM_Base_Init
 *fill*         0x0800c94e        0x2 
 .text.HAL_TIM_Base_Start_IT
                0x0800c950       0xa8 ./Drivers/STM32L4xx_HAL_Driver/Src/stm32l4xx_hal_tim.o
                0x0800c950                HAL_TIM_Base_Start_IT
 .text.HAL_TIM_PWM_Init
                0x0800c9f8       0xae ./Drivers/STM32L4xx_HAL_Driver/Src/stm32l4xx_hal_tim.o
                0x0800c9f8                HAL_TIM_PWM_Init
 .text.HAL_TIM_PWM_MspInit
                0x0800caa6       0x14 ./Drivers/STM32L4xx_HAL_Driver/Src/stm32l4xx_hal_tim.o
                0x0800caa6                HAL_TIM_PWM_MspInit
 *fill*         0x0800caba        0x2 
 .text.HAL_TIM_PWM_Start
                0x0800cabc      0x1bc ./Drivers/STM32L4xx_HAL_Driver/Src/stm32l4xx_hal_tim.o
                0x0800cabc                HAL_TIM_PWM_Start
 .text.HAL_TIM_IRQHandler
                0x0800cc78      0x20e ./Drivers/STM32L4xx_HAL_Driver/Src/stm32l4xx_hal_tim.o
                0x0800cc78                HAL_TIM_IRQHandler
 *fill*         0x0800ce86        0x2 
 .text.HAL_TIM_PWM_ConfigChannel
                0x0800ce88      0x228 ./Drivers/STM32L4xx_HAL_Driver/Src/stm32l4xx_hal_tim.o
                0x0800ce88                HAL_TIM_PWM_ConfigChannel
 .text.HAL_TIM_ConfigClockSource
                0x0800d0b0      0x192 ./Drivers/STM32L4xx_HAL_Driver/Src/stm32l4xx_hal_tim.o
                0x0800d0b0                HAL_TIM_ConfigClockSource
 .text.HAL_TIM_OC_DelayElapsedCallback
                0x0800d242       0x14 ./Drivers/STM32L4xx_HAL_Driver/Src/stm32l4xx_hal_tim.o
                0x0800d242                HAL_TIM_OC_DelayElapsedCallback
 .text.HAL_TIM_IC_CaptureCallback
                0x0800d256       0x14 ./Drivers/STM32L4xx_HAL_Driver/Src/stm32l4xx_hal_tim.o
                0x0800d256                HAL_TIM_IC_CaptureCallback
 .text.HAL_TIM_PWM_PulseFinishedCallback
                0x0800d26a       0x14 ./Drivers/STM32L4xx_HAL_Driver/Src/stm32l4xx_hal_tim.o
                0x0800d26a                HAL_TIM_PWM_PulseFinishedCallback
 .text.HAL_TIM_TriggerCallback
                0x0800d27e       0x14 ./Drivers/STM32L4xx_HAL_Driver/Src/stm32l4xx_hal_tim.o
                0x0800d27e                HAL_TIM_TriggerCallback
 *fill*         0x0800d292        0x2 
 .text.TIM_Base_SetConfig
                0x0800d294       0xe0 ./Drivers/STM32L4xx_HAL_Driver/Src/stm32l4xx_hal_tim.o
                0x0800d294                TIM_Base_SetConfig
 .text.TIM_OC1_SetConfig
                0x0800d374       0xf8 ./Drivers/STM32L4xx_HAL_Driver/Src/stm32l4xx_hal_tim.o
 .text.TIM_OC2_SetConfig
                0x0800d46c       0xf4 ./Drivers/STM32L4xx_HAL_Driver/Src/stm32l4xx_hal_tim.o
                0x0800d46c                TIM_OC2_SetConfig
 .text.TIM_OC3_SetConfig
                0x0800d560       0xf0 ./Drivers/STM32L4xx_HAL_Driver/Src/stm32l4xx_hal_tim.o
 .text.TIM_OC4_SetConfig
                0x0800d650       0xbc ./Drivers/STM32L4xx_HAL_Driver/Src/stm32l4xx_hal_tim.o
 .text.TIM_OC5_SetConfig
                0x0800d70c       0xb0 ./Drivers/STM32L4xx_HAL_Driver/Src/stm32l4xx_hal_tim.o
 .text.TIM_OC6_SetConfig
                0x0800d7bc       0xb4 ./Drivers/STM32L4xx_HAL_Driver/Src/stm32l4xx_hal_tim.o
 .text.TIM_TI1_ConfigInputStage
                0x0800d870       0x5e ./Drivers/STM32L4xx_HAL_Driver/Src/stm32l4xx_hal_tim.o
 .text.TIM_TI2_ConfigInputStage
                0x0800d8ce       0x60 ./Drivers/STM32L4xx_HAL_Driver/Src/stm32l4xx_hal_tim.o
 .text.TIM_ITRx_SetConfig
                0x0800d92e       0x36 ./Drivers/STM32L4xx_HAL_Driver/Src/stm32l4xx_hal_tim.o
 .text.TIM_ETR_SetConfig
                0x0800d964       0x40 ./Drivers/STM32L4xx_HAL_Driver/Src/stm32l4xx_hal_tim.o
                0x0800d964                TIM_ETR_SetConfig
 .text.TIM_CCxChannelCmd
                0x0800d9a4       0x4a ./Drivers/STM32L4xx_HAL_Driver/Src/stm32l4xx_hal_tim.o
                0x0800d9a4                TIM_CCxChannelCmd
 *fill*         0x0800d9ee        0x2 
 .text.HAL_TIMEx_MasterConfigSynchronization
                0x0800d9f0       0xcc ./Drivers/STM32L4xx_HAL_Driver/Src/stm32l4xx_hal_tim_ex.o
                0x0800d9f0                HAL_TIMEx_MasterConfigSynchronization
 .text.HAL_TIMEx_CommutCallback
                0x0800dabc       0x14 ./Drivers/STM32L4xx_HAL_Driver/Src/stm32l4xx_hal_tim_ex.o
                0x0800dabc                HAL_TIMEx_CommutCallback
 .text.HAL_TIMEx_BreakCallback
                0x0800dad0       0x14 ./Drivers/STM32L4xx_HAL_Driver/Src/stm32l4xx_hal_tim_ex.o
                0x0800dad0                HAL_TIMEx_BreakCallback
 .text.HAL_TIMEx_Break2Callback
                0x0800dae4       0x14 ./Drivers/STM32L4xx_HAL_Driver/Src/stm32l4xx_hal_tim_ex.o
                0x0800dae4                HAL_TIMEx_Break2Callback
 .text.HAL_UART_Init
                0x0800daf8       0x9c ./Drivers/STM32L4xx_HAL_Driver/Src/stm32l4xx_hal_uart.o
                0x0800daf8                HAL_UART_Init
 .text.HAL_UART_Transmit
                0x0800db94      0x112 ./Drivers/STM32L4xx_HAL_Driver/Src/stm32l4xx_hal_uart.o
                0x0800db94                HAL_UART_Transmit
 *fill*         0x0800dca6        0x2 
 .text.UART_SetConfig
                0x0800dca8      0x458 ./Drivers/STM32L4xx_HAL_Driver/Src/stm32l4xx_hal_uart.o
                0x0800dca8                UART_SetConfig
 .text.UART_AdvFeatureConfig
                0x0800e100      0x144 ./Drivers/STM32L4xx_HAL_Driver/Src/stm32l4xx_hal_uart.o
                0x0800e100                UART_AdvFeatureConfig
 .text.UART_CheckIdleState
                0x0800e244      0x150 ./Drivers/STM32L4xx_HAL_Driver/Src/stm32l4xx_hal_uart.o
                0x0800e244                UART_CheckIdleState
 .text.UART_WaitOnFlagUntilTimeout
                0x0800e394       0xda ./Drivers/STM32L4xx_HAL_Driver/Src/stm32l4xx_hal_uart.o
                0x0800e394                UART_WaitOnFlagUntilTimeout
 .text.UART_EndRxTransfer
                0x0800e46e       0xc8 ./Drivers/STM32L4xx_HAL_Driver/Src/stm32l4xx_hal_uart.o
 *fill*         0x0800e536        0x2 
 .text.__assert_func
                0x0800e538       0x3c C:/ST/STM32CubeIDE_1.13.1/STM32CubeIDE/plugins/com.st.stm32cube.ide.mcu.externaltools.gnu-tools-for-stm32.12.3.rel1.win32_1.0.100.202403111256/tools/bin/../lib/gcc/arm-none-eabi/12.3.1/../../../../arm-none-eabi/lib/thumb/v7e-m+fp/hard\libc_nano.a(libc_a-assert.o)
                0x0800e538                __assert_func
 .text.gcvt     0x0800e574       0x58 C:/ST/STM32CubeIDE_1.13.1/STM32CubeIDE/plugins/com.st.stm32cube.ide.mcu.externaltools.gnu-tools-for-stm32.12.3.rel1.win32_1.0.100.202403111256/tools/bin/../lib/gcc/arm-none-eabi/12.3.1/../../../../arm-none-eabi/lib/thumb/v7e-m+fp/hard\libc_nano.a(libc_a-efgcvt.o)
                0x0800e574                gcvt
 .text.std      0x0800e5cc       0x6c C:/ST/STM32CubeIDE_1.13.1/STM32CubeIDE/plugins/com.st.stm32cube.ide.mcu.externaltools.gnu-tools-for-stm32.12.3.rel1.win32_1.0.100.202403111256/tools/bin/../lib/gcc/arm-none-eabi/12.3.1/../../../../arm-none-eabi/lib/thumb/v7e-m+fp/hard\libc_nano.a(libc_a-findfp.o)
 .text.stdio_exit_handler
                0x0800e638       0x18 C:/ST/STM32CubeIDE_1.13.1/STM32CubeIDE/plugins/com.st.stm32cube.ide.mcu.externaltools.gnu-tools-for-stm32.12.3.rel1.win32_1.0.100.202403111256/tools/bin/../lib/gcc/arm-none-eabi/12.3.1/../../../../arm-none-eabi/lib/thumb/v7e-m+fp/hard\libc_nano.a(libc_a-findfp.o)
 .text.cleanup_stdio
                0x0800e650       0x40 C:/ST/STM32CubeIDE_1.13.1/STM32CubeIDE/plugins/com.st.stm32cube.ide.mcu.externaltools.gnu-tools-for-stm32.12.3.rel1.win32_1.0.100.202403111256/tools/bin/../lib/gcc/arm-none-eabi/12.3.1/../../../../arm-none-eabi/lib/thumb/v7e-m+fp/hard\libc_nano.a(libc_a-findfp.o)
 .text.global_stdio_init.part.0
                0x0800e690       0x3c C:/ST/STM32CubeIDE_1.13.1/STM32CubeIDE/plugins/com.st.stm32cube.ide.mcu.externaltools.gnu-tools-for-stm32.12.3.rel1.win32_1.0.100.202403111256/tools/bin/../lib/gcc/arm-none-eabi/12.3.1/../../../../arm-none-eabi/lib/thumb/v7e-m+fp/hard\libc_nano.a(libc_a-findfp.o)
 .text.__sfp_lock_acquire
                0x0800e6cc        0xc C:/ST/STM32CubeIDE_1.13.1/STM32CubeIDE/plugins/com.st.stm32cube.ide.mcu.externaltools.gnu-tools-for-stm32.12.3.rel1.win32_1.0.100.202403111256/tools/bin/../lib/gcc/arm-none-eabi/12.3.1/../../../../arm-none-eabi/lib/thumb/v7e-m+fp/hard\libc_nano.a(libc_a-findfp.o)
                0x0800e6cc                __sfp_lock_acquire
 .text.__sfp_lock_release
                0x0800e6d8        0xc C:/ST/STM32CubeIDE_1.13.1/STM32CubeIDE/plugins/com.st.stm32cube.ide.mcu.externaltools.gnu-tools-for-stm32.12.3.rel1.win32_1.0.100.202403111256/tools/bin/../lib/gcc/arm-none-eabi/12.3.1/../../../../arm-none-eabi/lib/thumb/v7e-m+fp/hard\libc_nano.a(libc_a-findfp.o)
                0x0800e6d8                __sfp_lock_release
 .text.__sinit  0x0800e6e4       0x30 C:/ST/STM32CubeIDE_1.13.1/STM32CubeIDE/plugins/com.st.stm32cube.ide.mcu.externaltools.gnu-tools-for-stm32.12.3.rel1.win32_1.0.100.202403111256/tools/bin/../lib/gcc/arm-none-eabi/12.3.1/../../../../arm-none-eabi/lib/thumb/v7e-m+fp/hard\libc_nano.a(libc_a-findfp.o)
                0x0800e6e4                __sinit
 .text.fprintf  0x0800e714       0x24 C:/ST/STM32CubeIDE_1.13.1/STM32CubeIDE/plugins/com.st.stm32cube.ide.mcu.externaltools.gnu-tools-for-stm32.12.3.rel1.win32_1.0.100.202403111256/tools/bin/../lib/gcc/arm-none-eabi/12.3.1/../../../../arm-none-eabi/lib/thumb/v7e-m+fp/hard\libc_nano.a(libc_a-fprintf.o)
                0x0800e714                fiprintf
                0x0800e714                fprintf
 .text._fwalk_sglue
                0x0800e738       0x3c C:/ST/STM32CubeIDE_1.13.1/STM32CubeIDE/plugins/com.st.stm32cube.ide.mcu.externaltools.gnu-tools-for-stm32.12.3.rel1.win32_1.0.100.202403111256/tools/bin/../lib/gcc/arm-none-eabi/12.3.1/../../../../arm-none-eabi/lib/thumb/v7e-m+fp/hard\libc_nano.a(libc_a-fwalk.o)
                0x0800e738                _fwalk_sglue
 .text.__sread  0x0800e774       0x22 C:/ST/STM32CubeIDE_1.13.1/STM32CubeIDE/plugins/com.st.stm32cube.ide.mcu.externaltools.gnu-tools-for-stm32.12.3.rel1.win32_1.0.100.202403111256/tools/bin/../lib/gcc/arm-none-eabi/12.3.1/../../../../arm-none-eabi/lib/thumb/v7e-m+fp/hard\libc_nano.a(libc_a-stdio.o)
                0x0800e774                __sread
 .text.__swrite
                0x0800e796       0x38 C:/ST/STM32CubeIDE_1.13.1/STM32CubeIDE/plugins/com.st.stm32cube.ide.mcu.externaltools.gnu-tools-for-stm32.12.3.rel1.win32_1.0.100.202403111256/tools/bin/../lib/gcc/arm-none-eabi/12.3.1/../../../../arm-none-eabi/lib/thumb/v7e-m+fp/hard\libc_nano.a(libc_a-stdio.o)
                0x0800e796                __swrite
 .text.__sseek  0x0800e7ce       0x24 C:/ST/STM32CubeIDE_1.13.1/STM32CubeIDE/plugins/com.st.stm32cube.ide.mcu.externaltools.gnu-tools-for-stm32.12.3.rel1.win32_1.0.100.202403111256/tools/bin/../lib/gcc/arm-none-eabi/12.3.1/../../../../arm-none-eabi/lib/thumb/v7e-m+fp/hard\libc_nano.a(libc_a-stdio.o)
                0x0800e7ce                __sseek
 .text.__sclose
                0x0800e7f2        0x8 C:/ST/STM32CubeIDE_1.13.1/STM32CubeIDE/plugins/com.st.stm32cube.ide.mcu.externaltools.gnu-tools-for-stm32.12.3.rel1.win32_1.0.100.202403111256/tools/bin/../lib/gcc/arm-none-eabi/12.3.1/../../../../arm-none-eabi/lib/thumb/v7e-m+fp/hard\libc_nano.a(libc_a-stdio.o)
                0x0800e7f2                __sclose
 .text.memset   0x0800e7fa       0x10 C:/ST/STM32CubeIDE_1.13.1/STM32CubeIDE/plugins/com.st.stm32cube.ide.mcu.externaltools.gnu-tools-for-stm32.12.3.rel1.win32_1.0.100.202403111256/tools/bin/../lib/gcc/arm-none-eabi/12.3.1/../../../../arm-none-eabi/lib/thumb/v7e-m+fp/hard\libc_nano.a(libc_a-memset.o)
                0x0800e7fa                memset
 *fill*         0x0800e80a        0x2 
 .text._close_r
                0x0800e80c       0x20 C:/ST/STM32CubeIDE_1.13.1/STM32CubeIDE/plugins/com.st.stm32cube.ide.mcu.externaltools.gnu-tools-for-stm32.12.3.rel1.win32_1.0.100.202403111256/tools/bin/../lib/gcc/arm-none-eabi/12.3.1/../../../../arm-none-eabi/lib/thumb/v7e-m+fp/hard\libc_nano.a(libc_a-closer.o)
                0x0800e80c                _close_r
 .text._lseek_r
                0x0800e82c       0x24 C:/ST/STM32CubeIDE_1.13.1/STM32CubeIDE/plugins/com.st.stm32cube.ide.mcu.externaltools.gnu-tools-for-stm32.12.3.rel1.win32_1.0.100.202403111256/tools/bin/../lib/gcc/arm-none-eabi/12.3.1/../../../../arm-none-eabi/lib/thumb/v7e-m+fp/hard\libc_nano.a(libc_a-lseekr.o)
                0x0800e82c                _lseek_r
 .text._read_r  0x0800e850       0x24 C:/ST/STM32CubeIDE_1.13.1/STM32CubeIDE/plugins/com.st.stm32cube.ide.mcu.externaltools.gnu-tools-for-stm32.12.3.rel1.win32_1.0.100.202403111256/tools/bin/../lib/gcc/arm-none-eabi/12.3.1/../../../../arm-none-eabi/lib/thumb/v7e-m+fp/hard\libc_nano.a(libc_a-readr.o)
                0x0800e850                _read_r
 .text._write_r
                0x0800e874       0x24 C:/ST/STM32CubeIDE_1.13.1/STM32CubeIDE/plugins/com.st.stm32cube.ide.mcu.externaltools.gnu-tools-for-stm32.12.3.rel1.win32_1.0.100.202403111256/tools/bin/../lib/gcc/arm-none-eabi/12.3.1/../../../../arm-none-eabi/lib/thumb/v7e-m+fp/hard\libc_nano.a(libc_a-writer.o)
                0x0800e874                _write_r
 .text.__errno  0x0800e898        0xc C:/ST/STM32CubeIDE_1.13.1/STM32CubeIDE/plugins/com.st.stm32cube.ide.mcu.externaltools.gnu-tools-for-stm32.12.3.rel1.win32_1.0.100.202403111256/tools/bin/../lib/gcc/arm-none-eabi/12.3.1/../../../../arm-none-eabi/lib/thumb/v7e-m+fp/hard\libc_nano.a(libc_a-errno.o)
                0x0800e898                __errno
 .text.__libc_init_array
                0x0800e8a4       0x48 C:/ST/STM32CubeIDE_1.13.1/STM32CubeIDE/plugins/com.st.stm32cube.ide.mcu.externaltools.gnu-tools-for-stm32.12.3.rel1.win32_1.0.100.202403111256/tools/bin/../lib/gcc/arm-none-eabi/12.3.1/../../../../arm-none-eabi/lib/thumb/v7e-m+fp/hard\libc_nano.a(libc_a-init.o)
                0x0800e8a4                __libc_init_array
 .text.__retarget_lock_init_recursive
                0x0800e8ec        0x2 C:/ST/STM32CubeIDE_1.13.1/STM32CubeIDE/plugins/com.st.stm32cube.ide.mcu.externaltools.gnu-tools-for-stm32.12.3.rel1.win32_1.0.100.202403111256/tools/bin/../lib/gcc/arm-none-eabi/12.3.1/../../../../arm-none-eabi/lib/thumb/v7e-m+fp/hard\libc_nano.a(libc_a-lock.o)
                0x0800e8ec                __retarget_lock_init_recursive
 .text.__retarget_lock_acquire_recursive
                0x0800e8ee        0x2 C:/ST/STM32CubeIDE_1.13.1/STM32CubeIDE/plugins/com.st.stm32cube.ide.mcu.externaltools.gnu-tools-for-stm32.12.3.rel1.win32_1.0.100.202403111256/tools/bin/../lib/gcc/arm-none-eabi/12.3.1/../../../../arm-none-eabi/lib/thumb/v7e-m+fp/hard\libc_nano.a(libc_a-lock.o)
                0x0800e8ee                __retarget_lock_acquire_recursive
 .text.__retarget_lock_release_recursive
                0x0800e8f0        0x2 C:/ST/STM32CubeIDE_1.13.1/STM32CubeIDE/plugins/com.st.stm32cube.ide.mcu.externaltools.gnu-tools-for-stm32.12.3.rel1.win32_1.0.100.202403111256/tools/bin/../lib/gcc/arm-none-eabi/12.3.1/../../../../arm-none-eabi/lib/thumb/v7e-m+fp/hard\libc_nano.a(libc_a-lock.o)
                0x0800e8f0                __retarget_lock_release_recursive
 .text.memcpy   0x0800e8f2       0x1c C:/ST/STM32CubeIDE_1.13.1/STM32CubeIDE/plugins/com.st.stm32cube.ide.mcu.externaltools.gnu-tools-for-stm32.12.3.rel1.win32_1.0.100.202403111256/tools/bin/../lib/gcc/arm-none-eabi/12.3.1/../../../../arm-none-eabi/lib/thumb/v7e-m+fp/hard\libc_nano.a(libc_a-memcpy-stub.o)
                0x0800e8f2                memcpy
 .text.abort    0x0800e90e        0xe C:/ST/STM32CubeIDE_1.13.1/STM32CubeIDE/plugins/com.st.stm32cube.ide.mcu.externaltools.gnu-tools-for-stm32.12.3.rel1.win32_1.0.100.202403111256/tools/bin/../lib/gcc/arm-none-eabi/12.3.1/../../../../arm-none-eabi/lib/thumb/v7e-m+fp/hard\libc_nano.a(libc_a-abort.o)
                0x0800e90e                abort
 .text._free_r  0x0800e91c       0x94 C:/ST/STM32CubeIDE_1.13.1/STM32CubeIDE/plugins/com.st.stm32cube.ide.mcu.externaltools.gnu-tools-for-stm32.12.3.rel1.win32_1.0.100.202403111256/tools/bin/../lib/gcc/arm-none-eabi/12.3.1/../../../../arm-none-eabi/lib/thumb/v7e-m+fp/hard\libc_nano.a(libc_a-freer.o)
                0x0800e91c                _free_r
 .text.sbrk_aligned
                0x0800e9b0       0x44 C:/ST/STM32CubeIDE_1.13.1/STM32CubeIDE/plugins/com.st.stm32cube.ide.mcu.externaltools.gnu-tools-for-stm32.12.3.rel1.win32_1.0.100.202403111256/tools/bin/../lib/gcc/arm-none-eabi/12.3.1/../../../../arm-none-eabi/lib/thumb/v7e-m+fp/hard\libc_nano.a(libc_a-mallocr.o)
 .text._malloc_r
                0x0800e9f4      0x100 C:/ST/STM32CubeIDE_1.13.1/STM32CubeIDE/plugins/com.st.stm32cube.ide.mcu.externaltools.gnu-tools-for-stm32.12.3.rel1.win32_1.0.100.202403111256/tools/bin/../lib/gcc/arm-none-eabi/12.3.1/../../../../arm-none-eabi/lib/thumb/v7e-m+fp/hard\libc_nano.a(libc_a-mallocr.o)
                0x0800e9f4                _malloc_r
 .text.__malloc_lock
                0x0800eaf4        0xc C:/ST/STM32CubeIDE_1.13.1/STM32CubeIDE/plugins/com.st.stm32cube.ide.mcu.externaltools.gnu-tools-for-stm32.12.3.rel1.win32_1.0.100.202403111256/tools/bin/../lib/gcc/arm-none-eabi/12.3.1/../../../../arm-none-eabi/lib/thumb/v7e-m+fp/hard\libc_nano.a(libc_a-mlock.o)
                0x0800eaf4                __malloc_lock
 .text.__malloc_unlock
                0x0800eb00        0xc C:/ST/STM32CubeIDE_1.13.1/STM32CubeIDE/plugins/com.st.stm32cube.ide.mcu.externaltools.gnu-tools-for-stm32.12.3.rel1.win32_1.0.100.202403111256/tools/bin/../lib/gcc/arm-none-eabi/12.3.1/../../../../arm-none-eabi/lib/thumb/v7e-m+fp/hard\libc_nano.a(libc_a-mlock.o)
                0x0800eb00                __malloc_unlock
 .text.print_e  0x0800eb0c       0xe4 C:/ST/STM32CubeIDE_1.13.1/STM32CubeIDE/plugins/com.st.stm32cube.ide.mcu.externaltools.gnu-tools-for-stm32.12.3.rel1.win32_1.0.100.202403111256/tools/bin/../lib/gcc/arm-none-eabi/12.3.1/../../../../arm-none-eabi/lib/thumb/v7e-m+fp/hard\libc_nano.a(libc_a-ecvtbuf.o)
 .text._gcvt    0x0800ebf0      0x188 C:/ST/STM32CubeIDE_1.13.1/STM32CubeIDE/plugins/com.st.stm32cube.ide.mcu.externaltools.gnu-tools-for-stm32.12.3.rel1.win32_1.0.100.202403111256/tools/bin/../lib/gcc/arm-none-eabi/12.3.1/../../../../arm-none-eabi/lib/thumb/v7e-m+fp/hard\libc_nano.a(libc_a-ecvtbuf.o)
                0x0800ebf0                _gcvt
 .text.__sfputc_r
                0x0800ed78       0x2e C:/ST/STM32CubeIDE_1.13.1/STM32CubeIDE/plugins/com.st.stm32cube.ide.mcu.externaltools.gnu-tools-for-stm32.12.3.rel1.win32_1.0.100.202403111256/tools/bin/../lib/gcc/arm-none-eabi/12.3.1/../../../../arm-none-eabi/lib/thumb/v7e-m+fp/hard\libc_nano.a(libc_a-nano-vfprintf.o)
 .text.__sfputs_r
                0x0800eda6       0x24 C:/ST/STM32CubeIDE_1.13.1/STM32CubeIDE/plugins/com.st.stm32cube.ide.mcu.externaltools.gnu-tools-for-stm32.12.3.rel1.win32_1.0.100.202403111256/tools/bin/../lib/gcc/arm-none-eabi/12.3.1/../../../../arm-none-eabi/lib/thumb/v7e-m+fp/hard\libc_nano.a(libc_a-nano-vfprintf.o)
                0x0800eda6                __sfputs_r
 *fill*         0x0800edca        0x2 
 .text._vfprintf_r
                0x0800edcc      0x230 C:/ST/STM32CubeIDE_1.13.1/STM32CubeIDE/plugins/com.st.stm32cube.ide.mcu.externaltools.gnu-tools-for-stm32.12.3.rel1.win32_1.0.100.202403111256/tools/bin/../lib/gcc/arm-none-eabi/12.3.1/../../../../arm-none-eabi/lib/thumb/v7e-m+fp/hard\libc_nano.a(libc_a-nano-vfprintf.o)
                0x0800edcc                _vfprintf_r
                0x0800edcc                _vfiprintf_r
 .text._printf_common
                0x0800effc       0xda C:/ST/STM32CubeIDE_1.13.1/STM32CubeIDE/plugins/com.st.stm32cube.ide.mcu.externaltools.gnu-tools-for-stm32.12.3.rel1.win32_1.0.100.202403111256/tools/bin/../lib/gcc/arm-none-eabi/12.3.1/../../../../arm-none-eabi/lib/thumb/v7e-m+fp/hard\libc_nano.a(libc_a-nano-vfprintf_i.o)
                0x0800effc                _printf_common
 *fill*         0x0800f0d6        0x2 
 .text._printf_i
                0x0800f0d8      0x240 C:/ST/STM32CubeIDE_1.13.1/STM32CubeIDE/plugins/com.st.stm32cube.ide.mcu.externaltools.gnu-tools-for-stm32.12.3.rel1.win32_1.0.100.202403111256/tools/bin/../lib/gcc/arm-none-eabi/12.3.1/../../../../arm-none-eabi/lib/thumb/v7e-m+fp/hard\libc_nano.a(libc_a-nano-vfprintf_i.o)
                0x0800f0d8                _printf_i
 .text.__sflush_r
                0x0800f318      0x108 C:/ST/STM32CubeIDE_1.13.1/STM32CubeIDE/plugins/com.st.stm32cube.ide.mcu.externaltools.gnu-tools-for-stm32.12.3.rel1.win32_1.0.100.202403111256/tools/bin/../lib/gcc/arm-none-eabi/12.3.1/../../../../arm-none-eabi/lib/thumb/v7e-m+fp/hard\libc_nano.a(libc_a-fflush.o)
                0x0800f318                __sflush_r
 .text._fflush_r
                0x0800f420       0x50 C:/ST/STM32CubeIDE_1.13.1/STM32CubeIDE/plugins/com.st.stm32cube.ide.mcu.externaltools.gnu-tools-for-stm32.12.3.rel1.win32_1.0.100.202403111256/tools/bin/../lib/gcc/arm-none-eabi/12.3.1/../../../../arm-none-eabi/lib/thumb/v7e-m+fp/hard\libc_nano.a(libc_a-fflush.o)
                0x0800f420                _fflush_r
 .text.__swbuf_r
                0x0800f470       0x7c C:/ST/STM32CubeIDE_1.13.1/STM32CubeIDE/plugins/com.st.stm32cube.ide.mcu.externaltools.gnu-tools-for-stm32.12.3.rel1.win32_1.0.100.202403111256/tools/bin/../lib/gcc/arm-none-eabi/12.3.1/../../../../arm-none-eabi/lib/thumb/v7e-m+fp/hard\libc_nano.a(libc_a-wbuf.o)
                0x0800f470                __swbuf_r
 .text.__swsetup_r
                0x0800f4ec       0xac C:/ST/STM32CubeIDE_1.13.1/STM32CubeIDE/plugins/com.st.stm32cube.ide.mcu.externaltools.gnu-tools-for-stm32.12.3.rel1.win32_1.0.100.202403111256/tools/bin/../lib/gcc/arm-none-eabi/12.3.1/../../../../arm-none-eabi/lib/thumb/v7e-m+fp/hard\libc_nano.a(libc_a-wsetup.o)
                0x0800f4ec                __swsetup_r
 .text._raise_r
                0x0800f598       0x50 C:/ST/STM32CubeIDE_1.13.1/STM32CubeIDE/plugins/com.st.stm32cube.ide.mcu.externaltools.gnu-tools-for-stm32.12.3.rel1.win32_1.0.100.202403111256/tools/bin/../lib/gcc/arm-none-eabi/12.3.1/../../../../arm-none-eabi/lib/thumb/v7e-m+fp/hard\libc_nano.a(libc_a-signal.o)
                0x0800f598                _raise_r
 .text.raise    0x0800f5e8       0x10 C:/ST/STM32CubeIDE_1.13.1/STM32CubeIDE/plugins/com.st.stm32cube.ide.mcu.externaltools.gnu-tools-for-stm32.12.3.rel1.win32_1.0.100.202403111256/tools/bin/../lib/gcc/arm-none-eabi/12.3.1/../../../../arm-none-eabi/lib/thumb/v7e-m+fp/hard\libc_nano.a(libc_a-signal.o)
                0x0800f5e8                raise
 .text._kill_r  0x0800f5f8       0x24 C:/ST/STM32CubeIDE_1.13.1/STM32CubeIDE/plugins/com.st.stm32cube.ide.mcu.externaltools.gnu-tools-for-stm32.12.3.rel1.win32_1.0.100.202403111256/tools/bin/../lib/gcc/arm-none-eabi/12.3.1/../../../../arm-none-eabi/lib/thumb/v7e-m+fp/hard\libc_nano.a(libc_a-signalr.o)
                0x0800f5f8                _kill_r
 .text._getpid_r
                0x0800f61c        0x4 C:/ST/STM32CubeIDE_1.13.1/STM32CubeIDE/plugins/com.st.stm32cube.ide.mcu.externaltools.gnu-tools-for-stm32.12.3.rel1.win32_1.0.100.202403111256/tools/bin/../lib/gcc/arm-none-eabi/12.3.1/../../../../arm-none-eabi/lib/thumb/v7e-m+fp/hard\libc_nano.a(libc_a-signalr.o)
                0x0800f61c                _getpid_r
 .text._sbrk_r  0x0800f620       0x20 C:/ST/STM32CubeIDE_1.13.1/STM32CubeIDE/plugins/com.st.stm32cube.ide.mcu.externaltools.gnu-tools-for-stm32.12.3.rel1.win32_1.0.100.202403111256/tools/bin/../lib/gcc/arm-none-eabi/12.3.1/../../../../arm-none-eabi/lib/thumb/v7e-m+fp/hard\libc_nano.a(libc_a-sbrkr.o)
                0x0800f620                _sbrk_r
 .text.strcpy   0x0800f640       0x10 C:/ST/STM32CubeIDE_1.13.1/STM32CubeIDE/plugins/com.st.stm32cube.ide.mcu.externaltools.gnu-tools-for-stm32.12.3.rel1.win32_1.0.100.202403111256/tools/bin/../lib/gcc/arm-none-eabi/12.3.1/../../../../arm-none-eabi/lib/thumb/v7e-m+fp/hard\libc_nano.a(libc_a-strcpy.o)
                0x0800f640                strcpy
 .text.quorem   0x0800f650      0x110 C:/ST/STM32CubeIDE_1.13.1/STM32CubeIDE/plugins/com.st.stm32cube.ide.mcu.externaltools.gnu-tools-for-stm32.12.3.rel1.win32_1.0.100.202403111256/tools/bin/../lib/gcc/arm-none-eabi/12.3.1/../../../../arm-none-eabi/lib/thumb/v7e-m+fp/hard\libc_nano.a(libc_a-dtoa.o)
 .text._dtoa_r  0x0800f760      0xb88 C:/ST/STM32CubeIDE_1.13.1/STM32CubeIDE/plugins/com.st.stm32cube.ide.mcu.externaltools.gnu-tools-for-stm32.12.3.rel1.win32_1.0.100.202403111256/tools/bin/../lib/gcc/arm-none-eabi/12.3.1/../../../../arm-none-eabi/lib/thumb/v7e-m+fp/hard\libc_nano.a(libc_a-dtoa.o)
                0x0800f760                _dtoa_r
 .text.malloc   0x080102e8       0x10 C:/ST/STM32CubeIDE_1.13.1/STM32CubeIDE/plugins/com.st.stm32cube.ide.mcu.externaltools.gnu-tools-for-stm32.12.3.rel1.win32_1.0.100.202403111256/tools/bin/../lib/gcc/arm-none-eabi/12.3.1/../../../../arm-none-eabi/lib/thumb/v7e-m+fp/hard\libc_nano.a(libc_a-malloc.o)
                0x080102e8                malloc
 .text._Balloc  0x080102f8       0x80 C:/ST/STM32CubeIDE_1.13.1/STM32CubeIDE/plugins/com.st.stm32cube.ide.mcu.externaltools.gnu-tools-for-stm32.12.3.rel1.win32_1.0.100.202403111256/tools/bin/../lib/gcc/arm-none-eabi/12.3.1/../../../../arm-none-eabi/lib/thumb/v7e-m+fp/hard\libc_nano.a(libc_a-mprec.o)
                0x080102f8                _Balloc
 .text._Bfree   0x08010378       0x44 C:/ST/STM32CubeIDE_1.13.1/STM32CubeIDE/plugins/com.st.stm32cube.ide.mcu.externaltools.gnu-tools-for-stm32.12.3.rel1.win32_1.0.100.202403111256/tools/bin/../lib/gcc/arm-none-eabi/12.3.1/../../../../arm-none-eabi/lib/thumb/v7e-m+fp/hard\libc_nano.a(libc_a-mprec.o)
                0x08010378                _Bfree
 .text.__multadd
                0x080103bc       0x8c C:/ST/STM32CubeIDE_1.13.1/STM32CubeIDE/plugins/com.st.stm32cube.ide.mcu.externaltools.gnu-tools-for-stm32.12.3.rel1.win32_1.0.100.202403111256/tools/bin/../lib/gcc/arm-none-eabi/12.3.1/../../../../arm-none-eabi/lib/thumb/v7e-m+fp/hard\libc_nano.a(libc_a-mprec.o)
                0x080103bc                __multadd
 .text.__hi0bits
                0x08010448       0x3e C:/ST/STM32CubeIDE_1.13.1/STM32CubeIDE/plugins/com.st.stm32cube.ide.mcu.externaltools.gnu-tools-for-stm32.12.3.rel1.win32_1.0.100.202403111256/tools/bin/../lib/gcc/arm-none-eabi/12.3.1/../../../../arm-none-eabi/lib/thumb/v7e-m+fp/hard\libc_nano.a(libc_a-mprec.o)
                0x08010448                __hi0bits
 .text.__lo0bits
                0x08010486       0x5a C:/ST/STM32CubeIDE_1.13.1/STM32CubeIDE/plugins/com.st.stm32cube.ide.mcu.externaltools.gnu-tools-for-stm32.12.3.rel1.win32_1.0.100.202403111256/tools/bin/../lib/gcc/arm-none-eabi/12.3.1/../../../../arm-none-eabi/lib/thumb/v7e-m+fp/hard\libc_nano.a(libc_a-mprec.o)
                0x08010486                __lo0bits
 .text.__i2b    0x080104e0       0x2c C:/ST/STM32CubeIDE_1.13.1/STM32CubeIDE/plugins/com.st.stm32cube.ide.mcu.externaltools.gnu-tools-for-stm32.12.3.rel1.win32_1.0.100.202403111256/tools/bin/../lib/gcc/arm-none-eabi/12.3.1/../../../../arm-none-eabi/lib/thumb/v7e-m+fp/hard\libc_nano.a(libc_a-mprec.o)
                0x080104e0                __i2b
 .text.__multiply
                0x0801050c      0x154 C:/ST/STM32CubeIDE_1.13.1/STM32CubeIDE/plugins/com.st.stm32cube.ide.mcu.externaltools.gnu-tools-for-stm32.12.3.rel1.win32_1.0.100.202403111256/tools/bin/../lib/gcc/arm-none-eabi/12.3.1/../../../../arm-none-eabi/lib/thumb/v7e-m+fp/hard\libc_nano.a(libc_a-mprec.o)
                0x0801050c                __multiply
 .text.__pow5mult
                0x08010660       0xb4 C:/ST/STM32CubeIDE_1.13.1/STM32CubeIDE/plugins/com.st.stm32cube.ide.mcu.externaltools.gnu-tools-for-stm32.12.3.rel1.win32_1.0.100.202403111256/tools/bin/../lib/gcc/arm-none-eabi/12.3.1/../../../../arm-none-eabi/lib/thumb/v7e-m+fp/hard\libc_nano.a(libc_a-mprec.o)
                0x08010660                __pow5mult
 .text.__lshift
                0x08010714       0xd8 C:/ST/STM32CubeIDE_1.13.1/STM32CubeIDE/plugins/com.st.stm32cube.ide.mcu.externaltools.gnu-tools-for-stm32.12.3.rel1.win32_1.0.100.202403111256/tools/bin/../lib/gcc/arm-none-eabi/12.3.1/../../../../arm-none-eabi/lib/thumb/v7e-m+fp/hard\libc_nano.a(libc_a-mprec.o)
                0x08010714                __lshift
 .text.__mcmp   0x080107ec       0x36 C:/ST/STM32CubeIDE_1.13.1/STM32CubeIDE/plugins/com.st.stm32cube.ide.mcu.externaltools.gnu-tools-for-stm32.12.3.rel1.win32_1.0.100.202403111256/tools/bin/../lib/gcc/arm-none-eabi/12.3.1/../../../../arm-none-eabi/lib/thumb/v7e-m+fp/hard\libc_nano.a(libc_a-mprec.o)
                0x080107ec                __mcmp
 *fill*         0x08010822        0x2 
 .text.__mdiff  0x08010824      0x128 C:/ST/STM32CubeIDE_1.13.1/STM32CubeIDE/plugins/com.st.stm32cube.ide.mcu.externaltools.gnu-tools-for-stm32.12.3.rel1.win32_1.0.100.202403111256/tools/bin/../lib/gcc/arm-none-eabi/12.3.1/../../../../arm-none-eabi/lib/thumb/v7e-m+fp/hard\libc_nano.a(libc_a-mprec.o)
                0x08010824                __mdiff
 .text.__d2b    0x0801094c       0xb0 C:/ST/STM32CubeIDE_1.13.1/STM32CubeIDE/plugins/com.st.stm32cube.ide.mcu.externaltools.gnu-tools-for-stm32.12.3.rel1.win32_1.0.100.202403111256/tools/bin/../lib/gcc/arm-none-eabi/12.3.1/../../../../arm-none-eabi/lib/thumb/v7e-m+fp/hard\libc_nano.a(libc_a-mprec.o)
                0x0801094c                __d2b
 .text._mprec_log10
                0x080109fc       0x3c C:/ST/STM32CubeIDE_1.13.1/STM32CubeIDE/plugins/com.st.stm32cube.ide.mcu.externaltools.gnu-tools-for-stm32.12.3.rel1.win32_1.0.100.202403111256/tools/bin/../lib/gcc/arm-none-eabi/12.3.1/../../../../arm-none-eabi/lib/thumb/v7e-m+fp/hard\libc_nano.a(libc_a-mprec.o)
                0x080109fc                _mprec_log10
 .text.__swhatbuf_r
                0x08010a38       0x4c C:/ST/STM32CubeIDE_1.13.1/STM32CubeIDE/plugins/com.st.stm32cube.ide.mcu.externaltools.gnu-tools-for-stm32.12.3.rel1.win32_1.0.100.202403111256/tools/bin/../lib/gcc/arm-none-eabi/12.3.1/../../../../arm-none-eabi/lib/thumb/v7e-m+fp/hard\libc_nano.a(libc_a-makebuf.o)
                0x08010a38                __swhatbuf_r
 .text.__smakebuf_r
                0x08010a84       0x78 C:/ST/STM32CubeIDE_1.13.1/STM32CubeIDE/plugins/com.st.stm32cube.ide.mcu.externaltools.gnu-tools-for-stm32.12.3.rel1.win32_1.0.100.202403111256/tools/bin/../lib/gcc/arm-none-eabi/12.3.1/../../../../arm-none-eabi/lib/thumb/v7e-m+fp/hard\libc_nano.a(libc_a-makebuf.o)
                0x08010a84                __smakebuf_r
 .text._fstat_r
                0x08010afc       0x24 C:/ST/STM32CubeIDE_1.13.1/STM32CubeIDE/plugins/com.st.stm32cube.ide.mcu.externaltools.gnu-tools-for-stm32.12.3.rel1.win32_1.0.100.202403111256/tools/bin/../lib/gcc/arm-none-eabi/12.3.1/../../../../arm-none-eabi/lib/thumb/v7e-m+fp/hard\libc_nano.a(libc_a-fstatr.o)
                0x08010afc                _fstat_r
 .text._isatty_r
                0x08010b20       0x20 C:/ST/STM32CubeIDE_1.13.1/STM32CubeIDE/plugins/com.st.stm32cube.ide.mcu.externaltools.gnu-tools-for-stm32.12.3.rel1.win32_1.0.100.202403111256/tools/bin/../lib/gcc/arm-none-eabi/12.3.1/../../../../arm-none-eabi/lib/thumb/v7e-m+fp/hard\libc_nano.a(libc_a-isattyr.o)
                0x08010b20                _isatty_r
 .text._calloc_r
                0x08010b40       0x28 C:/ST/STM32CubeIDE_1.13.1/STM32CubeIDE/plugins/com.st.stm32cube.ide.mcu.externaltools.gnu-tools-for-stm32.12.3.rel1.win32_1.0.100.202403111256/tools/bin/../lib/gcc/arm-none-eabi/12.3.1/../../../../arm-none-eabi/lib/thumb/v7e-m+fp/hard\libc_nano.a(libc_a-callocr.o)
                0x08010b40                _calloc_r
 *(.glue_7)
 .glue_7        0x08010b68        0x0 linker stubs
 *(.glue_7t)
 .glue_7t       0x08010b68        0x0 linker stubs
 *(.eh_frame)
 .eh_frame      0x08010b68        0x0 C:/ST/STM32CubeIDE_1.13.1/STM32CubeIDE/plugins/com.st.stm32cube.ide.mcu.externaltools.gnu-tools-for-stm32.12.3.rel1.win32_1.0.100.202403111256/tools/bin/../lib/gcc/arm-none-eabi/12.3.1/thumb/v7e-m+fp/hard/crtbegin.o
 *(.init)
 .init          0x08010b68        0x4 C:/ST/STM32CubeIDE_1.13.1/STM32CubeIDE/plugins/com.st.stm32cube.ide.mcu.externaltools.gnu-tools-for-stm32.12.3.rel1.win32_1.0.100.202403111256/tools/bin/../lib/gcc/arm-none-eabi/12.3.1/thumb/v7e-m+fp/hard/crti.o
                0x08010b68                _init
 .init          0x08010b6c        0x8 C:/ST/STM32CubeIDE_1.13.1/STM32CubeIDE/plugins/com.st.stm32cube.ide.mcu.externaltools.gnu-tools-for-stm32.12.3.rel1.win32_1.0.100.202403111256/tools/bin/../lib/gcc/arm-none-eabi/12.3.1/thumb/v7e-m+fp/hard/crtn.o
 *(.fini)
 .fini          0x08010b74        0x4 C:/ST/STM32CubeIDE_1.13.1/STM32CubeIDE/plugins/com.st.stm32cube.ide.mcu.externaltools.gnu-tools-for-stm32.12.3.rel1.win32_1.0.100.202403111256/tools/bin/../lib/gcc/arm-none-eabi/12.3.1/thumb/v7e-m+fp/hard/crti.o
                0x08010b74                _fini
 .fini          0x08010b78        0x8 C:/ST/STM32CubeIDE_1.13.1/STM32CubeIDE/plugins/com.st.stm32cube.ide.mcu.externaltools.gnu-tools-for-stm32.12.3.rel1.win32_1.0.100.202403111256/tools/bin/../lib/gcc/arm-none-eabi/12.3.1/thumb/v7e-m+fp/hard/crtn.o
                0x08010b80                        . = ALIGN (0x4)
                0x08010b80                        _etext = .

.vfp11_veneer   0x08010b80        0x0
 .vfp11_veneer  0x08010b80        0x0 linker stubs

.v4_bx          0x08010b80        0x0
 .v4_bx         0x08010b80        0x0 linker stubs

.iplt           0x08010b80        0x0
 .iplt          0x08010b80        0x0 C:/ST/STM32CubeIDE_1.13.1/STM32CubeIDE/plugins/com.st.stm32cube.ide.mcu.externaltools.gnu-tools-for-stm32.12.3.rel1.win32_1.0.100.202403111256/tools/bin/../lib/gcc/arm-none-eabi/12.3.1/thumb/v7e-m+fp/hard/crtbegin.o

.rodata         0x08010b80     0x1d48
                0x08010b80                        . = ALIGN (0x4)
 *(.rodata)
 .rodata        0x08010b80      0x3bf ./Core/Src/cayenne_lpp.o
 *fill*         0x08010f3f        0x1 
 .rodata        0x08010f40      0x11f ./Core/Src/debug.o
 *fill*         0x0801105f        0x1 
 .rodata        0x08011060      0x2e0 ./Core/Src/main.o
 .rodata        0x08011340       0x9a ./Core/Src/bme680/bme68x.o
 *(.rodata*)
 *fill*         0x080113da        0x2 
 .rodata.AES_RCON
                0x080113dc       0x28 ./Core/Src/aes.o
 .rodata.AES_S  0x08011404      0x100 ./Core/Src/aes.o
 .rodata.AES_E1
                0x08011504      0x400 ./Core/Src/aes.o
 .rodata.AES_E2
                0x08011904      0x400 ./Core/Src/aes.o
 .rodata.AES_E3
                0x08011d04      0x400 ./Core/Src/aes.o
 .rodata.AES_E4
                0x08012104      0x400 ./Core/Src/aes.o
 .rodata.__func__.9
                0x08012504       0x1d ./Core/Src/cayenne_lpp.o
 *fill*         0x08012521        0x3 
 .rodata.__func__.5
                0x08012524       0x1c ./Core/Src/cayenne_lpp.o
 .rodata.__func__.2
                0x08012540       0x24 ./Core/Src/cayenne_lpp.o
 .rodata._DR2RPS_CRC
                0x08012564        0xa ./Core/Src/lmic.o
                0x08012564                _DR2RPS_CRC
 *fill*         0x0801256e        0x2 
 .rodata.TXPOWLEVELS
                0x08012570       0x10 ./Core/Src/lmic.o
 .rodata.SENSITIVITY
                0x08012580       0x15 ./Core/Src/lmic.o
 *fill*         0x08012595        0x3 
 .rodata.DRADJUST
                0x08012598        0xa ./Core/Src/lmic.o
 *fill*         0x080125a2        0x2 
 .rodata.DR2HSYM_osticks
                0x080125a4       0x20 ./Core/Src/lmic.o
 .rodata.iniChannelFreq
                0x080125c4       0x30 ./Core/Src/lmic.o
 .rodata.APPEUI
                0x080125f4        0x8 ./Core/Src/main.o
 .rodata.DEVEUI
                0x080125fc        0x8 ./Core/Src/main.o
 .rodata.DEVKEY
                0x08012604       0x10 ./Core/Src/main.o
 .rodata.rxlorairqmask
                0x08012614        0x3 ./Core/Src/radio.o
 *fill*         0x08012617        0x1 
 .rodata.LORA_RXDONE_FIXUP
                0x08012618        0xe ./Core/Src/radio.o
 *fill*         0x08012626        0x2 
 .rodata.AHBPrescTable
                0x08012628       0x10 ./Core/Src/system_stm32l4xx.o
                0x08012628                AHBPrescTable
 .rodata.APBPrescTable
                0x08012638        0x8 ./Core/Src/system_stm32l4xx.o
                0x08012638                APBPrescTable
 .rodata.MSIRangeTable
                0x08012640       0x30 ./Core/Src/system_stm32l4xx.o
                0x08012640                MSIRangeTable
 .rodata.__assert_func.str1.1
                0x08012670       0x3c C:/ST/STM32CubeIDE_1.13.1/STM32CubeIDE/plugins/com.st.stm32cube.ide.mcu.externaltools.gnu-tools-for-stm32.12.3.rel1.win32_1.0.100.202403111256/tools/bin/../lib/gcc/arm-none-eabi/12.3.1/../../../../arm-none-eabi/lib/thumb/v7e-m+fp/hard\libc_nano.a(libc_a-assert.o)
                                 0x3d (size before relaxing)
 .rodata._vfprintf_r.str1.1
                0x080126ac       0x11 C:/ST/STM32CubeIDE_1.13.1/STM32CubeIDE/plugins/com.st.stm32cube.ide.mcu.externaltools.gnu-tools-for-stm32.12.3.rel1.win32_1.0.100.202403111256/tools/bin/../lib/gcc/arm-none-eabi/12.3.1/../../../../arm-none-eabi/lib/thumb/v7e-m+fp/hard\libc_nano.a(libc_a-nano-vfprintf.o)
 .rodata._printf_i.str1.1
                0x080126bd       0x22 C:/ST/STM32CubeIDE_1.13.1/STM32CubeIDE/plugins/com.st.stm32cube.ide.mcu.externaltools.gnu-tools-for-stm32.12.3.rel1.win32_1.0.100.202403111256/tools/bin/../lib/gcc/arm-none-eabi/12.3.1/../../../../arm-none-eabi/lib/thumb/v7e-m+fp/hard\libc_nano.a(libc_a-nano-vfprintf_i.o)
 .rodata._dtoa_r.str1.1
                0x080126df       0x8f C:/ST/STM32CubeIDE_1.13.1/STM32CubeIDE/plugins/com.st.stm32cube.ide.mcu.externaltools.gnu-tools-for-stm32.12.3.rel1.win32_1.0.100.202403111256/tools/bin/../lib/gcc/arm-none-eabi/12.3.1/../../../../arm-none-eabi/lib/thumb/v7e-m+fp/hard\libc_nano.a(libc_a-dtoa.o)
 .rodata._Balloc.str1.1
                0x0801276e       0x59 C:/ST/STM32CubeIDE_1.13.1/STM32CubeIDE/plugins/com.st.stm32cube.ide.mcu.externaltools.gnu-tools-for-stm32.12.3.rel1.win32_1.0.100.202403111256/tools/bin/../lib/gcc/arm-none-eabi/12.3.1/../../../../arm-none-eabi/lib/thumb/v7e-m+fp/hard\libc_nano.a(libc_a-mprec.o)
                                 0x70 (size before relaxing)
 .rodata.__multadd.str1.1
                0x080127c7       0x11 C:/ST/STM32CubeIDE_1.13.1/STM32CubeIDE/plugins/com.st.stm32cube.ide.mcu.externaltools.gnu-tools-for-stm32.12.3.rel1.win32_1.0.100.202403111256/tools/bin/../lib/gcc/arm-none-eabi/12.3.1/../../../../arm-none-eabi/lib/thumb/v7e-m+fp/hard\libc_nano.a(libc_a-mprec.o)
 *fill*         0x080127c7        0x1 
 .rodata.p05.0  0x080127c8        0xc C:/ST/STM32CubeIDE_1.13.1/STM32CubeIDE/plugins/com.st.stm32cube.ide.mcu.externaltools.gnu-tools-for-stm32.12.3.rel1.win32_1.0.100.202403111256/tools/bin/../lib/gcc/arm-none-eabi/12.3.1/../../../../arm-none-eabi/lib/thumb/v7e-m+fp/hard\libc_nano.a(libc_a-mprec.o)
 *fill*         0x080127d4        0x4 
 .rodata.__mprec_bigtens
                0x080127d8       0x28 C:/ST/STM32CubeIDE_1.13.1/STM32CubeIDE/plugins/com.st.stm32cube.ide.mcu.externaltools.gnu-tools-for-stm32.12.3.rel1.win32_1.0.100.202403111256/tools/bin/../lib/gcc/arm-none-eabi/12.3.1/../../../../arm-none-eabi/lib/thumb/v7e-m+fp/hard\libc_nano.a(libc_a-mprec.o)
                0x080127d8                __mprec_bigtens
 .rodata.__mprec_tens
                0x08012800       0xc8 C:/ST/STM32CubeIDE_1.13.1/STM32CubeIDE/plugins/com.st.stm32cube.ide.mcu.externaltools.gnu-tools-for-stm32.12.3.rel1.win32_1.0.100.202403111256/tools/bin/../lib/gcc/arm-none-eabi/12.3.1/../../../../arm-none-eabi/lib/thumb/v7e-m+fp/hard\libc_nano.a(libc_a-mprec.o)
                0x08012800                __mprec_tens
                0x080128c8                        . = ALIGN (0x4)

.ARM.extab      0x080128c8        0x0
                0x080128c8                        . = ALIGN (0x4)
 *(.ARM.extab* .gnu.linkonce.armextab.*)
                0x080128c8                        . = ALIGN (0x4)

.ARM            0x080128c8        0x8
                0x080128c8                        . = ALIGN (0x4)
                0x080128c8                        __exidx_start = .
 *(.ARM.exidx*)
 .ARM.exidx     0x080128c8        0x8 C:/ST/STM32CubeIDE_1.13.1/STM32CubeIDE/plugins/com.st.stm32cube.ide.mcu.externaltools.gnu-tools-for-stm32.12.3.rel1.win32_1.0.100.202403111256/tools/bin/../lib/gcc/arm-none-eabi/12.3.1/../../../../arm-none-eabi/lib/thumb/v7e-m+fp/hard\libc_nano.a(libc_a-memchr.o)
 .ARM.exidx     0x080128d0        0x0 C:/ST/STM32CubeIDE_1.13.1/STM32CubeIDE/plugins/com.st.stm32cube.ide.mcu.externaltools.gnu-tools-for-stm32.12.3.rel1.win32_1.0.100.202403111256/tools/bin/../lib/gcc/arm-none-eabi/12.3.1/thumb/v7e-m+fp/hard\libgcc.a(_udivmoddi4.o)
                                  0x8 (size before relaxing)
                0x080128d0                        __exidx_end = .
                0x080128d0                        . = ALIGN (0x4)

.preinit_array  0x080128d0        0x0
                0x080128d0                        . = ALIGN (0x4)
                0x080128d0                        PROVIDE (__preinit_array_start = .)
 *(.preinit_array*)
                0x080128d0                        PROVIDE (__preinit_array_end = .)
                0x080128d0                        . = ALIGN (0x4)

.init_array     0x080128d0        0x4
                0x080128d0                        . = ALIGN (0x4)
                0x080128d0                        PROVIDE (__init_array_start = .)
 *(SORT_BY_NAME(.init_array.*))
 *(.init_array*)
 .init_array    0x080128d0        0x4 C:/ST/STM32CubeIDE_1.13.1/STM32CubeIDE/plugins/com.st.stm32cube.ide.mcu.externaltools.gnu-tools-for-stm32.12.3.rel1.win32_1.0.100.202403111256/tools/bin/../lib/gcc/arm-none-eabi/12.3.1/thumb/v7e-m+fp/hard/crtbegin.o
                0x080128d4                        PROVIDE (__init_array_end = .)
                0x080128d4                        . = ALIGN (0x4)

.fini_array     0x080128d4        0x4
                0x080128d4                        . = ALIGN (0x4)
                [!provide]                        PROVIDE (__fini_array_start = .)
 *(SORT_BY_NAME(.fini_array.*))
 *(.fini_array*)
 .fini_array    0x080128d4        0x4 C:/ST/STM32CubeIDE_1.13.1/STM32CubeIDE/plugins/com.st.stm32cube.ide.mcu.externaltools.gnu-tools-for-stm32.12.3.rel1.win32_1.0.100.202403111256/tools/bin/../lib/gcc/arm-none-eabi/12.3.1/thumb/v7e-m+fp/hard/crtbegin.o
                [!provide]                        PROVIDE (__fini_array_end = .)
                0x080128d8                        . = ALIGN (0x4)
                0x080128d8                        _sidata = LOADADDR (.data)

.rel.dyn        0x080128d8        0x0
 .rel.iplt      0x080128d8        0x0 C:/ST/STM32CubeIDE_1.13.1/STM32CubeIDE/plugins/com.st.stm32cube.ide.mcu.externaltools.gnu-tools-for-stm32.12.3.rel1.win32_1.0.100.202403111256/tools/bin/../lib/gcc/arm-none-eabi/12.3.1/thumb/v7e-m+fp/hard/crtbegin.o

.data           0x20000000       0xc4 load address 0x080128d8
                0x20000000                        . = ALIGN (0x4)
                0x20000000                        _sdata = .
 *(.data)
 *(.data*)
 .data.evnames.0
                0x20000000       0x48 ./Core/Src/debug.o
 .data.SystemCoreClock
                0x20000048        0x4 ./Core/Src/system_stm32l4xx.o
                0x20000048                SystemCoreClock
 .data.dev_addr
                0x2000004c        0x1 ./Core/Src/bme680/bme68x_necessary_functions.o
                0x2000004c                dev_addr
 *fill*         0x2000004d        0x3 
 .data.gas_reference
                0x20000050        0x4 ./Core/Src/bme680/bme68x_necessary_functions.o
                0x20000050                gas_reference
 .data.hum_reference
                0x20000054        0x4 ./Core/Src/bme680/bme68x_necessary_functions.o
                0x20000054                hum_reference
 .data.gas_lower_limit
                0x20000058        0x4 ./Core/Src/bme680/bme68x_necessary_functions.o
                0x20000058                gas_lower_limit
 .data.gas_upper_limit
                0x2000005c        0x4 ./Core/Src/bme680/bme68x_necessary_functions.o
                0x2000005c                gas_upper_limit
 .data.uwTickPrio
                0x20000060        0x4 ./Drivers/STM32L4xx_HAL_Driver/Src/stm32l4xx_hal.o
                0x20000060                uwTickPrio
 .data.uwTickFreq
                0x20000064        0x1 ./Drivers/STM32L4xx_HAL_Driver/Src/stm32l4xx_hal.o
                0x20000064                uwTickFreq
 *fill*         0x20000065        0x3 