../Core/Src/debug.c:39:6:debug_init	8	static
../Core/Src/debug.c:49:6:debug_led	16	static
../Core/Src/debug.c:53:6:debug_char	24	static
../Core/Src/debug.c:59:6:debug_hex	16	static
../Core/Src/debug.c:64:6:debug_buf	16	static
../Core/Src/debug.c:73:6:debug_uint	24	static
../Core/Src/debug.c:79:6:debug_int	48	static
../Core/Src/debug.c:86:6:debug_str	16	static
../Core/Src/debug.c:92:6:debug_float2str	128	static
../Core/Src/debug.c:100:6:debug_valfloat	24	static
../Core/Src/debug.c:107:6:debug_val	16	static
../Core/Src/debug.c:114:6:debug_valdec	16	static
../Core/Src/debug.c:121:5:debug_fmt	80	static
../Core/Src/debug.c:145:6:debug_event	16	static
