../Core/Src/main.c:87:6:os_getArtEui	1
../Core/Src/main.c:91:6:os_getDevEui	1
../Core/Src/main.c:95:6:os_getDevKey	1
../Core/Src/main.c:98:6:initsensor	1
../Core/Src/main.c:104:6:initfunc	1
../Core/Src/main.c:123:7:GET_temperature	1
../Core/Src/main.c:137:7:readBoschsensor	3
../Core/Src/main.c:188:6:readsensor	1
../Core/Src/main.c:195:13:reportfunc	1
../Core/Src/main.c:223:13:hellofunc	1
../Core/Src/main.c:236:13:blinkfunc	1
../Core/Src/main.c:248:6:onEvent	18
../Core/Src/main.c:323:5:main	1
../Core/Src/main.c:394:6:SystemClock_Config	4
../Core/Src/main.c:447:6:Error_Handler	1
