../Core/Src/main.c:84:6:os_getArtEui	1
../Core/Src/main.c:88:6:os_getDevEui	1
../Core/Src/main.c:92:6:os_getDevKey	1
../Core/Src/main.c:95:6:initsensor	1
../Core/Src/main.c:99:6:initfunc	1
../Core/Src/main.c:109:10:get_ADC_value	1
../Core/Src/main.c:118:7:GET_temperature	1
../Core/Src/main.c:131:7:readtemperaturesensor	1
../Core/Src/main.c:150:6:readsensor	1
../Core/Src/main.c:157:13:reportfunc	1
../Core/Src/main.c:185:13:hellofunc	1
../Core/Src/main.c:198:13:blinkfunc	1
../Core/Src/main.c:210:6:onEvent	18
../Core/Src/main.c:285:5:main	1
../Core/Src/main.c:347:6:SystemClock_Config	4
../Core/Src/main.c:400:6:Error_Handler	1
