../Core/Src/main.c:87:6:os_getArtEui	16	static
../Core/Src/main.c:91:6:os_getDevEui	16	static
../Core/Src/main.c:95:6:os_getDevKey	24	static
../Core/Src/main.c:98:6:initsensor	8	static
../Core/Src/main.c:104:6:initfunc	16	static
../Core/Src/main.c:123:7:GET_temperature	32	static
../Core/Src/main.c:137:7:readBoschsensor	200	static
../Core/Src/main.c:188:6:readsensor	16	static
../Core/Src/main.c:195:13:reportfunc	64	static
../Core/Src/main.c:223:13:hellofunc	16	static
../Core/Src/main.c:236:13:blinkfunc	16	static
../Core/Src/main.c:248:6:onEvent	16	static
../Core/Src/main.c:323:5:main	24	static
../Core/Src/main.c:394:6:SystemClock_Config	96	static
../Core/Src/main.c:447:6:Error_Handler	4	static,ignoring_inline_asm
